04-08 17:51:20.841  6897  6990 D BluetoothAdapter: appoCount is = 0
04-08 17:51:20.842  2653  2757 D InputReader: Input event(1): value=1 when=227295610495000
04-08 17:51:20.842  6897  6990 D BluetoothAdapter: STATE_BLE_ON
04-08 17:51:20.842  2653  2757 D InputReader: Input event(1): value=1 when=227295610495000
04-08 17:51:20.842  2653  2757 I InputReader: Touch event's action is 0x0 (deviceType=0) [pCnt=1, s=0.2291 ] when=227295610495000
04-08 17:51:20.842  2653  2756 I InputDispatcher: Delivering touch to (2919): action: 0x0, toolType: 1
04-08 17:51:20.842  6897  6990 D BluetoothAdapter: STATE_BLE_ON
04-08 17:51:20.842  2919  2919 D ViewRootImpl@638eea0[StatusBar]: ViewPostImeInputStage processPointer 0
04-08 17:51:20.848  6897  6990 D BluetoothAdapter: appoCount is = 0
04-08 17:51:20.851  6897  6990 D BluetoothAdapter: STATE_BLE_ON
04-08 17:51:20.854  6897  6990 D BluetoothAdapter: STATE_BLE_ON
04-08 17:51:20.855  6897  6990 D BluetoothAdapter: appoCount is = 0
04-08 17:51:20.856  6897  6990 E BtGatt.ScanManager: default value of curScanSetting 0 is choosen
04-08 17:51:20.856  6897  6990 D BtGatt.ScanManager: configureRegularScanParams() [LCD ON] scan param set to 256 / 4992 (units)
04-08 17:51:20.856  6897  7011 D bt_upio : upio_set : pio 0 action 2, polarity 1
04-08 17:51:20.857  6897  6961 D BtGatt.GattService: onScanParamSetupCompleted() status=0, clientIf=4
04-08 17:51:20.857  6897  6961 D BtGatt.GattService: onScanParamSetupCompleted : 0
04-08 17:51:20.876  6897  7011 D bt_upio : upio_set : pio 0 action 2, polarity 1
04-08 17:51:20.877  6897  7011 D bt_upio : BT_WAKE is asserted already
04-08 17:51:20.891  6897  7011 D bt_upio : upio_set : pio 0 action 2, polarity 1
04-08 17:51:20.892  6897  7011 D bt_upio : BT_WAKE is asserted already
04-08 17:51:20.895  6897  7011 D bt_upio : upio_set : pio 0 action 2, polarity 1
04-08 17:51:20.895  6897  7011 D bt_upio : BT_WAKE is asserted already
04-08 17:51:20.899  6897  7011 D bt_upio : upio_set : pio 0 action 2, polarity 1
04-08 17:51:20.899  6897  7011 D bt_upio : BT_WAKE is asserted already
04-08 17:51:20.900  6897  7011 D bt_upio : upio_set : pio 0 action 2, polarity 1
04-08 17:51:20.900  6897  7011 D bt_upio : BT_WAKE is asserted already
04-08 17:51:20.955  2653  2757 D InputReader: Input event(1): value=0 when=227295723689000
04-08 17:51:20.955  2653  2757 D InputReader: Input event(1): value=0 when=227295723689000
04-08 17:51:20.955  2653  2757 I InputReader: Touch event's action is 0x1 (deviceType=0) [pCnt=1, s=] when=227295723689000
04-08 17:51:20.955  2653  2756 I InputDispatcher: Delivering touch to (2919): action: 0x1, toolType: 1
04-08 17:51:20.956  2919  2919 D ViewRootImpl@638eea0[StatusBar]: ViewPostImeInputStage processPointer 1
04-08 17:51:20.957  2919  2919 D SwipeDoorsillDetector: ACTION_UP (T/D/R)16/483.66207211233757/288
04-08 17:51:20.958  2919  2919 D SwipeDoorsillDetector: mIsMultiTouch:false, mUnlockExecuted:false, mStartX:302.57974, mStartY:1048.1812, isDeviceInteractive:true
04-08 17:51:20.959  2919  2919 D SwipeDoorsillDetector: unlockExecute()
04-08 17:51:20.959  2919  2919 D KeyguardWallpaperController: onUnlock()
04-08 17:51:20.959  2919  2919 D PhoneStatusBar: makeExpandedInvisible: mExpandedVisible=true
04-08 17:51:20.963  2919  2919 I StatusBarWindowManager: isExpanded:true, true, true, false, false, false
04-08 17:51:20.963  2919  2919 I StatusBarWindowManager: applyHeight:-1
04-08 17:51:20.963  2919  2919 I StatusBarWindowManager: isExpanded:true, true, true, false, false, false
04-08 17:51:20.965  2919  3111 D Tile.RotationLockTile: onRotationLockStateChanged false
04-08 17:51:20.969  2919  3111 D Tile.RotationLockTile:  handleUpdateState: true orientation = true
04-08 17:51:20.969  2919  3111 D FlashlightController: updateTorchCallback for mCameraId 0
04-08 17:51:20.977  2919  3111 D Tile.AirplaneModeTile: # of NON-poweroff( in servicestate) : 2
04-08 17:51:20.977  2919  3111 D Tile.AirplaneModeTile:  handleUpdateState:  value false  state.dim false
04-08 17:51:20.978  2919  2919 I StatusBarWindowManager: isExpanded:true, true, false, false, false, false
04-08 17:51:20.978  2919  2919 I StatusBarWindowManager: applyHeight:-1
04-08 17:51:20.978  2919  2919 I StatusBarWindowManager: isExpanded:true, true, false, false, false, false
04-08 17:51:20.978  2919  2919 I StatusBarWindowManager: isExpanded:true, true, false, false, false, false
04-08 17:51:20.978  2919  2919 I StatusBarWindowManager: applyHeight:-1
04-08 17:51:20.978  2919  2919 I StatusBarWindowManager: isExpanded:true, true, false, false, false, false
04-08 17:51:20.979  2653  2791 I SemPersonaManager: mKnoxInfo is empty
04-08 17:51:20.979  2919  2919 D KeyguardSecurityView: showNextSecurityScreenOrFinish(false)
04-08 17:51:20.981  2919  3111 D Tile.RotationLockTile:  handleUpdateState: true orientation = true
04-08 17:51:20.984  2919  2919 D KeyguardViewMediator: keyguardDone(true)
04-08 17:51:20.989  2919  2919 D PhoneStatusBar: disable: < expand ICONS alerts SYSTEM_INFO back HOME RECENT clock SEARCH quick_settings >
04-08 17:51:20.989  2919  2919 D SwipeDoorsillDetector: Multi touchfalse
04-08 17:51:20.997  2919  2919 D KeyguardViewMediator: handleKeyguardDone
04-08 17:51:21.012  2919  2919 D KeyguardViewMediator: handleHide
04-08 17:51:21.012  2919  2919 D KeyguardViewMediator: keyguardGoingAway
04-08 17:51:21.024  2653 22159 I BarTender:BatteryStatsDumper: writing to daily db completed
04-08 17:51:21.036  2653 22159 I BarTender:BatteryStatsDumper: writing to weekly db completed
04-08 17:51:21.037  2653 22159 I BarTender:BatteryStatsDumper: refreshstats completed
04-08 17:51:21.037  2653 22159 I BarTender:GATHERERBATTSTATS: set - time:1523190081037
04-08 17:51:21.037  2653 22159 I BarTender:ANALYZERBATTSTATS: Observer from Gatherer - time:1523190081037
04-08 17:51:21.037  2653  2745 I BarTender:ANALYZERBATTSTATS: MSG_TYPE_BARTENDER_CHECK_POWER::
04-08 17:51:21.038  2653  2745 I BarTender:BatteryStatsDBHelper: checkForPowerThreshold called : 1523190081037
04-08 17:51:21.047 20103 20103 D SensorManager: registerListener :: 0, 66667, 0,  
04-08 17:51:21.055 20103 20103 D InCallManager: onResume()
04-08 17:51:21.055  2919  2919 D QuickStatusBarHeader: MoreButtonBadge visible: true
04-08 17:51:21.057  2919  2919 D QuickStatusBarHeader: MoreButtonBadge visible: true
04-08 17:51:21.058  2919  2919 D KeyguardViewMediator: handleStartKeyguardExitAnimation startTime=227295795 fadeoutDuration=400
04-08 17:51:21.058  2919  2919 D KeyguardUpdateMonitor: setUnlockingKeyguard( true )
04-08 17:51:21.062  2919  2919 D PhoneStatusBar: disable: < expand icons* alerts system_info* back HOME RECENT clock SEARCH quick_settings >
04-08 17:51:21.062  2919  2919 D PhoneStatusBar: setBarState: KGRD -> SHD
04-08 17:51:21.063  2653  4065 I Sensors : ProximitySensor:enable: handle 3, en 0, old_en 1
04-08 17:51:21.065  2919  2919 D SensorManager: unregisterListener ::   
04-08 17:51:21.065  2919  2919 I StatusBarWindowManager: isExpanded:true, true, false, false, false, false
04-08 17:51:21.065  2919  2919 I StatusBarWindowManager: applyHeight:-1
04-08 17:51:21.065  2919  2919 I StatusBarWindowManager: isExpanded:true, true, false, false, false, false
04-08 17:51:21.078  2919  2919 I StatusBarWindowManager: isExpanded:true, true, false, true, false, false
04-08 17:51:21.078  2919  2919 I StatusBarWindowManager: applyHeight:-1
04-08 17:51:21.078  2919  2919 I StatusBarWindowManager: isExpanded:true, true, false, true, false, false
04-08 17:51:21.078  2919  2919 D KeyguardWallpaperController: mShowing=false, mOccluded=false, mFadingAway=false, match_parent=true
04-08 17:51:21.078  2919  2919 D WallpaperViewController: mWallpaperView.onPause()
04-08 17:51:21.078  2919  2919 I StatusBarWindowManager: isExpanded:true, false, false, true, false, false
04-08 17:51:21.078  2919  2919 I StatusBarWindowManager: applyHeight:-1
04-08 17:51:21.078  2919  2919 I StatusBarWindowManager: isExpanded:true, false, false, true, false, false
04-08 17:51:21.082  2919  2919 D KeyguardUpdateMonitor: onKeyguardVisibilityChanged(false)
04-08 17:51:21.082  2919  2919 D ServiceBoxPageResetTimer: cancelTimer() ServiceBoxPageResetTimer[F=true, ks=false, st=true, sb=false, b=false, c=false, ko=false, n=falsem=false]
04-08 17:51:21.084  2919  2919 D KeyguardFingerPrint: shouldListenForFingerprint ( mKeyguardIsVisible = false , mDeviceInteractive = true , mBouncer = false , mGoingToSleep = false , mSwitchingUser = false , mFingerprintAlreadyAuthenticated = false , isFingerprintDisabled = false
04-08 17:51:21.084  2919  2919 E KeyguardFingerPrint: updateFingerprintListeningState#mFingerprintRunningState = 0
04-08 17:51:21.084  2919  2919 D KeyguardUpdateMonitor: sendKeyguardStateUpdated(false, false, false)
04-08 17:51:21.085  2919  2919 D KeyguardViewMediator: adjustStatusBarLocked: mShowing=false mOccluded=false isSecure=false --> flags=0x0
04-08 17:51:21.089  2653 19371 D LockSettings: reportUnlock()
04-08 17:51:21.089  2653 19371 W AlarmManager: Unrecognized alarm listener com.android.server.LockSettingsStrongAuth$2@8e9057f
04-08 17:51:21.090  2919  2919 D KeyguardFingerPrint: setDisableBIOMETRICBySecurityDialog( false )
04-08 17:51:21.090  2919  2919 D PhoneStatusBar: makeExpandedInvisible: mExpandedVisible=false
04-08 17:51:21.090  2919  2919 D PhoneStatusBar: makeExpandedInvisible:false, false
04-08 17:51:21.094 20103 20103 D ViewRootImpl@c782998[MainActivity]: Relayout returned: oldFrame=[0,0][720,1280] newFrame=[0,0][720,1280] result=0x1 surface={isValid=true -1710796800} surfaceGenerationChanged=false
04-08 17:51:21.094  2653  2653 D EdmStorageProvider: getCount(ClientCertificateManagerTable) - 0
04-08 17:51:21.097  3957  3957 I IconView: applyFromShortcutInfo - start GetLive : com.samsung.android.calendar
04-08 17:51:21.097  3957  3957 I IconView: applyFromShortcutInfo - end GetLive : com.samsung.android.calendar
04-08 17:51:21.097  2653  2653 D UniversalCredentialManagerService: inside mBReciever onReceive : android.intent.action.USER_PRESENT
04-08 17:51:21.103  2653 12546 D SecContentProvider: query(), uri = 16 selection = isLockScreenEnabled
04-08 17:51:21.104  3957  4512 E ApplicationPackageManager: checkSettingsForIconTray value : 0
04-08 17:51:21.106  2919  3111 D Tile.RotationLockTile:  handleUpdateState: true orientation = true
04-08 17:51:21.107  2919  3111 D FlashlightController: updateTorchCallback for mCameraId 0
04-08 17:51:21.107  2919 22163 E KnoxStateMonitor: unlockSdp :: Failed to unlock sdp engine... 
04-08 17:51:21.107  2919 22163 W System.err: java.lang.NullPointerException: Attempt to invoke virtual method 'boolean com.android.server.SdpServiceKeeper.isLicensed(android.content.Context, int, int)' on a null object reference
04-08 17:51:21.107  2919 22163 W System.err: 	at android.os.Parcel.readException(Parcel.java:1710)
04-08 17:51:21.108  2919 22163 W System.err: 	at android.os.Parcel.readException(Parcel.java:1654)
04-08 17:51:21.108  2919 22163 W System.err: 	at android.os.ISdpManagerService$Stub$Proxy.isLicensed(ISdpManagerService.java:619)
04-08 17:51:21.108  5856  5856 I SKBD    : aez showDlgMsgBoxOriginal: false true true
04-08 17:51:21.108  2919 22163 W System.err: 	at com.samsung.android.knox.sdp.SdpUtil.enforcePermission(SdpUtil.java:422)
04-08 17:51:21.108  2919 22163 W System.err: 	at com.samsung.android.knox.sdp.SdpUtil.getEngineInfo(SdpUtil.java:73)
04-08 17:51:21.108  2919 22163 W System.err: 	at com.android.keyguard.KnoxStateMonitor$4.run(KnoxStateMonitor.java:2466)
04-08 17:51:21.108  2919 22163 W System.err: 	at java.lang.Thread.run(Thread.java:762)
04-08 17:51:21.111  3957  4512 D ApplicationPackageManager: we has com.samsung.android.calendar class. reuse it 
04-08 17:51:21.115  2653 19373 D InputDispatcher: Focus left window: 2919
04-08 17:51:21.115  2653 19373 D InputDispatcher: Focus entered window: 20103
04-08 17:51:21.116 15492 15492 I ProximitySDK: Reading Proximity Configuration class com.makemytrip.ProximityConfiguration
04-08 17:51:21.117  2919  2919 D ViewRootImpl@638eea0[StatusBar]: Relayout returned: oldFrame=[0,0][720,1280] newFrame=[0,0][720,1280] result=0x1 surface={isValid=true -1992296448} surfaceGenerationChanged=false
04-08 17:51:21.118 15492 15492 I ProximitySDK: Defaulting persisted config.
04-08 17:51:21.118 15492 15492 I ProximitySDK: ConfigurationHandler: Reading Proximity Configuration class com.makemytrip.ProximityConfiguration
04-08 17:51:21.120  2919  2919 W View    : requestLayout() improperly called by android.widget.TextView{4aa1f91 V.ED..... ......ID 0,1220-720,1280 #7f13046b app:id/notification_panel_carrier_label} during layout: running second layout pass
04-08 17:51:21.120  2919  2919 I ViewRootImpl@638eea0[StatusBar]: requestLayout is already in process
04-08 17:51:21.120 15492 15492 I ProximitySDK: Defaulting persisted server config.
04-08 17:51:21.122 15492 15492 I ProximitySDK: Defaulting persisted runtime config.
04-08 17:51:21.122 15492 15492 I ProximitySDK: ProximityServiceManager - SERVICE_AUTO_START disabled
04-08 17:51:21.133  2124  2124 D SurfaceFlinger:   Display[0] configurations (* current):
04-08 17:51:21.133  2124  2124 D SurfaceFlinger:     * 0: 720x1280, xdpi=294.967010, ydpi=306.716003, refresh=16666666
04-08 17:51:21.133  2124  2124 D SurfaceFlinger:   numHwLayers=3, flags=00000000
04-08 17:51:21.133  2124  2124 D SurfaceFlinger:     type   |  handle  | hint | flag | tr | blnd |   format    |     source crop (l,t,r,b)      |          frame         | name 
04-08 17:51:21.133  2124  2124 D SurfaceFlinger: -----------+----------+------+------+----+------+-------------+--------------------------------+------------------------+------
04-08 17:51:21.133  2124  2124 D SurfaceFlinger:       GLES | ad1990a0 | 0000 | 0020 | 00 | 0105 | RGBA_8888   |  146.0,  259.0,  574.0, 1020.0 |    0,    0,  720, 1279 | com.mydocdbs/com.mydocdbs.MainActivity
04-08 17:51:21.133  2124  2124 D SurfaceFlinger:        HWC | ad199140 | 0000 | 0000 | 00 | 0105 | RGBA_8888   |    0.0,    0.0,  720.0, 1280.0 |    0,    0,  720, 1280 | StatusBar
04-08 17:51:21.133  2124  2124 D SurfaceFlinger:  FB TARGET | ad7343c0 | 0000 | 0000 | 00 | 0105 | RGBA_8888   |    0.0,    0.0,  720.0, 1280.0 |    0,    0,  720, 1280 | HWC_FRAMEBUFFER_TARGET
04-08 17:51:21.136  2653  2653 D KnoxVpnEngineService: Vpn Receiver : android.intent.action.USER_PRESENT
04-08 17:51:21.136  2653  2653 I WifiStateMachine: handle the actions related to mScreenOn : android.intent.action.USER_PRESENT
04-08 17:51:21.136  2653  2779 I KnoxVpnEngineService: vpn handle : Message received
04-08 17:51:21.140 20103 20103 D ViewRootImpl@c782998[MainActivity]: MSG_WINDOW_FOCUS_CHANGED 1
04-08 17:51:21.141  2653  2653 D UniversalCredentialManagerService: ****MSG_LOCK_STATUS_UPDATE block started****
04-08 17:51:21.141  2653  2653 D UniversalCredentialManagerService: notifyChangeToPlugin is called for Lock status update...
04-08 17:51:21.141 20103 20103 D ViewRootImpl@c782998[MainActivity]: mHardwareRenderer.initializeIfNeeded()#2 mSurface={isValid=true -1710796800}
04-08 17:51:21.141  2653  2653 D UcmService: notifyChangeToPlugin event 16
04-08 17:51:21.141  2653  2653 D UcmService: checkCallerPermissionFor is called for method-notifyChangeToPlugin
04-08 17:51:21.141  2653  2653 D UniversalCredentialManagerService: ****MSG_LOCK_STATUS_UPDATE block ended****
04-08 17:51:21.143 20103 20103 V InputMethodManager: Starting input: tba=android.view.inputmethod.EditorInfo@e92116a nm : com.mydocdbs ic=null
04-08 17:51:21.143 20103 20103 I InputMethodManager: startInputInner - mService.startInputOrWindowGainedFocus
04-08 17:51:21.144  2919  3111 D Tile.AirplaneModeTile: # of NON-poweroff( in servicestate) : 2
04-08 17:51:21.144  2919  3111 D Tile.AirplaneModeTile:  handleUpdateState:  value false  state.dim false
04-08 17:51:21.155  2653  3425 D InputMethodManagerService: windowGainedFocus : mCurrentFocusedUserId - 0 and mSecureKeypadEnabled-false
04-08 17:51:21.156  2653  3425 W InputMethodManagerService: Window already focused, ignoring focus gain of: com.android.internal.view.IInputMethodClient$Stub$Proxy@c4d3f03 attribute=android.view.inputmethod.EditorInfo@568ee80, token = android.os.BinderProxy@cde68f2
04-08 17:51:21.156  2653  3425 D InputMethodManagerService: setCurrentInputInfo - inputContext : null eidtorInfo : android.view.inputmethod.EditorInfo@568ee80 missingMethods : 0
04-08 17:51:21.156  2653  3425 D InputTransport: Input channel constructed: fd=351
04-08 17:51:21.156  2653  3425 D InputTransport: Input channel destroyed: fd=351
04-08 17:51:21.157 20103 20103 D InputTransport: Input channel constructed: fd=170
04-08 17:51:21.157 20103 20103 D InputTransport: Input channel destroyed: fd=147
04-08 17:51:21.158  3957  4512 I ApplicationPackageManager: load= live icon for com.samsung.android.calendar, from overlay = false
04-08 17:51:21.160  5856  5856 I SKBD    : SamsungKeypad [IMI] onStartInput - caller pid : 20103, caller uid : 10246
04-08 17:51:21.163  3957  4512 I LiveIconFactory: onFutureDone: done: com.samsung.android.calendar,UserHandle{0}
04-08 17:51:21.163  3957  4512 D LiveIconManager: onResponseLiveIcon: 
04-08 17:51:21.167  2653  2669 I SemPersonaManager: mKnoxInfo is empty
04-08 17:51:21.168  2919  2919 D QuickStatusBarHeader: MoreButtonBadge visible: false
04-08 17:51:21.175  2919  5191 D SamsungAnalytics: [DLC Sender] send result success : 0
04-08 17:51:21.183  2653  4063 I SemPersonaManager: mKnoxInfo is empty
04-08 17:51:21.188  2919  2919 D QuickStatusBarHeader: MoreButtonBadge visible: false
04-08 17:51:21.188  2919  2919 D KeyguardUpdateMonitor: handleKeyguardStateUpdated(Bundle[{timeStamp=1523190081084, occluded=false, bouncerShowing=false, showing=false}])
04-08 17:51:21.189  2919  2919 D PhoneStatusBar: disable: < expand icons alerts system_info back home* recent* clock search* quick_settings >
04-08 17:51:21.189  2919  2919 D vol.SecVolumeDialog: mBroadcastReceiver : dismiss mLockScreenDialog()
04-08 17:51:21.192  2919 22165 D KeyguardUpdateMonitor: broadcasted intent= Intent { act=com.samsung.keyguard.KEYGUARD_STATE_UPDATE launchParam=MultiScreenLaunchParams { mDisplayId=0 mBaseDisplayId=0 mFlags=0 } (has extras) }
04-08 17:51:21.195  2919  2919 I KeyguardServiceBoxContainer: onReceive : android.intent.action.USER_PRESENT
04-08 17:51:21.195  2919  2919 I KeyguardServiceBoxContainer: Go to the clock page due to unlocking
04-08 17:51:21.200  2919  2919 D ViewRootImpl@638eea0[StatusBar]: MSG_WINDOW_FOCUS_CHANGED 0
04-08 17:51:21.205  2919  2919 I StatusBarWindowManager: isExpanded:true, false, false, false, false, false
04-08 17:51:21.205  2919  2919 I StatusBarWindowManager: applyHeight:48
04-08 17:51:21.205  2919  2919 I StatusBarWindowManager: isExpanded:true, false, false, false, false, false
04-08 17:51:21.211  2919  2919 D KeyguardWallpaperController: mShowing=false, mOccluded=false, mFadingAway=false, match_parent=true
04-08 17:51:21.214  2919  2919 I StatusBarWindowManager: isExpanded:true, false, false, false, false, false
04-08 17:51:21.214  2919  2919 I StatusBarWindowManager: applyHeight:48
04-08 17:51:21.214  2919  2919 I StatusBarWindowManager: isExpanded:true, false, false, false, false, false
04-08 17:51:21.235  2919  2919 D ViewRootImpl@638eea0[StatusBar]: Relayout returned: oldFrame=[0,0][720,1280] newFrame=[0,0][720,48] result=0x21 surface={isValid=true -1992296448} surfaceGenerationChanged=false
04-08 17:51:21.236  2919  2919 D ViewRootImpl@638eea0[StatusBar]: mHardwareRenderer.updateSurface() mSurface={isValid=true -1992296448}
04-08 17:51:21.238  2919  2919 D KeyguardWallpaperController: onLayoutChange() v: com.android.systemui.statusbar.BackDropView{404bfcb I.E...... ......ID 0,0-720,48 #7f130485 app:id/backdrop}, bottom : 48, oldBottom : 1280
04-08 17:51:21.238  2919  2919 D KeyguardWallpaperController: mShowing=false, mOccluded=false, mFadingAway=false, match_parent=false
04-08 17:51:21.243  2653 12546 I SemPersonaManager: mKnoxInfo is empty
04-08 17:51:21.246  2653  2670 I SemPersonaManager: mKnoxInfo is empty
04-08 17:51:21.256  2919  3028 D mali_winsys: EGLint new_window_surface(egl_winsys_display*, void*, EGLSurface, EGLConfig, egl_winsys_surface**, egl_color_buffer_format*, EGLBoolean) returns 0x3000,  [720x48]-format:1
04-08 17:51:21.263  2653  3329 I SemPersonaManager: mKnoxInfo is empty
04-08 17:51:21.267  2653  2663 I art     : Background sticky concurrent mark sweep GC freed 174038(9MB) AllocSpace objects, 72(3MB) LOS objects, 22% free, 46MB/59MB, paused 6.614ms total 283.129ms
04-08 17:51:21.281  2653  4068 I SemPersonaManager: mKnoxInfo is empty
04-08 17:51:21.312  2653  4067 I SemPersonaManager: mKnoxInfo is empty
04-08 17:51:21.319  2653  3328 I SemPersonaManager: mKnoxInfo is empty
04-08 17:51:21.326 30159 22175 I GameDetectorService: Presence monitor active
04-08 17:51:21.326  3789 28411 I CastDatabase: Opening the database
04-08 17:51:21.326 30159 22175 E GameDetectorService: quitting game detector because not signed in
04-08 17:51:21.340  2653  3427 I SemPersonaManager: mKnoxInfo is empty
04-08 17:51:21.355  3789 28411 I SQLiteCastStore: 0 CastNetworkInfo instances loaded, 0 CastDeviceInfo instances loaded, 0 paired guest mode devices loaded.
04-08 17:51:21.356  2653  4067 D WifiScanController: isNLPPackage:com.google.android.gms, true
04-08 17:51:21.357  3789  3789 I DiscoveryManager: WifiGuestModeDeviceScanner enabled.
04-08 17:51:21.359  2653  2845 E WifiWatchdogStateMachine: Unhandled message { when=0 what=135229 target=com.android.internal.util.StateMachine$SmHandler } in state ValidNonSwitchableState
04-08 17:51:21.359 28809 28809 I wpa_supplicant: wlan0: Setting scan request: 0 sec 0 usec
04-08 17:51:21.359 28809 28809 I wpa_supplicant: P2P: Current p2p state = IDLE
04-08 17:51:21.371 28809 28809 I wpa_supplicant: Scan requested (ret=0) - scan timeout 30 seconds
04-08 17:51:21.377  2653  2653 D WifiTrafficPoller: notifyOnDataActivity() - mBusMaxLock.acquire()
04-08 17:51:21.396  2653  2791 I SemPersonaManager: mKnoxInfo is empty
04-08 17:51:21.403  2653  4064 D PackageManager: setEnabledSetting : userId = 0 packageName = com.instagram.android cmp = com.instagram.push.fbns.FbnsInitBroadcastReceiver newState = 1 callingPackage = 10179/com.instagram.android
04-08 17:51:21.409  2653  2670 I SemPersonaManager: mKnoxInfo is empty
04-08 17:51:21.414  2653 12546 I SemPersonaManager: mKnoxInfo is empty
04-08 17:51:21.425  2653  4066 D PackageManager: setEnabledSetting : userId = 0 packageName = com.instagram.android cmp = com.facebook.rti.push.service.FbnsService newState = 2 callingPackage = 10179/com.instagram.android
04-08 17:51:21.434  2653 19368 I SemPersonaManager: mKnoxInfo is empty
04-08 17:51:21.513  2124  2124 I display : [PrimaryDisplay] [DYNAMIC_RECOMP] HWC_2_GLES by low FPS(4)
04-08 17:51:21.530  2124  2124 I display : [PrimaryDisplay] [DYNAMIC_RECOMP] first frame after HWC_2_GLES
04-08 17:51:21.530  2124  2124 I display : [PrimaryDisplay] [DYNAMIC_RECOMP] GLES_2_HWC by high FPS(5)
04-08 17:51:21.556  2653  4063 I SemPersonaManager: mKnoxInfo is empty
04-08 17:51:21.564  2653  3427 I SemPersonaManager: mKnoxInfo is empty
04-08 17:51:21.569  2653  4065 I SemPersonaManager: mKnoxInfo is empty
04-08 17:51:21.570  2653  4067 I SemPersonaManager: mKnoxInfo is empty
04-08 17:51:21.679  2653  2670 I SemPersonaManager: mKnoxInfo is empty
04-08 17:51:21.692  2653 12548 I SemPersonaManager: mKnoxInfo is empty
04-08 17:51:22.192 28809 28809 I wpa_supplicant: nl80211: Received scan results (6 BSSes)
04-08 17:51:22.192  2155  2696 D Netd    : Iface wlan0 link up
04-08 17:51:22.194  2653  2708 D Tethering: interfaceLinkStateChanged wlan0, true
04-08 17:51:22.194  2653  2708 D Tethering: interfaceStatusChanged wlan0, true
04-08 17:51:22.195  3299  3312 D EPDG -- [NETMGMT]: Interface wlan0 link up
04-08 17:51:22.195  3299  3319 D EPDG -- [EPDGService]: Interface wlan0 link up
04-08 17:51:22.196  3299  3319 D EPDG -- [EPDGService]: mobileIntfPrefix is rmnet
04-08 17:51:22.196  3299  3319 D EPDG -- [EPDGService]: Not Mobile Interface. Ignoring Interface State Change Event
04-08 17:51:22.212  2653  2653 D WifiDefaultApController: checkDefaultAptoCopy: mNeedtoAddVendorAp( REQUEST_FROM_REBOOT ) general info file exists? ( false )
04-08 17:51:22.215  2653  3341 D TelephonyManager: getCellLocation : Caller (PID / UID / TID): 2653 / 1000 / 3341
04-08 17:51:22.222 10505 10505 E NEDI:RECEIVER_SCAN: Received Intent of SCAN_RESULTS
04-08 17:51:22.222 10505 10505 W NEDI:RECEIVER_SCAN: Received WiFi Scanned Results
04-08 17:51:22.224  2653  4060 I SemPersonaManager: mKnoxInfo is empty
04-08 17:51:22.232 10505 10505 I NEDI:TASK_WIFI_SCAN: Task Started: WIFI_SCANNED (ServiceID=1, Action=2) (+)
04-08 17:51:22.233 10505 10505 V NEDI:WIFI_UTIL_ACT: Set Scanned WiFi-Receiver Enabled (false)
04-08 17:51:22.234  2653  2670 D PackageManager: setEnabledSetting : userId = 0 packageName = com.samsung.android.networkdiagnostic cmp = com.samsung.android.networkdiagnostic.receiver.ScannedWifiReceiver newState = 2 callingPackage = 5017/com.samsung.android.networkdiagnostic
04-08 17:51:22.237 10505 22182 W NEDI:CONFIGURE: Activation Check: StateMachine [Current=5, Enabled=true]
04-08 17:51:22.237 10505 22182 W NEDI:CONFIGURE: Activation Check: Country [Subscription=in,in, Registered=in,in, Matched=true]
04-08 17:51:22.238 10505 22182 V NEDI:POLICY_UTIL: Get Operator Numeric = 40456
04-08 17:51:22.240 10505 22182 V NEDI:POLICY_UTIL: Get WiFi Scan Type = 1 [0: Connected WiFi, 1: Scanned WiFi+]
04-08 17:51:22.242 10505 22182 W NEDI:TASK_WIFI_SCAN: Put Scanned WiFi: Illegal ScanResult, Empty
04-08 17:51:22.243 15750 15750 D JIONET_TAG1: Remove notification called
04-08 17:51:22.244  2653  2814 D LocationManagerService: getLastLocation: Request[POWER_NONE passive fastest=0 num=1]
04-08 17:51:22.245 10505 22182 W NEDI:TASK_WIFI_SCAN: Updated Location Feasibility Check Failure (WiFi Collection)
04-08 17:51:22.245 15750 15750 D Wifi Util: Not bound to any network, would not attempt to clear binding
04-08 17:51:22.245 10505 10505 V NEDI:WIFI_UTIL_ACT: Set Scanned WiFi-Receiver Enabled (true)
04-08 17:51:22.246  2653  4066 D PackageManager: setEnabledSetting : userId = 0 packageName = com.samsung.android.networkdiagnostic cmp = com.samsung.android.networkdiagnostic.receiver.ScannedWifiReceiver newState = 1 callingPackage = 5017/com.samsung.android.networkdiagnostic
04-08 17:51:22.251 10505 10505 I NEDI:TASK_WIFI_SCAN: Destroy Task: Gather Connected WiFi (-)
04-08 17:51:22.261 15750 15750 D NetConBroadcastReceiver: inside onRecieve NetworkConnectionBroadcastReceiver  MappServer URL Address
04-08 17:51:22.263 15750 15750 D Wifi Util: Not bound to any network, would not attempt to clear binding
04-08 17:51:22.381  2653  2653 D WifiTrafficPoller: notifyOnDataActivity() - mBusMaxLock.acquire()
04-08 17:51:22.400  6897  7011 D bt_upio : upio_set : pio 0 action 1, polarity 1
04-08 17:51:22.416  2124  2124 I display : [PrimaryDisplay] [DYNAMIC_RECOMP] HWC_2_GLES by low FPS(3)
04-08 17:51:22.671  2155  2699 D EnterpriseController: netId is 0
04-08 17:51:22.671  2155  2699 D DnsProxyListener: DNSDBG::dns addrinfo af 2
04-08 17:51:23.384  2653  2653 D WifiTrafficPoller: notifyOnDataActivity() - mBusMaxLock.acquire()
04-08 17:51:23.420  2124  2124 I display : [PrimaryDisplay] [DYNAMIC_RECOMP] first frame after HWC_2_GLES
04-08 17:51:23.420  2124  2124 I display : [PrimaryDisplay] [DYNAMIC_RECOMP] GLES_2_HWC by high FPS(5)
04-08 17:51:23.735  2124 22146 I display : [PrimaryDisplay] [DYNAMIC_RECOMP] HWC_2_GLES by low FPS(0)
04-08 17:51:23.930 20103 20103 D ReactNative: ReactInstanceManager.onReloadWithJSDebugger()
04-08 17:51:23.932 20103 20103 D ReactNative: ReactInstanceManager.recreateReactContextInBackground()
04-08 17:51:23.933 20103 20103 D ReactNative: ReactInstanceManager.runCreateReactContextOnNewThread()
04-08 17:51:23.933 20103 20103 D ReactNative: ReactInstanceManager.tearDownReactContext()
04-08 17:51:23.933 20103 20103 D InCallManager: onPause()
04-08 17:51:23.955 20103 20103 D ReactNative: CatalystInstanceImpl.destroy() start
04-08 17:51:23.955 20103 20103 W unknown:ReactNative: Packager connection already open, nooping.
04-08 17:51:23.959 20103 22083 D ReactNative: CatalystInstanceImpl.destroy() end
04-08 17:51:23.963 20103 20103 D ViewRootImpl@99f63c2[PopupWindow:73512a4]: ThreadedRenderer.create() translucent=true
04-08 17:51:23.965  2653  4060 D InputTransport: Input channel constructed: fd=262
04-08 17:51:23.965  2653  4060 D InputTransport: Input channel constructed: fd=351
04-08 17:51:23.967  2653  4060 D InputTransport: Input channel destroyed: fd=351
04-08 17:51:23.967 20103 20103 D InputTransport: Input channel constructed: fd=220
04-08 17:51:23.968 20103 20103 D ViewRootImpl@99f63c2[PopupWindow:73512a4]: setView = android.widget.PopupWindow$PopupDecorView{d02b510 V.E...... ......I. 0,0-0,0} touchMode=true
04-08 17:51:23.971 20103 20103 D ViewRootImpl@99f63c2[PopupWindow:73512a4]: dispatchAttachedToWindow
04-08 17:51:23.977  2124  2124 I SurfaceFlinger: id=1753 createSurf (1x1),1 flag=4, PopupWindow:73512a4
04-08 17:51:23.978  2653  3329 V Surface : sf_framedrop debug : 0x4f4c, game : false, logging : 0
04-08 17:51:23.985 20103 22188 D ReactNative: ReactInstanceManager.createReactContext()
04-08 17:51:23.988  2124  2124 I display : [PrimaryDisplay] [DYNAMIC_RECOMP] first frame after HWC_2_GLES
04-08 17:51:23.988  2124  2124 I display : [PrimaryDisplay] [DYNAMIC_RECOMP] GLES_2_HWC by high FPS(5)
04-08 17:51:23.990 20103 22188 W unknown:ViewManagerPropertyUpdater: Could not find generated setter for class com.facebook.react.views.art.ARTGroupViewManager
04-08 17:51:23.991 20103 22188 W unknown:ViewManagerPropertyUpdater: Could not find generated setter for class com.facebook.react.views.art.ARTGroupShadowNode
04-08 17:51:23.993 20103 20103 V Surface : sf_framedrop debug : 0x4f4c, game : false, logging : 0
04-08 17:51:23.993 20103 20103 D ViewRootImpl@99f63c2[PopupWindow:73512a4]: Relayout returned: oldFrame=[0,0][0,0] newFrame=[0,48][720,101] result=0x27 surface={isValid=true 2068264960} surfaceGenerationChanged=true
04-08 17:51:23.994 20103 20103 D ViewRootImpl@99f63c2[PopupWindow:73512a4]: mHardwareRenderer.initialize() mSurface={isValid=true 2068264960} hwInitialized=true
04-08 17:51:23.994 20103 22188 W unknown:ViewManagerPropertyUpdater: Could not find generated setter for class com.facebook.react.views.art.ARTShapeViewManager
04-08 17:51:23.995 20103 22188 W unknown:ViewManagerPropertyUpdater: Could not find generated setter for class com.facebook.react.views.art.ARTShapeShadowNode
04-08 17:51:23.996 20103 20133 D mali_winsys: EGLint new_window_surface(egl_winsys_display*, void*, EGLSurface, EGLConfig, egl_winsys_surface**, egl_color_buffer_format*, EGLBoolean) returns 0x3000,  [720x53]-format:1
04-08 17:51:24.000 20103 20103 D ViewRootImpl@99f63c2[PopupWindow:73512a4]: mHardwareRenderer.destroy()#4
04-08 17:51:24.000 20103 20103 D ViewRootImpl@99f63c2[PopupWindow:73512a4]: dispatchDetachedFromWindow
04-08 17:51:24.000 20103 22188 W unknown:ViewManagerPropertyUpdater: Could not find generated setter for class com.facebook.react.views.art.ARTTextViewManager
04-08 17:51:24.001 20103 22188 W unknown:ViewManagerPropertyUpdater: Could not find generated setter for class com.facebook.react.views.art.ARTTextShadowNode
04-08 17:51:24.001  2124  3442 I SurfaceFlinger: id=1753 Removed PopupWindow:73512a4 (4/7)
04-08 17:51:24.002  2124  3442 I SurfaceFlinger: id=1753 Removed PopupWindow:73512a4 (-2/7)
04-08 17:51:24.004 20103 22188 W unknown:ViewManagerPropertyUpdater: Could not find generated setter for class com.facebook.react.views.checkbox.ReactCheckBoxManager
04-08 17:51:24.005  2653  3427 D InputTransport: Input channel destroyed: fd=262
04-08 17:51:24.009 20103 20103 D InputTransport: Input channel destroyed: fd=220
04-08 17:51:24.013 20103 22188 W unknown:ViewManagerPropertyUpdater: Could not find generated setter for class com.facebook.react.uimanager.LayoutShadowNode
04-08 17:51:24.025 20103 22188 W unknown:ViewManagerPropertyUpdater: Could not find generated setter for class com.facebook.react.views.picker.ReactDialogPickerManager
04-08 17:51:24.028 20103 22188 W unknown:ViewManagerPropertyUpdater: Could not find generated setter for class com.facebook.react.views.drawer.ReactDrawerLayoutManager
04-08 17:51:24.031 20103 22188 W unknown:ViewManagerPropertyUpdater: Could not find generated setter for class com.facebook.react.views.picker.ReactDropdownPickerManager
04-08 17:51:24.032 20103 22188 W unknown:ViewManagerPropertyUpdater: Could not find generated setter for class com.facebook.react.views.scroll.ReactHorizontalScrollViewManager
04-08 17:51:24.039 20103 22188 W unknown:ViewManagerPropertyUpdater: Could not find generated setter for class com.facebook.react.views.scroll.ReactHorizontalScrollContainerViewManager
04-08 17:51:24.040 20103 22188 W unknown:ViewManagerPropertyUpdater: Could not find generated setter for class com.facebook.react.views.progressbar.ReactProgressBarViewManager
04-08 17:51:24.043 20103 22188 W unknown:ViewManagerPropertyUpdater: Could not find generated setter for class com.facebook.react.views.progressbar.ProgressBarShadowNode
04-08 17:51:24.044 20103 22188 W unknown:ViewManagerPropertyUpdater: Could not find generated setter for class com.facebook.react.views.scroll.ReactScrollViewManager
04-08 17:51:24.051 20103 22188 W unknown:ViewManagerPropertyUpdater: Could not find generated setter for class com.facebook.react.views.slider.ReactSliderManager
04-08 17:51:24.054 20103 22188 W unknown:ViewManagerPropertyUpdater: Could not find generated setter for class com.facebook.react.views.slider.ReactSliderManager$ReactSliderShadowNode
04-08 17:51:24.054 30627 22056 I GainCrystalsReceiver_gain_crystals_service: retry iteration 0
04-08 17:51:24.055 20103 22188 W unknown:ViewManagerPropertyUpdater: Could not find generated setter for class com.facebook.react.views.switchview.ReactSwitchManager
04-08 17:51:24.056 30627 22056 I System.out: (HTTPLog)-Static: isSBSettingEnabled false
04-08 17:51:24.056 30627 22056 I System.out: (HTTPLog)-Static: isSBSettingEnabled false
04-08 17:51:24.058 20103 22188 W unknown:ViewManagerPropertyUpdater: Could not find generated setter for class com.facebook.react.views.switchview.ReactSwitchManager$ReactSwitchShadowNode
04-08 17:51:24.059  2155  2699 D EnterpriseController: netId is 0
04-08 17:51:24.059  2155  2699 D DnsProxyListener: DNSDBG::dns addrinfo af 2
04-08 17:51:24.060 20103 22188 W unknown:ViewManagerPropertyUpdater: Could not find generated setter for class com.facebook.react.views.toolbar.ReactToolbarManager
04-08 17:51:24.065 20103 22188 W unknown:ViewManagerPropertyUpdater: Could not find generated setter for class com.facebook.react.views.webview.ReactWebViewManager
04-08 17:51:24.070 20103 22188 W unknown:ViewManagerPropertyUpdater: Could not find generated setter for class com.facebook.react.views.swiperefresh.SwipeRefreshLayoutManager
04-08 17:51:24.073 20103 22188 W unknown:ViewManagerPropertyUpdater: Could not find generated setter for class com.facebook.react.views.art.ARTSurfaceViewManager
04-08 17:51:24.074 20103 22188 W unknown:ViewManagerPropertyUpdater: Could not find generated setter for class com.facebook.react.views.art.ARTSurfaceViewShadowNode
04-08 17:51:24.076 20103 22188 W unknown:ViewManagerPropertyUpdater: Could not find generated setter for class com.facebook.react.views.text.frescosupport.FrescoBasedReactTextInlineImageViewManager
04-08 17:51:24.077 20103 22188 W unknown:ViewManagerPropertyUpdater: Could not find generated setter for class com.facebook.react.views.text.frescosupport.FrescoBasedReactTextInlineImageShadowNode
04-08 17:51:24.079 20103 22188 W unknown:ViewManagerPropertyUpdater: Could not find generated setter for class com.facebook.react.views.image.ReactImageManager
04-08 17:51:24.085 20103 22188 W unknown:ViewManagerPropertyUpdater: Could not find generated setter for class com.facebook.react.views.modal.ReactModalHostManager
04-08 17:51:24.087 20103 22188 W unknown:ViewManagerPropertyUpdater: Could not find generated setter for class com.facebook.react.views.modal.ModalHostShadowNode
04-08 17:51:24.088 20103 22188 W unknown:ViewManagerPropertyUpdater: Could not find generated setter for class com.facebook.react.views.text.ReactRawTextManager
04-08 17:51:24.089 20103 22188 W unknown:ViewManagerPropertyUpdater: Could not find generated setter for class com.facebook.react.views.text.ReactRawTextShadowNode
04-08 17:51:24.090 20103 22188 W unknown:ViewManagerPropertyUpdater: Could not find generated setter for class com.facebook.react.views.textinput.ReactTextInputManager
04-08 17:51:24.103 20103 22188 W unknown:ViewManagerPropertyUpdater: Could not find generated setter for class com.facebook.react.views.textinput.ReactTextInputShadowNode
04-08 17:51:24.109 20103 22188 W unknown:ViewManagerPropertyUpdater: Could not find generated setter for class com.facebook.react.views.text.ReactTextViewManager
04-08 17:51:24.115 20103 22188 W unknown:ViewManagerPropertyUpdater: Could not find generated setter for class com.facebook.react.views.text.ReactTextShadowNode
04-08 17:51:24.117 20103 22188 W unknown:ViewManagerPropertyUpdater: Could not find generated setter for class com.facebook.react.views.view.ReactViewManager
04-08 17:51:24.125 20103 22188 W unknown:ViewManagerPropertyUpdater: Could not find generated setter for class com.facebook.react.views.viewpager.ReactViewPagerManager
04-08 17:51:24.127 20103 22188 W unknown:ViewManagerPropertyUpdater: Could not find generated setter for class com.facebook.react.views.text.ReactVirtualTextViewManager
04-08 17:51:24.128 20103 22188 W unknown:ViewManagerPropertyUpdater: Could not find generated setter for class com.facebook.react.views.text.ReactVirtualTextShadowNode
04-08 17:51:24.129 20103 22188 W unknown:ViewManagerPropertyUpdater: Could not find generated setter for class com.oney.WebRTCModule.RTCVideoViewManager
04-08 17:51:24.138 20103 22188 I org.webrtc.Logging: MediaCodecVideoDecoder: Trying to find HW decoder for mime video/avc
04-08 17:51:24.138 20103 22188 I org.webrtc.Logging: MediaCodecVideoDecoder: Found candidate decoder OMX.Exynos.avc.dec
04-08 17:51:24.138 20103 22188 I org.webrtc.Logging: MediaCodecVideoDecoder: Found candidate decoder OMX.SEC.avc.sw.dec
04-08 17:51:24.138 20103 22188 I org.webrtc.Logging: MediaCodecVideoDecoder: Found candidate decoder OMX.google.h264.decoder
04-08 17:51:24.138 20103 22188 I org.webrtc.Logging: MediaCodecVideoDecoder: No HW decoder found for mime video/avc
04-08 17:51:24.138 20103 22188 W org.webrtc.Logging: MediaCodecVideoEncoder: Codec OMX.Exynos.AVC.Encoder requires bitrate adjustment: FRAMERATE_ADJUSTMENT
04-08 17:51:24.138 20103 22188 W VideoCapabilities: Unrecognized profile 2130706433 for video/avc
04-08 17:51:24.138 20103 22188 W VideoCapabilities: Unrecognized profile 2130706433 for video/avc
04-08 17:51:24.139 20103 22188 W VideoCapabilities: Unrecognized profile 2130706433 for video/avc
04-08 17:51:24.139 20103 22188 W VideoCapabilities: Unrecognized profile 2130706433 for video/avc
04-08 17:51:24.139 20103 22188 W VideoCapabilities: Unrecognized profile 2130706433 for video/avc
04-08 17:51:24.139 20103 22188 W VideoCapabilities: Unrecognized profile 2130706433 for video/avc
04-08 17:51:24.139 20103 22188 W VideoCapabilities: Unrecognized profile 2130706433 for video/avc
04-08 17:51:24.139 20103 22188 W VideoCapabilities: Unrecognized profile 2130706433 for video/avc
04-08 17:51:24.139 20103 22188 W VideoCapabilities: Unrecognized profile 2130706433 for video/avc
04-08 17:51:24.139 20103 22188 W VideoCapabilities: Unrecognized profile 2130706433 for video/avc
04-08 17:51:24.139 20103 22188 W VideoCapabilities: Unrecognized profile 2130706433 for video/avc
04-08 17:51:24.139 20103 22188 W VideoCapabilities: Unrecognized profile 2130706433 for video/avc
04-08 17:51:24.139 20103 22188 W VideoCapabilities: Unrecognized profile 2130706434 for video/avc
04-08 17:51:24.139 20103 22188 W VideoCapabilities: Unrecognized profile 2130706434 for video/avc
04-08 17:51:24.139 20103 22188 W VideoCapabilities: Unrecognized profile 2130706434 for video/avc
04-08 17:51:24.139 20103 22188 W VideoCapabilities: Unrecognized profile 2130706434 for video/avc
04-08 17:51:24.139 20103 22188 W VideoCapabilities: Unrecognized profile 2130706434 for video/avc
04-08 17:51:24.139 20103 22188 W VideoCapabilities: Unrecognized profile 2130706434 for video/avc
04-08 17:51:24.139 20103 22188 W VideoCapabilities: Unrecognized profile 2130706434 for video/avc
04-08 17:51:24.139 20103 22188 W VideoCapabilities: Unrecognized profile 2130706434 for video/avc
04-08 17:51:24.139 20103 22188 W VideoCapabilities: Unrecognized profile 2130706434 for video/avc
04-08 17:51:24.139 20103 22188 W VideoCapabilities: Unrecognized profile 2130706434 for video/avc
04-08 17:51:24.139 20103 22188 W VideoCapabilities: Unrecognized profile 2130706434 for video/avc
04-08 17:51:24.139 20103 22188 W VideoCapabilities: Unrecognized profile 2130706434 for video/avc
04-08 17:51:24.142 20103 22188 I org.webrtc.Logging: MediaCodecVideoEncoder: Found target encoder for mime video/avc : OMX.Exynos.AVC.Encoder. Color: 0x13. Bitrate adjustment: FRAMERATE_ADJUSTMENT
04-08 17:51:24.142 20103 22188 I org.webrtc.Logging: MediaCodecVideoDecoder: Trying to find HW decoder for mime video/x-vnd.on2.vp8
04-08 17:51:24.142 20103 22188 I org.webrtc.Logging: MediaCodecVideoDecoder: Found candidate decoder OMX.Exynos.vp8.dec
04-08 17:51:24.144 20103 22188 I org.webrtc.Logging: MediaCodecVideoDecoder: Found target decoder OMX.Exynos.vp8.dec. Color: 0x13
04-08 17:51:24.144 20103 22188 I org.webrtc.Logging: MediaCodecVideoDecoder: Trying to find HW decoder for mime video/x-vnd.on2.vp9
04-08 17:51:24.144 20103 22188 I org.webrtc.Logging: MediaCodecVideoDecoder: Found candidate decoder OMX.google.vp9.decoder
04-08 17:51:24.144 20103 22188 I org.webrtc.Logging: MediaCodecVideoDecoder: No HW decoder found for mime video/x-vnd.on2.vp9
04-08 17:51:24.144 20103 22188 I org.webrtc.Logging: MediaCodecVideoDecoder: Trying to find HW decoder for mime video/avc
04-08 17:51:24.144 20103 22188 I org.webrtc.Logging: MediaCodecVideoDecoder: Found candidate decoder OMX.Exynos.avc.dec
04-08 17:51:24.144 20103 22188 W VideoCapabilities: Unrecognized profile 2130706433 for video/avc
04-08 17:51:24.144 20103 22188 W VideoCapabilities: Unrecognized profile 2130706433 for video/avc
04-08 17:51:24.145 20103 22188 W VideoCapabilities: Unrecognized profile 2130706433 for video/avc
04-08 17:51:24.145 20103 22188 W VideoCapabilities: Unrecognized profile 2130706433 for video/avc
04-08 17:51:24.145 20103 22188 W VideoCapabilities: Unrecognized profile 2130706433 for video/avc
04-08 17:51:24.145 20103 22188 W VideoCapabilities: Unrecognized profile 2130706433 for video/avc
04-08 17:51:24.145 20103 22188 W VideoCapabilities: Unrecognized profile 2130706433 for video/avc
04-08 17:51:24.145 20103 22188 W VideoCapabilities: Unrecognized profile 2130706433 for video/avc
04-08 17:51:24.145 20103 22188 W VideoCapabilities: Unrecognized profile 2130706433 for video/avc
04-08 17:51:24.145 20103 22188 W VideoCapabilities: Unrecognized profile 2130706433 for video/avc
04-08 17:51:24.145 20103 22188 W VideoCapabilities: Unrecognized profile 2130706433 for video/avc
04-08 17:51:24.145 20103 22188 W VideoCapabilities: Unrecognized profile 2130706433 for video/avc
04-08 17:51:24.145 20103 22188 W VideoCapabilities: Unrecognized profile 2130706434 for video/avc
04-08 17:51:24.145 20103 22188 W VideoCapabilities: Unrecognized profile 2130706434 for video/avc
04-08 17:51:24.145 20103 22188 W VideoCapabilities: Unrecognized profile 2130706434 for video/avc
04-08 17:51:24.145 20103 22188 W VideoCapabilities: Unrecognized profile 2130706434 for video/avc
04-08 17:51:24.145 20103 22188 W VideoCapabilities: Unrecognized profile 2130706434 for video/avc
04-08 17:51:24.145 20103 22188 W VideoCapabilities: Unrecognized profile 2130706434 for video/avc
04-08 17:51:24.145 20103 22188 W VideoCapabilities: Unrecognized profile 2130706434 for video/avc
04-08 17:51:24.145 20103 22188 W VideoCapabilities: Unrecognized profile 2130706434 for video/avc
04-08 17:51:24.145 20103 22188 W VideoCapabilities: Unrecognized profile 2130706434 for video/avc
04-08 17:51:24.145 20103 22188 W VideoCapabilities: Unrecognized profile 2130706434 for video/avc
04-08 17:51:24.145 20103 22188 W VideoCapabilities: Unrecognized profile 2130706434 for video/avc
04-08 17:51:24.145 20103 22188 W VideoCapabilities: Unrecognized profile 2130706434 for video/avc
04-08 17:51:24.147 20103 22188 I org.webrtc.Logging: MediaCodecVideoDecoder: Found target decoder OMX.Exynos.avc.dec. Color: 0x13
04-08 17:51:24.151 20103 22195 D JVM     : AttachCurrentThreadIfNeeded::ctor@[tid=22195]
04-08 17:51:24.151 20103 22195 D JVM     : Attaching thread to JVM
04-08 17:51:24.152 20103 22195 D JVM     : JVM::environment@[tid=22195]
04-08 17:51:24.152 20103 22195 D JVM     : JNIEnvironment::ctor@[tid=22195]
04-08 17:51:24.152 20103 22195 D AudioManager: ctor@[tid=22195]
04-08 17:51:24.152 20103 22195 D JVM     : JNIEnvironment::RegisterNatives(org/webrtc/voiceengine/WebRtcAudioManager)
04-08 17:51:24.152 20103 22195 D JVM     : NativeRegistration::ctor@[tid=22195]
04-08 17:51:24.152 20103 22195 D JVM     : NativeRegistration::NewObject@[tid=22195]
04-08 17:51:24.152 20103 22195 I org.webrtc.Logging: WebRtcAudioManager: ctor@[name=Thread-56, id=16173]
04-08 17:51:24.153 20103 22195 I org.webrtc.Logging: WebRtcAudioManager: Sample rate is set to 48000 Hz
04-08 17:51:24.154 20103 22195 I org.webrtc.Logging: WebRtcAudioEffects: canUseAcousticEchoCanceler: true
04-08 17:51:24.154 20103 22195 I org.webrtc.Logging: WebRtcAudioEffects: canUseNoiseSuppressor: true
04-08 17:51:24.156 20103 22195 D AudioManager: OnCacheAudioParameters@[tid=22195]
04-08 17:51:24.156 20103 22195 D AudioManager: hardware_aec: 1
04-08 17:51:24.156 20103 22195 D AudioManager: hardware_agc: 0
04-08 17:51:24.156 20103 22195 D AudioManager: hardware_ns: 1
04-08 17:51:24.156 20103 22195 D AudioManager: low_latency_output: 0
04-08 17:51:24.156 20103 22195 D AudioManager: low_latency_input: 0
04-08 17:51:24.156 20103 22195 D AudioManager: pro_audio: 0
04-08 17:51:24.156 20103 22195 D AudioManager: sample_rate: 48000
04-08 17:51:24.156 20103 22195 D AudioManager: output_channels: 1
04-08 17:51:24.156 20103 22195 D AudioManager: input_channels: 1
04-08 17:51:24.156 20103 22195 D AudioManager: output_buffer_size: 5768
04-08 17:51:24.156 20103 22195 D AudioManager: input_buffer_size: 1920
04-08 17:51:24.156 20103 22195 D JVM     : GlobalRef::ctor@[tid=22195]
04-08 17:51:24.156 20103 22195 D AudioManager: JavaAudioManager::ctor@[tid=22195]
04-08 17:51:24.156 20103 22195 D AudioManager: IsLowLatencyPlayoutSupported()
04-08 17:51:24.156 20103 22195 D AudioManager: IsLowLatencyPlayoutSupported()
04-08 17:51:24.156 20103 22195 D JVM     : AttachCurrentThreadIfNeeded::ctor@[tid=22195]
04-08 17:51:24.156 20103 22195 D JVM     : JVM::environment@[tid=22195]
04-08 17:51:24.156 20103 22195 D JVM     : JNIEnvironment::ctor@[tid=22195]
04-08 17:51:24.156 20103 22195 D AudioTrackJni: ctor@[tid=22195]
04-08 17:51:24.156 20103 22195 D JVM     : JNIEnvironment::RegisterNatives(org/webrtc/voiceengine/WebRtcAudioTrack)
04-08 17:51:24.156 20103 22195 D JVM     : NativeRegistration::ctor@[tid=22195]
04-08 17:51:24.157 20103 22195 D JVM     : NativeRegistration::NewObject@[tid=22195]
04-08 17:51:24.157 20103 22195 I org.webrtc.Logging: WebRtcAudioTrack: ctor@[name=Thread-56, id=16173]
04-08 17:51:24.157 20103 22195 D JVM     : GlobalRef::ctor@[tid=22195]
04-08 17:51:24.157 20103 22195 D JVM     : AttachCurrentThreadIfNeeded::ctor@[tid=22195]
04-08 17:51:24.157 20103 22195 D JVM     : JVM::environment@[tid=22195]
04-08 17:51:24.157 20103 22195 D JVM     : JNIEnvironment::ctor@[tid=22195]
04-08 17:51:24.157 20103 22195 D AudioRecordJni: ctor@[tid=22195]
04-08 17:51:24.157 20103 22195 D JVM     : JNIEnvironment::RegisterNatives(org/webrtc/voiceengine/WebRtcAudioRecord)
04-08 17:51:24.157 20103 22195 D JVM     : NativeRegistration::ctor@[tid=22195]
04-08 17:51:24.157 20103 22195 D JVM     : NativeRegistration::NewObject@[tid=22195]
04-08 17:51:24.157 20103 22195 I org.webrtc.Logging: WebRtcAudioRecord: ctor@[name=Thread-56, id=16173]
04-08 17:51:24.158 20103 22195 I org.webrtc.Logging: WebRtcAudioEffects: ctor@[name=Thread-56, id=16173]
04-08 17:51:24.158 20103 22195 D JVM     : GlobalRef::ctor@[tid=22195]
04-08 17:51:24.158 20103 22195 D AudioManager: SetActiveAudioLayer(5)@[tid=22195]
04-08 17:51:24.158 20103 22195 D AudioManager: delay_estimate_in_milliseconds: 150
04-08 17:51:24.158 20103 22195 D AudioTrackJni: AttachAudioBuffer@[tid=22195]
04-08 17:51:24.158 20103 22195 D AudioTrackJni: SetPlayoutSampleRate(48000)
04-08 17:51:24.158 20103 22195 D AudioTrackJni: SetPlayoutChannels(1)
04-08 17:51:24.158 20103 22195 D AudioRecordJni: AttachAudioBuffer
04-08 17:51:24.158 20103 22195 D AudioRecordJni: SetRecordingSampleRate(48000)
04-08 17:51:24.158 20103 22195 D AudioRecordJni: SetRecordingChannels(1)
04-08 17:51:24.158 20103 22195 D AudioRecordJni: total_delay_in_milliseconds: 150
04-08 17:51:24.158 20103 22195 D AudioManager: Init@[tid=22195]
04-08 17:51:24.158 20103 22195 I org.webrtc.Logging: WebRtcAudioManager: init@[name=Thread-56, id=16173]
04-08 17:51:24.159 20103 22195 I org.webrtc.Logging: WebRtcAudioManager: audio mode is: MODE_NORMAL
04-08 17:51:24.160 20103 22195 D AudioTrackJni: Init@[tid=22195]
04-08 17:51:24.160 20103 22195 D AudioRecordJni: Init@[tid=22195]
04-08 17:51:24.162 20103 22195 D AudioRecordJni: EnableBuiltInAEC@[tid=22195]
04-08 17:51:24.162 20103 22195 I org.webrtc.Logging: WebRtcAudioRecord: enableBuiltInAEC(true)
04-08 17:51:24.162 20103 22195 I org.webrtc.Logging: WebRtcAudioEffects: setAEC(true)
