04-08 17:52:55.431 20103 20103 D ReactNative: ReactInstanceManager.runCreateReactContextOnNewThread()
04-08 17:52:55.431 20103 20103 D ReactNative: ReactInstanceManager.tearDownReactContext()
04-08 17:52:55.432 20103 20103 D InCallManager: onPause()
04-08 17:52:55.458 20103 20103 D ReactNative: CatalystInstanceImpl.destroy() start
04-08 17:52:55.459 20103 20103 W unknown:ReactNative: Packager connection already open, nooping.
04-08 17:52:55.463 20103 22308 D ReactNative: CatalystInstanceImpl.destroy() end
04-08 17:52:55.466 20103 20103 D ViewRootImpl@828f19a[PopupWindow:7d06bc]: ThreadedRenderer.create() translucent=true
04-08 17:52:55.469  2653  4068 D InputTransport: Input channel constructed: fd=433
04-08 17:52:55.469  2653  4068 D InputTransport: Input channel constructed: fd=435
04-08 17:52:55.470  2653  4068 D InputTransport: Input channel destroyed: fd=435
04-08 17:52:55.471 20103 20103 D InputTransport: Input channel constructed: fd=285
04-08 17:52:55.471 20103 20103 D ViewRootImpl@828f19a[PopupWindow:7d06bc]: setView = android.widget.PopupWindow$PopupDecorView{571d2a8 V.E...... ......I. 0,0-0,0} touchMode=true
04-08 17:52:55.475 20103 20103 D ViewRootImpl@828f19a[PopupWindow:7d06bc]: dispatchAttachedToWindow
04-08 17:52:55.481  2124  2124 I SurfaceFlinger: id=1755 createSurf (1x1),1 flag=4, PopupWindow:7d06bc
04-08 17:52:55.482  2653  2814 V Surface : sf_framedrop debug : 0x4f4c, game : false, logging : 0
04-08 17:52:55.483  2124  2124 I display : [PrimaryDisplay] [DYNAMIC_RECOMP] first frame after HWC_2_GLES
04-08 17:52:55.483  2124  2124 I display : [PrimaryDisplay] [DYNAMIC_RECOMP] GLES_2_HWC by high FPS(5)
04-08 17:52:55.496 20103 22374 D ReactNative: ReactInstanceManager.createReactContext()
04-08 17:52:55.500 20103 22374 W unknown:ViewManagerPropertyUpdater: Could not find generated setter for class com.facebook.react.views.art.ARTGroupViewManager
04-08 17:52:55.502 20103 22374 W unknown:ViewManagerPropertyUpdater: Could not find generated setter for class com.facebook.react.views.art.ARTGroupShadowNode
04-08 17:52:55.504 20103 22374 W unknown:ViewManagerPropertyUpdater: Could not find generated setter for class com.facebook.react.views.art.ARTShapeViewManager
04-08 17:52:55.505 20103 20103 V Surface : sf_framedrop debug : 0x4f4c, game : false, logging : 0
04-08 17:52:55.505 20103 20103 D ViewRootImpl@828f19a[PopupWindow:7d06bc]: Relayout returned: oldFrame=[0,0][0,0] newFrame=[0,48][720,101] result=0x27 surface={isValid=true -1972281344} surfaceGenerationChanged=true
04-08 17:52:55.506 20103 22374 W unknown:ViewManagerPropertyUpdater: Could not find generated setter for class com.facebook.react.views.art.ARTShapeShadowNode
04-08 17:52:55.506 20103 20103 D ViewRootImpl@828f19a[PopupWindow:7d06bc]: mHardwareRenderer.initialize() mSurface={isValid=true -1972281344} hwInitialized=true
04-08 17:52:55.508 20103 20133 D mali_winsys: EGLint new_window_surface(egl_winsys_display*, void*, EGLSurface, EGLConfig, egl_winsys_surface**, egl_color_buffer_format*, EGLBoolean) returns 0x3000,  [720x53]-format:1
04-08 17:52:55.511 20103 20103 D ViewRootImpl@828f19a[PopupWindow:7d06bc]: mHardwareRenderer.destroy()#4
04-08 17:52:55.511 20103 22374 W unknown:ViewManagerPropertyUpdater: Could not find generated setter for class com.facebook.react.views.art.ARTTextViewManager
04-08 17:52:55.511 20103 20103 D ViewRootImpl@828f19a[PopupWindow:7d06bc]: dispatchDetachedFromWindow
04-08 17:52:55.512 20103 22374 W unknown:ViewManagerPropertyUpdater: Could not find generated setter for class com.facebook.react.views.art.ARTTextShadowNode
04-08 17:52:55.513  2124  2169 I SurfaceFlinger: id=1755 Removed PopupWindow:7d06bc (4/7)
04-08 17:52:55.513  2124  2169 I SurfaceFlinger: id=1755 Removed PopupWindow:7d06bc (-2/7)
04-08 17:52:55.515 20103 22374 W unknown:ViewManagerPropertyUpdater: Could not find generated setter for class com.facebook.react.views.checkbox.ReactCheckBoxManager
04-08 17:52:55.516  2653 19368 D InputTransport: Input channel destroyed: fd=433
04-08 17:52:55.520 20103 20103 D InputTransport: Input channel destroyed: fd=285
04-08 17:52:55.525 20103 22374 W unknown:ViewManagerPropertyUpdater: Could not find generated setter for class com.facebook.react.uimanager.LayoutShadowNode
04-08 17:52:55.539 20103 22374 W unknown:ViewManagerPropertyUpdater: Could not find generated setter for class com.facebook.react.views.picker.ReactDialogPickerManager
04-08 17:52:55.543 20103 22374 W unknown:ViewManagerPropertyUpdater: Could not find generated setter for class com.facebook.react.views.drawer.ReactDrawerLayoutManager
04-08 17:52:55.546 20103 22374 W unknown:ViewManagerPropertyUpdater: Could not find generated setter for class com.facebook.react.views.picker.ReactDropdownPickerManager
04-08 17:52:55.547 20103 22374 W unknown:ViewManagerPropertyUpdater: Could not find generated setter for class com.facebook.react.views.scroll.ReactHorizontalScrollViewManager
04-08 17:52:55.554 20103 22374 W unknown:ViewManagerPropertyUpdater: Could not find generated setter for class com.facebook.react.views.scroll.ReactHorizontalScrollContainerViewManager
04-08 17:52:55.555 20103 22374 W unknown:ViewManagerPropertyUpdater: Could not find generated setter for class com.facebook.react.views.progressbar.ReactProgressBarViewManager
04-08 17:52:55.558 20103 22374 W unknown:ViewManagerPropertyUpdater: Could not find generated setter for class com.facebook.react.views.progressbar.ProgressBarShadowNode
04-08 17:52:55.560 20103 22374 W unknown:ViewManagerPropertyUpdater: Could not find generated setter for class com.facebook.react.views.scroll.ReactScrollViewManager
04-08 17:52:55.567 20103 22374 W unknown:ViewManagerPropertyUpdater: Could not find generated setter for class com.facebook.react.views.slider.ReactSliderManager
04-08 17:52:55.571 20103 22374 W unknown:ViewManagerPropertyUpdater: Could not find generated setter for class com.facebook.react.views.slider.ReactSliderManager$ReactSliderShadowNode
04-08 17:52:55.572 20103 22374 W unknown:ViewManagerPropertyUpdater: Could not find generated setter for class com.facebook.react.views.switchview.ReactSwitchManager
04-08 17:52:55.574 20103 22374 W unknown:ViewManagerPropertyUpdater: Could not find generated setter for class com.facebook.react.views.switchview.ReactSwitchManager$ReactSwitchShadowNode
04-08 17:52:55.576 20103 22374 W unknown:ViewManagerPropertyUpdater: Could not find generated setter for class com.facebook.react.views.toolbar.ReactToolbarManager
04-08 17:52:55.580 20103 22374 W unknown:ViewManagerPropertyUpdater: Could not find generated setter for class com.facebook.react.views.webview.ReactWebViewManager
04-08 17:52:55.585 20103 22374 W unknown:ViewManagerPropertyUpdater: Could not find generated setter for class com.facebook.react.views.swiperefresh.SwipeRefreshLayoutManager
04-08 17:52:55.588 20103 22374 W unknown:ViewManagerPropertyUpdater: Could not find generated setter for class com.facebook.react.views.art.ARTSurfaceViewManager
04-08 17:52:55.589 20103 22374 W unknown:ViewManagerPropertyUpdater: Could not find generated setter for class com.facebook.react.views.art.ARTSurfaceViewShadowNode
04-08 17:52:55.591 20103 22374 W unknown:ViewManagerPropertyUpdater: Could not find generated setter for class com.facebook.react.views.text.frescosupport.FrescoBasedReactTextInlineImageViewManager
04-08 17:52:55.592 20103 22374 W unknown:ViewManagerPropertyUpdater: Could not find generated setter for class com.facebook.react.views.text.frescosupport.FrescoBasedReactTextInlineImageShadowNode
04-08 17:52:55.594 20103 22374 W unknown:ViewManagerPropertyUpdater: Could not find generated setter for class com.facebook.react.views.image.ReactImageManager
04-08 17:52:55.600 20103 22374 W unknown:ViewManagerPropertyUpdater: Could not find generated setter for class com.facebook.react.views.modal.ReactModalHostManager
04-08 17:52:55.602 20103 22374 W unknown:ViewManagerPropertyUpdater: Could not find generated setter for class com.facebook.react.views.modal.ModalHostShadowNode
04-08 17:52:55.603 20103 22374 W unknown:ViewManagerPropertyUpdater: Could not find generated setter for class com.facebook.react.views.text.ReactRawTextManager
04-08 17:52:55.604 20103 22374 W unknown:ViewManagerPropertyUpdater: Could not find generated setter for class com.facebook.react.views.text.ReactRawTextShadowNode
04-08 17:52:55.605 20103 22374 W unknown:ViewManagerPropertyUpdater: Could not find generated setter for class com.facebook.react.views.textinput.ReactTextInputManager
04-08 17:52:55.618 20103 22374 W unknown:ViewManagerPropertyUpdater: Could not find generated setter for class com.facebook.react.views.textinput.ReactTextInputShadowNode
04-08 17:52:55.624 20103 22374 W unknown:ViewManagerPropertyUpdater: Could not find generated setter for class com.facebook.react.views.text.ReactTextViewManager
04-08 17:52:55.630 20103 22374 W unknown:ViewManagerPropertyUpdater: Could not find generated setter for class com.facebook.react.views.text.ReactTextShadowNode
04-08 17:52:55.631 20103 22374 W unknown:ViewManagerPropertyUpdater: Could not find generated setter for class com.facebook.react.views.view.ReactViewManager
04-08 17:52:55.639 20103 22374 W unknown:ViewManagerPropertyUpdater: Could not find generated setter for class com.facebook.react.views.viewpager.ReactViewPagerManager
04-08 17:52:55.642 20103 22374 W unknown:ViewManagerPropertyUpdater: Could not find generated setter for class com.facebook.react.views.text.ReactVirtualTextViewManager
04-08 17:52:55.643 20103 22374 W unknown:ViewManagerPropertyUpdater: Could not find generated setter for class com.facebook.react.views.text.ReactVirtualTextShadowNode
04-08 17:52:55.644 20103 22374 W unknown:ViewManagerPropertyUpdater: Could not find generated setter for class com.oney.WebRTCModule.RTCVideoViewManager
04-08 17:52:55.652 20103 22374 I org.webrtc.Logging: MediaCodecVideoDecoder: Trying to find HW decoder for mime video/avc
04-08 17:52:55.652 20103 22374 I org.webrtc.Logging: MediaCodecVideoDecoder: Found candidate decoder OMX.Exynos.avc.dec
04-08 17:52:55.652 20103 22374 I org.webrtc.Logging: MediaCodecVideoDecoder: Found candidate decoder OMX.SEC.avc.sw.dec
04-08 17:52:55.652 20103 22374 I org.webrtc.Logging: MediaCodecVideoDecoder: Found candidate decoder OMX.google.h264.decoder
04-08 17:52:55.652 20103 22374 I org.webrtc.Logging: MediaCodecVideoDecoder: No HW decoder found for mime video/avc
04-08 17:52:55.653 20103 22374 W org.webrtc.Logging: MediaCodecVideoEncoder: Codec OMX.Exynos.AVC.Encoder requires bitrate adjustment: FRAMERATE_ADJUSTMENT
04-08 17:52:55.653 20103 22374 W VideoCapabilities: Unrecognized profile 2130706433 for video/avc
04-08 17:52:55.653 20103 22374 W VideoCapabilities: Unrecognized profile 2130706433 for video/avc
04-08 17:52:55.653 20103 22374 W VideoCapabilities: Unrecognized profile 2130706433 for video/avc
04-08 17:52:55.653 20103 22374 W VideoCapabilities: Unrecognized profile 2130706433 for video/avc
04-08 17:52:55.653 20103 22374 W VideoCapabilities: Unrecognized profile 2130706433 for video/avc
04-08 17:52:55.653 20103 22374 W VideoCapabilities: Unrecognized profile 2130706433 for video/avc
04-08 17:52:55.653 20103 22374 W VideoCapabilities: Unrecognized profile 2130706433 for video/avc
04-08 17:52:55.653 20103 22374 W VideoCapabilities: Unrecognized profile 2130706433 for video/avc
04-08 17:52:55.653 20103 22374 W VideoCapabilities: Unrecognized profile 2130706433 for video/avc
04-08 17:52:55.653 20103 22374 W VideoCapabilities: Unrecognized profile 2130706433 for video/avc
04-08 17:52:55.653 20103 22374 W VideoCapabilities: Unrecognized profile 2130706433 for video/avc
04-08 17:52:55.653 20103 22374 W VideoCapabilities: Unrecognized profile 2130706433 for video/avc
04-08 17:52:55.653 20103 22374 W VideoCapabilities: Unrecognized profile 2130706434 for video/avc
04-08 17:52:55.653 20103 22374 W VideoCapabilities: Unrecognized profile 2130706434 for video/avc
04-08 17:52:55.653 20103 22374 W VideoCapabilities: Unrecognized profile 2130706434 for video/avc
04-08 17:52:55.653 20103 22374 W VideoCapabilities: Unrecognized profile 2130706434 for video/avc
04-08 17:52:55.653 20103 22374 W VideoCapabilities: Unrecognized profile 2130706434 for video/avc
04-08 17:52:55.653 20103 22374 W VideoCapabilities: Unrecognized profile 2130706434 for video/avc
04-08 17:52:55.654 20103 22374 W VideoCapabilities: Unrecognized profile 2130706434 for video/avc
04-08 17:52:55.654 20103 22374 W VideoCapabilities: Unrecognized profile 2130706434 for video/avc
04-08 17:52:55.654 20103 22374 W VideoCapabilities: Unrecognized profile 2130706434 for video/avc
04-08 17:52:55.654 20103 22374 W VideoCapabilities: Unrecognized profile 2130706434 for video/avc
04-08 17:52:55.654 20103 22374 W VideoCapabilities: Unrecognized profile 2130706434 for video/avc
04-08 17:52:55.654 20103 22374 W VideoCapabilities: Unrecognized profile 2130706434 for video/avc
04-08 17:52:55.656 20103 22374 I org.webrtc.Logging: MediaCodecVideoEncoder: Found target encoder for mime video/avc : OMX.Exynos.AVC.Encoder. Color: 0x13. Bitrate adjustment: FRAMERATE_ADJUSTMENT
04-08 17:52:55.656 20103 22374 I org.webrtc.Logging: MediaCodecVideoDecoder: Trying to find HW decoder for mime video/x-vnd.on2.vp8
04-08 17:52:55.656 20103 22374 I org.webrtc.Logging: MediaCodecVideoDecoder: Found candidate decoder OMX.Exynos.vp8.dec
04-08 17:52:55.658 20103 22374 I org.webrtc.Logging: MediaCodecVideoDecoder: Found target decoder OMX.Exynos.vp8.dec. Color: 0x13
04-08 17:52:55.658 20103 22374 I org.webrtc.Logging: MediaCodecVideoDecoder: Trying to find HW decoder for mime video/x-vnd.on2.vp9
04-08 17:52:55.658 20103 22374 I org.webrtc.Logging: MediaCodecVideoDecoder: Found candidate decoder OMX.google.vp9.decoder
04-08 17:52:55.659 20103 22374 I org.webrtc.Logging: MediaCodecVideoDecoder: No HW decoder found for mime video/x-vnd.on2.vp9
04-08 17:52:55.659 20103 22374 I org.webrtc.Logging: MediaCodecVideoDecoder: Trying to find HW decoder for mime video/avc
04-08 17:52:55.659 20103 22374 I org.webrtc.Logging: MediaCodecVideoDecoder: Found candidate decoder OMX.Exynos.avc.dec
04-08 17:52:55.659 20103 22374 W VideoCapabilities: Unrecognized profile 2130706433 for video/avc
04-08 17:52:55.659 20103 22374 W VideoCapabilities: Unrecognized profile 2130706433 for video/avc
04-08 17:52:55.659 20103 22374 W VideoCapabilities: Unrecognized profile 2130706433 for video/avc
04-08 17:52:55.659 20103 22374 W VideoCapabilities: Unrecognized profile 2130706433 for video/avc
04-08 17:52:55.659 20103 22374 W VideoCapabilities: Unrecognized profile 2130706433 for video/avc
04-08 17:52:55.659 20103 22374 W VideoCapabilities: Unrecognized profile 2130706433 for video/avc
04-08 17:52:55.659 20103 22374 W VideoCapabilities: Unrecognized profile 2130706433 for video/avc
04-08 17:52:55.659 20103 22374 W VideoCapabilities: Unrecognized profile 2130706433 for video/avc
04-08 17:52:55.660 20103 22374 W VideoCapabilities: Unrecognized profile 2130706433 for video/avc
04-08 17:52:55.660 20103 22374 W VideoCapabilities: Unrecognized profile 2130706433 for video/avc
04-08 17:52:55.660 20103 22374 W VideoCapabilities: Unrecognized profile 2130706433 for video/avc
04-08 17:52:55.660 20103 22374 W VideoCapabilities: Unrecognized profile 2130706433 for video/avc
04-08 17:52:55.660 20103 22374 W VideoCapabilities: Unrecognized profile 2130706434 for video/avc
04-08 17:52:55.660 20103 22374 W VideoCapabilities: Unrecognized profile 2130706434 for video/avc
04-08 17:52:55.660 20103 22374 W VideoCapabilities: Unrecognized profile 2130706434 for video/avc
04-08 17:52:55.660 20103 22374 W VideoCapabilities: Unrecognized profile 2130706434 for video/avc
04-08 17:52:55.660 20103 22374 W VideoCapabilities: Unrecognized profile 2130706434 for video/avc
04-08 17:52:55.660 20103 22374 W VideoCapabilities: Unrecognized profile 2130706434 for video/avc
04-08 17:52:55.660 20103 22374 W VideoCapabilities: Unrecognized profile 2130706434 for video/avc
04-08 17:52:55.660 20103 22374 W VideoCapabilities: Unrecognized profile 2130706434 for video/avc
04-08 17:52:55.660 20103 22374 W VideoCapabilities: Unrecognized profile 2130706434 for video/avc
04-08 17:52:55.660 20103 22374 W VideoCapabilities: Unrecognized profile 2130706434 for video/avc
04-08 17:52:55.660 20103 22374 W VideoCapabilities: Unrecognized profile 2130706434 for video/avc
04-08 17:52:55.660 20103 22374 W VideoCapabilities: Unrecognized profile 2130706434 for video/avc
04-08 17:52:55.662 20103 22374 I org.webrtc.Logging: MediaCodecVideoDecoder: Found target decoder OMX.Exynos.avc.dec. Color: 0x13
04-08 17:52:55.666 20103 22379 D JVM     : AttachCurrentThreadIfNeeded::ctor@[tid=22379]
04-08 17:52:55.666 20103 22379 D JVM     : Attaching thread to JVM
04-08 17:52:55.666 20103 22379 D JVM     : JVM::environment@[tid=22379]
04-08 17:52:55.666 20103 22379 D JVM     : JNIEnvironment::ctor@[tid=22379]
04-08 17:52:55.666 20103 22379 D AudioManager: ctor@[tid=22379]
04-08 17:52:55.667 20103 22379 D JVM     : JNIEnvironment::RegisterNatives(org/webrtc/voiceengine/WebRtcAudioManager)
04-08 17:52:55.667 20103 22379 D JVM     : NativeRegistration::ctor@[tid=22379]
04-08 17:52:55.667 20103 22379 D JVM     : NativeRegistration::NewObject@[tid=22379]
04-08 17:52:55.667 20103 22379 I org.webrtc.Logging: WebRtcAudioManager: ctor@[name=Thread-62, id=16265]
04-08 17:52:55.668 20103 22379 I org.webrtc.Logging: WebRtcAudioManager: Sample rate is set to 48000 Hz
04-08 17:52:55.668 20103 22379 I org.webrtc.Logging: WebRtcAudioEffects: canUseAcousticEchoCanceler: true
04-08 17:52:55.668 20103 22379 I org.webrtc.Logging: WebRtcAudioEffects: canUseNoiseSuppressor: true
04-08 17:52:55.670 20103 22379 D AudioManager: OnCacheAudioParameters@[tid=22379]
04-08 17:52:55.670 20103 22379 D AudioManager: hardware_aec: 1
04-08 17:52:55.670 20103 22379 D AudioManager: hardware_agc: 0
04-08 17:52:55.670 20103 22379 D AudioManager: hardware_ns: 1
04-08 17:52:55.670 20103 22379 D AudioManager: low_latency_output: 0
04-08 17:52:55.670 20103 22379 D AudioManager: low_latency_input: 0
04-08 17:52:55.670 20103 22379 D AudioManager: pro_audio: 0
04-08 17:52:55.670 20103 22379 D AudioManager: sample_rate: 48000
04-08 17:52:55.670 20103 22379 D AudioManager: output_channels: 1
04-08 17:52:55.670 20103 22379 D AudioManager: input_channels: 1
04-08 17:52:55.670 20103 22379 D AudioManager: output_buffer_size: 5768
04-08 17:52:55.670 20103 22379 D AudioManager: input_buffer_size: 1920
04-08 17:52:55.670 20103 22379 D JVM     : GlobalRef::ctor@[tid=22379]
04-08 17:52:55.670 20103 22379 D AudioManager: JavaAudioManager::ctor@[tid=22379]
04-08 17:52:55.670 20103 22379 D AudioManager: IsLowLatencyPlayoutSupported()
04-08 17:52:55.670 20103 22379 D AudioManager: IsLowLatencyPlayoutSupported()
04-08 17:52:55.670 20103 22379 D JVM     : AttachCurrentThreadIfNeeded::ctor@[tid=22379]
04-08 17:52:55.671 20103 22379 D JVM     : JVM::environment@[tid=22379]
04-08 17:52:55.671 20103 22379 D JVM     : JNIEnvironment::ctor@[tid=22379]
04-08 17:52:55.671 20103 22379 D AudioTrackJni: ctor@[tid=22379]
04-08 17:52:55.671 20103 22379 D JVM     : JNIEnvironment::RegisterNatives(org/webrtc/voiceengine/WebRtcAudioTrack)
04-08 17:52:55.671 20103 22379 D JVM     : NativeRegistration::ctor@[tid=22379]
04-08 17:52:55.671 20103 22379 D JVM     : NativeRegistration::NewObject@[tid=22379]
04-08 17:52:55.671 20103 22379 I org.webrtc.Logging: WebRtcAudioTrack: ctor@[name=Thread-62, id=16265]
04-08 17:52:55.671 20103 22379 D JVM     : GlobalRef::ctor@[tid=22379]
04-08 17:52:55.671 20103 22379 D JVM     : AttachCurrentThreadIfNeeded::ctor@[tid=22379]
04-08 17:52:55.671 20103 22379 D JVM     : JVM::environment@[tid=22379]
04-08 17:52:55.671 20103 22379 D JVM     : JNIEnvironment::ctor@[tid=22379]
04-08 17:52:55.671 20103 22379 D AudioRecordJni: ctor@[tid=22379]
04-08 17:52:55.671 20103 22379 D JVM     : JNIEnvironment::RegisterNatives(org/webrtc/voiceengine/WebRtcAudioRecord)
04-08 17:52:55.672 20103 22379 D JVM     : NativeRegistration::ctor@[tid=22379]
04-08 17:52:55.672 20103 22379 D JVM     : NativeRegistration::NewObject@[tid=22379]
04-08 17:52:55.672 20103 22379 I org.webrtc.Logging: WebRtcAudioRecord: ctor@[name=Thread-62, id=16265]
04-08 17:52:55.672 20103 22379 I org.webrtc.Logging: WebRtcAudioEffects: ctor@[name=Thread-62, id=16265]
04-08 17:52:55.672 20103 22379 D JVM     : GlobalRef::ctor@[tid=22379]
04-08 17:52:55.672 20103 22379 D AudioManager: SetActiveAudioLayer(5)@[tid=22379]
04-08 17:52:55.672 20103 22379 D AudioManager: delay_estimate_in_milliseconds: 150
04-08 17:52:55.672 20103 22379 D AudioTrackJni: AttachAudioBuffer@[tid=22379]
04-08 17:52:55.672 20103 22379 D AudioTrackJni: SetPlayoutSampleRate(48000)
04-08 17:52:55.672 20103 22379 D AudioTrackJni: SetPlayoutChannels(1)
04-08 17:52:55.672 20103 22379 D AudioRecordJni: AttachAudioBuffer
04-08 17:52:55.672 20103 22379 D AudioRecordJni: SetRecordingSampleRate(48000)
04-08 17:52:55.672 20103 22379 D AudioRecordJni: SetRecordingChannels(1)
04-08 17:52:55.672 20103 22379 D AudioRecordJni: total_delay_in_milliseconds: 150
04-08 17:52:55.672 20103 22379 D AudioManager: Init@[tid=22379]
04-08 17:52:55.673 20103 22379 I org.webrtc.Logging: WebRtcAudioManager: init@[name=Thread-62, id=16265]
04-08 17:52:55.673 20103 22379 I org.webrtc.Logging: WebRtcAudioManager: audio mode is: MODE_NORMAL
04-08 17:52:55.675 20103 22379 D AudioTrackJni: Init@[tid=22379]
04-08 17:52:55.675 20103 22379 D AudioRecordJni: Init@[tid=22379]
04-08 17:52:55.676 20103 22379 D AudioRecordJni: EnableBuiltInAEC@[tid=22379]
04-08 17:52:55.676 20103 22379 I org.webrtc.Logging: WebRtcAudioRecord: enableBuiltInAEC(true)
04-08 17:52:55.677 20103 22379 I org.webrtc.Logging: WebRtcAudioEffects: setAEC(true)
04-08 17:52:55.677 20103 22379 I org.webrtc.Logging: WebRtcAudioEffects: canUseAcousticEchoCanceler: true
04-08 17:52:55.677 20103 22379 D AudioRecordJni: EnableBuiltInNS@[tid=22379]
04-08 17:52:55.677 20103 22379 I org.webrtc.Logging: WebRtcAudioRecord: enableBuiltInNS(true)
04-08 17:52:55.677 20103 22379 I org.webrtc.Logging: WebRtcAudioEffects: setNS(true)
04-08 17:52:55.677 20103 22379 I org.webrtc.Logging: WebRtcAudioEffects: canUseNoiseSuppressor: true
04-08 17:52:55.682 20103 22378 I org.webrtc.Logging: PeerConnectionFactory: onNetworkThreadReady
04-08 17:52:55.683 20103 22379 I org.webrtc.Logging: PeerConnectionFactory: onWorkerThreadReady
04-08 17:52:55.684 20103 22380 I org.webrtc.Logging: PeerConnectionFactory: onSignalingThreadReady
04-08 17:52:55.685 20103 22374 I org.webrtc.Logging: EglBase14: SDK version: 25. isEGL14Supported: true
04-08 17:52:55.687 20103 22374 I org.webrtc.Logging: EglBase14: SDK version: 25. isEGL14Supported: true
04-08 17:52:55.691 20103 22374 D AppRTCBluetoothManager: create
04-08 17:52:55.691 20103 22374 D AppRTCBluetoothManager: ctor
04-08 17:52:55.691 20103 22374 D InCallProximityManager: InCallProximityManager
04-08 17:52:55.692 20103 22374 D InCallProximityManager: use native screen locker...
04-08 17:52:55.692 20103 22374 D AppRTCProximitySensor: AppRTCProximitySensor
04-08 17:52:55.693 20103 22374 D InCallManager: InCallManager initialized
04-08 17:52:55.694 20103 22374 D ReactNative: Initializing React Xplat Bridge.
04-08 17:52:55.696 20103 22374 D ReactNative: Initializing React Xplat Bridge before initializeBridge
04-08 17:52:55.698 20103 22374 D ReactNative: Initializing React Xplat Bridge after initializeBridge
04-08 17:52:55.698 20103 22374 D ReactNative: CatalystInstanceImpl.runJSBundle()
04-08 17:52:55.699 20103 22385 D ReactNative: ReactInstanceManager.setupReactContext()
04-08 17:52:55.699 20103 22385 D ReactNative: CatalystInstanceImpl.initialize()
04-08 17:52:55.699 20103 20103 W unknown:ReactNative: Packager connection already open, nooping.
04-08 17:52:55.699 20103 22385 D InCallManager: onResume()
04-08 17:52:55.700 20103 22385 D ReactNative: ReactInstanceManager.attachRootViewToInstance()
04-08 17:52:55.798  2653  2653 D WifiTrafficPoller: notifyOnDataActivity() - mBusMaxLock.acquire()
04-08 17:52:55.912  2124 22146 I display : [PrimaryDisplay] [DYNAMIC_RECOMP] HWC_2_GLES by low FPS(0)
04-08 17:52:56.741 20103 22385 D InCallManager: RNInCallManager.checkRecordPermission(): enter
04-08 17:52:56.743 20103 22385 D InCallManager: RNInCallManager.checkRecordPermission(): recordPermission=granted
04-08 17:52:56.744 20103 22385 D InCallManager: RNInCallManager.checkCameraPermission(): enter
04-08 17:52:56.745 20103 22385 D InCallManager: RNInCallManager.checkCameraPermission(): cameraPermission=granted
04-08 17:52:56.752  2155  2699 D EnterpriseController: netId is 0
04-08 17:52:56.752  2155  2699 D DnsProxyListener: DNSDBG::dns addrinfo af 2
04-08 17:52:56.800  2653  2653 D WifiTrafficPoller: notifyOnDataActivity() - mBusMaxLock.acquire()
04-08 17:52:56.837  2124  2124 I display : [PrimaryDisplay] [DYNAMIC_RECOMP] first frame after HWC_2_GLES
04-08 17:52:56.837  2124  2124 I display : [PrimaryDisplay] [DYNAMIC_RECOMP] GLES_2_HWC by high FPS(5)
04-08 17:52:56.973 20103 20103 D ScrollView: initGoToTop
04-08 17:52:57.024 20103 20103 D ViewRootImpl@c782998[MainActivity]: Relayout returned: oldFrame=[0,0][720,1280] newFrame=[0,0][720,1280] result=0x1 surface={isValid=true -1710796800} surfaceGenerationChanged=false
04-08 17:52:57.041 20103 20103 D ViewRootImpl@c782998[MainActivity]: Relayout returned: oldFrame=[0,0][720,1280] newFrame=[0,0][720,1280] result=0x1 surface={isValid=true -1710796800} surfaceGenerationChanged=false
04-08 17:52:57.078  2653  4059 I SemPersonaManager: mKnoxInfo is empty
04-08 17:52:57.346  2155  2699 D EnterpriseController: netId is 0
04-08 17:52:57.346  2155  2699 D DnsProxyListener: DNSDBG::dns addrinfo af 2
04-08 17:52:57.414  2124 22146 I display : [PrimaryDisplay] [DYNAMIC_RECOMP] HWC_2_GLES by low FPS(3)
04-08 17:52:57.803  2653  2653 D WifiTrafficPoller: notifyOnDataActivity() - mBusMaxLock.acquire()
04-08 17:52:57.824  2124  2124 I display : [PrimaryDisplay] [DYNAMIC_RECOMP] first frame after HWC_2_GLES
04-08 17:52:57.824  2124  2124 I display : [PrimaryDisplay] [DYNAMIC_RECOMP] GLES_2_HWC by high FPS(5)
04-08 17:52:57.942  2653 12546 D SecContentProvider: query(), uri = 17 selection = isSettingsChangesAllowed
04-08 17:52:58.116  2124 22146 I display : [PrimaryDisplay] [DYNAMIC_RECOMP] HWC_2_GLES by low FPS(3)
04-08 17:52:58.124  2124  2124 I display : [PrimaryDisplay] [DYNAMIC_RECOMP] GLES_2_HWC by high FPS(7)
04-08 17:52:58.143 20103 20103 D ScrollView: initGoToTop
04-08 17:52:58.517  2124 22146 I display : [PrimaryDisplay] [DYNAMIC_RECOMP] HWC_2_GLES by low FPS(0)
04-08 17:52:58.627  2124  2124 I display : [PrimaryDisplay] [DYNAMIC_RECOMP] first frame after HWC_2_GLES
04-08 17:52:58.627  2124  2124 I display : [PrimaryDisplay] [DYNAMIC_RECOMP] GLES_2_HWC by high FPS(5)
04-08 17:52:58.807  2653  2653 D WifiTrafficPoller: notifyOnDataActivity() - mBusMaxLock.acquire()
04-08 17:52:59.218  2124 22146 I display : [PrimaryDisplay] [DYNAMIC_RECOMP] HWC_2_GLES by low FPS(3)
04-08 17:52:59.363  2155  2699 D EnterpriseController: netId is 0
04-08 17:52:59.364  2155  2699 D DnsProxyListener: DNSDBG::dns addrinfo af 2
04-08 17:52:59.764  2124  2124 I display : [PrimaryDisplay] [DYNAMIC_RECOMP] first frame after HWC_2_GLES
04-08 17:52:59.765  2124  2124 I display : [PrimaryDisplay] [DYNAMIC_RECOMP] GLES_2_HWC by high FPS(5)
04-08 17:52:59.809  2653  2653 D WifiTrafficPoller: notifyOnDataActivity() - mBusMaxLock.acquire()
04-08 17:53:00.007  2919  2919 D KeyguardUpdateMonitor: received broadcast android.intent.action.TIME_TICK, #start
04-08 17:53:00.007  2919  2919 D KeyguardUpdateMonitor: received broadcast android.intent.action.TIME_TICK, #end
04-08 17:53:00.007  2919  2919 D KeyguardUpdateMonitor: handleTimeUpdate#start : size=30
04-08 17:53:00.008  2919  2919 D KeyguardServiceBoxPageAdapter: mPageCacheMap.size() : 2
04-08 17:53:00.008  2919  2919 D KeyguardServiceBoxPageAdapter: viewName : servicebox_clock
04-08 17:53:00.008  2919  2919 D KeyguardServiceBoxPageAdapter: refreshViews#start
04-08 17:53:00.008  2919  2919 D KeyguardServiceBoxPageAdapter: refreshViews#end
04-08 17:53:00.008  2919  2919 D KeyguardServiceBoxPageAdapter: viewName : servicebox_music
04-08 17:53:00.008  2919  2919 D KeyguardServiceBoxPageAdapter: refreshViews#start
04-08 17:53:00.008  2919  2919 D KeyguardServiceBoxPageAdapter: refreshViews#end
04-08 17:53:00.008  2919  2919 D KeyguardUpdateMonitor: handleTimeUpdate#end
04-08 17:53:00.020  2124 22146 I display : [PrimaryDisplay] [DYNAMIC_RECOMP] HWC_2_GLES by low FPS(4)
04-08 17:53:00.031  2124  2124 I display : [PrimaryDisplay] [DYNAMIC_RECOMP] GLES_2_HWC by high FPS(5)
04-08 17:53:00.036  2919  2919 D TextClock: TextClock received ACTION_TIME_TICK : start
04-08 17:53:00.037  2919  2919 D TextClock: TextClock received ACTION_TIME_TICK : end
04-08 17:53:00.051  2919  2919 D TextClock: TextClock received ACTION_TIME_TICK : start
04-08 17:53:00.052  2919  2919 D TextClock: TextClock received ACTION_TIME_TICK : end
04-08 17:53:00.071  2919  2919 D TextClock: TextClock received ACTION_TIME_TICK : start
04-08 17:53:00.072  2919  2919 D TextClock: TextClock received ACTION_TIME_TICK : end
04-08 17:53:00.083  3957  3957 D TextClock: TextClock received ACTION_TIME_TICK : start
04-08 17:53:00.083  3957  3957 D TextClock: TextClock received ACTION_TIME_TICK : end
04-08 17:53:00.089  3957  3957 D TextClock: TextClock received ACTION_TIME_TICK : start
04-08 17:53:00.089  3957  3957 D TextClock: TextClock received ACTION_TIME_TICK : end
04-08 17:53:00.093  3957  3957 D TextClock: TextClock received ACTION_TIME_TICK : start
04-08 17:53:00.093  3957  3957 D TextClock: TextClock received ACTION_TIME_TICK : end
04-08 17:53:00.098  3957  3957 D TextClock: TextClock received ACTION_TIME_TICK : start
04-08 17:53:00.099  3957  3957 D TextClock: TextClock received ACTION_TIME_TICK : end
04-08 17:53:00.103  3957  3957 D TextClock: TextClock received ACTION_TIME_TICK : start
04-08 17:53:00.103  3957  3957 D TextClock: TextClock received ACTION_TIME_TICK : end
04-08 17:53:00.105  3957  3957 D TextClock: TextClock received ACTION_TIME_TICK : start
04-08 17:53:00.106  3957  3957 D TextClock: TextClock received ACTION_TIME_TICK : end
04-08 17:53:00.109  3957  3957 D TextClock: TextClock received ACTION_TIME_TICK : start
04-08 17:53:00.109  3957  3957 D TextClock: TextClock received ACTION_TIME_TICK : end
04-08 17:53:00.111  3957  3957 D TextClock: TextClock received ACTION_TIME_TICK : start
04-08 17:53:00.112  3957  3957 D TextClock: TextClock received ACTION_TIME_TICK : end
04-08 17:53:00.115  3957  3957 D TextClock: TextClock received ACTION_TIME_TICK : start
04-08 17:53:00.115  3957  3957 D TextClock: TextClock received ACTION_TIME_TICK : end
04-08 17:53:00.117  2919  2919 D TextClock: TextClock received ACTION_TIME_TICK : start
04-08 17:53:00.118  2919  2919 D TextClock: TextClock received ACTION_TIME_TICK : end
04-08 17:53:00.122  2919  2919 D TextClock: TextClock received ACTION_TIME_TICK : start
04-08 17:53:00.123  2919  2919 D TextClock: TextClock received ACTION_TIME_TICK : end
04-08 17:53:00.125  2919  2919 D TextClock: TextClock received ACTION_TIME_TICK : start
04-08 17:53:00.126  2919  2919 D TextClock: TextClock received ACTION_TIME_TICK : end
04-08 17:53:00.128  2919  2919 D TextClock: TextClock received ACTION_TIME_TICK : start
04-08 17:53:00.128  2919  2919 D TextClock: TextClock received ACTION_TIME_TICK : end
04-08 17:53:00.131  2919  2919 D TextClock: TextClock received ACTION_TIME_TICK : start
04-08 17:53:00.131  2919  2919 D TextClock: TextClock received ACTION_TIME_TICK : end
04-08 17:53:00.133  2919  2919 D TextClock: TextClock received ACTION_TIME_TICK : start
04-08 17:53:00.134  2919  2919 D TextClock: TextClock received ACTION_TIME_TICK : end
04-08 17:53:00.140 25230 25230 D [WeatherWidget(15311)]  WeatherService: {[B73D43639EB27FAA34EF41A6129C1FA787B8DDA06B4FC8C3DFFF289A8228DE1D07957C4CB0877FB29CB85D37C68D39BF076A5D6720D2DA7CE46EF7EA2858EC07]}
04-08 17:53:00.142 25230 25230 D [WeatherWidget(15311)]  : {[3AE6950019B083611567B0F9442DB03E36B37708FCADB7FDDBA670B1362D994454BFFFDA2568816BBDDA6DD60F644DCF]}
04-08 17:53:00.142 25230 25230 D [WeatherWidget(15311)]  DB L2: {[610591C4E30FED4A153FF198DAC84EFEE3319B0D622FD4A19809E90ED3C1398368D658B139FCCB8B9564F5B4E9CB634E67786D14D4A8F845BA7662284C7C1C41]}
04-08 17:53:00.143 25230 25230 D [WeatherWidget(15311)]  : {[E9BDC1AC9F9B078A92B3F309630276C89F9B6E52C087A495B97355481F2FDE5BB5CA68D930EF37FBAC9AD97DB5922F3E614D17E6B33C3EC6B4A375DD631A428A]}
04-08 17:53:00.144 25230 25230 D [WeatherWidget(15311)]  DB L2: {[610591C4E30FED4A153FF198DAC84EFE259FA03515F619060291D19B9A2E73CB46DA064369D1073FED4BA9669B425DCA13560377D0DAF636E38331AF0588871EFE9BFD6D6CEA2BDA3344A8AB58B71B6F]}
04-08 17:53:00.144 25230 25230 D [WeatherWidget(15311)]  DB L2: {[610591C4E30FED4A153FF198DAC84EFE1A65FB0EE8B7C5763A9CB231BC13495C3914C78DEB3E3844BDB3328DEE027C3F16880D2037A2CE6136731E0575ECB96A]}
04-08 17:53:00.147 25230 25230 D [WeatherWidget(15311)]  : {[3AE6950019B083611567B0F9442DB03EF4A0ECA9EDEEE1C6764DEF6294C10F4F0BAD60A0CC696E8D15537EBE77D0F441F941FE30DFEB6E45A2BAA0295B86238B6B5477898ADD292C8EB7917680951853]}
04-08 17:53:00.148 25230 25230 D [WeatherWidget(15311)]  : {[A1AF0F6A1A65A89C43D705938923D0FE0259CBA56E4484DDAF167EE897E0098DE850AA1CD21F02772909809D64B9BF9AE6E5F7F21958CF0F4DB66F85A12726FEE19193887DE34CC8721448847A3C2B405DFBF7E9F1A2D98A34E684E9E678838ECE14FCCD1889B1A22F1DFBBEA931AB7C]}
04-08 17:53:00.149 25230 25230 D [WeatherWidget(15311)]  : {[6002C44AFB8B8A7E8476445AF05D525CE2C157D06901632F47E42813CC40FF36]}
04-08 17:53:00.421  2124 22146 I display : [PrimaryDisplay] [DYNAMIC_RECOMP] HWC_2_GLES by low FPS(0)
04-08 17:53:00.792  2653  2735 D SensorService: [SO] 0.256 0.628 9.667
04-08 17:53:00.812  2653  2653 D WifiTrafficPoller: notifyOnDataActivity() - mBusMaxLock.acquire()
04-08 17:53:01.057  2653  2653 D SamsungPhoneWindowManager: ACTION_BATTERY_CHANGED - Level :: 100, battStatus :: 5
04-08 17:53:01.061  2919  2919 D KeyguardUpdateMonitor: received broadcast android.intent.action.BATTERY_CHANGED, #start
04-08 17:53:01.062  2919  2919 D KeyguardUpdateMonitor: received broadcast android.intent.action.BATTERY_CHANGED, #end
04-08 17:53:01.063  2919  2919 D PowerUI : showing power sharing dialogfalse
04-08 17:53:01.063  2919  2919 D PowerUI : priorPlugType = 2 mPlugType =  2
04-08 17:53:01.070  2919  2919 D BatteryMeterDrawable: isSomethingChanged - false
04-08 17:53:01.070  2919  2919 D BatteryMeterDrawable: isSomethingChanged - false
04-08 17:53:01.072  2919  2919 D BatteryController: onReceive - ACTION_BATTERY_CHANGED : mLevel = 100
04-08 17:53:01.102  2124  2124 I display : [PrimaryDisplay] [DYNAMIC_RECOMP] first frame after HWC_2_GLES
04-08 17:53:01.102  2124  2124 I display : [PrimaryDisplay] [DYNAMIC_RECOMP] GLES_2_HWC by high FPS(5)
04-08 17:53:01.378  2155  2699 D EnterpriseController: netId is 0
04-08 17:53:01.378  2155  2699 D DnsProxyListener: DNSDBG::dns addrinfo af 2
04-08 17:53:01.423  2124 22146 I display : [PrimaryDisplay] [DYNAMIC_RECOMP] HWC_2_GLES by low FPS(0)
04-08 17:53:01.815  2653  2653 D WifiTrafficPoller: notifyOnDataActivity() - mBusMaxLock.acquire()
04-08 17:53:02.818  2653  2653 D WifiTrafficPoller: notifyOnDataActivity() - mBusMaxLock.acquire()
04-08 17:53:03.347  2653  3338 D SecContentProvider: query(), uri = 17 selection = isSettingsChangesAllowed
04-08 17:53:03.394  2155  2699 D EnterpriseController: netId is 0
04-08 17:53:03.394  2155  2699 D DnsProxyListener: DNSDBG::dns addrinfo af 2
04-08 17:53:03.414  2919  3103 D NetworkController.MobileSignalController(1/2): onSignalStrengthsChanged signalStrength=SignalStrength: 1 99 -4 -200 -4 -200 -1 99 -110 -14 -20 2 2147483647 0x2002 gsm|lte level=2
04-08 17:53:03.414  2919  3103 D NetworkController.MobileSignalController(1/2): getMobileIconGroup(): 13
04-08 17:53:03.423  2919  2919 E SignalClusterView: setSlotFocusVisible : subId 2
04-08 17:53:03.423  2919  2919 E SignalClusterView: setSlotFocusVisible : subId 2
04-08 17:53:03.457  2124  2124 I display : [PrimaryDisplay] [DYNAMIC_RECOMP] first frame after HWC_2_GLES
04-08 17:53:03.457  2124  2124 I display : [PrimaryDisplay] [DYNAMIC_RECOMP] GLES_2_HWC by high FPS(5)
04-08 17:53:03.727  2124 22146 I display : [PrimaryDisplay] [DYNAMIC_RECOMP] HWC_2_GLES by low FPS(0)
04-08 17:53:03.822  2653  2653 D WifiTrafficPoller: notifyOnDataActivity() - mBusMaxLock.acquire()
04-08 17:53:04.825  2653  2653 D WifiTrafficPoller: notifyOnDataActivity() - mBusMaxLock.acquire()
04-08 17:53:05.410  2155  2699 D EnterpriseController: netId is 0
04-08 17:53:05.410  2155  2699 D DnsProxyListener: DNSDBG::dns addrinfo af 2
04-08 17:53:05.829  2653  2653 D WifiTrafficPoller: notifyOnDataActivity() - mBusMaxLock.acquire()
04-08 17:53:05.852  2124  2124 I display : [PrimaryDisplay] [DYNAMIC_RECOMP] first frame after HWC_2_GLES
04-08 17:53:05.852  2124  2124 I display : [PrimaryDisplay] [DYNAMIC_RECOMP] GLES_2_HWC by high FPS(5)
04-08 17:53:06.132  2124 22146 I display : [PrimaryDisplay] [DYNAMIC_RECOMP] HWC_2_GLES by low FPS(0)
04-08 17:53:06.833  2653  2653 D WifiTrafficPoller: notifyOnDataActivity() - mBusMaxLock.acquire()
04-08 17:53:06.855  2124  2124 I display : [PrimaryDisplay] [DYNAMIC_RECOMP] first frame after HWC_2_GLES
04-08 17:53:06.855  2124  2124 I display : [PrimaryDisplay] [DYNAMIC_RECOMP] GLES_2_HWC by high FPS(5)
04-08 17:53:07.134  2124 22146 I display : [PrimaryDisplay] [DYNAMIC_RECOMP] HWC_2_GLES by low FPS(0)
04-08 17:53:07.424  2155  2699 D EnterpriseController: netId is 0
04-08 17:53:07.425  2155  2699 D DnsProxyListener: DNSDBG::dns addrinfo af 2
04-08 17:53:07.837  2653  2653 D WifiTrafficPoller: notifyOnDataActivity() - mBusMaxLock.acquire()
04-08 17:53:08.840  2653  2653 D WifiTrafficPoller: notifyOnDataActivity() - mBusMaxLock.acquire()
04-08 17:53:09.439  2155  2699 D EnterpriseController: netId is 0
04-08 17:53:09.439  2155  2699 D DnsProxyListener: DNSDBG::dns addrinfo af 2
04-08 17:53:09.843  2653  2653 D WifiTrafficPoller: notifyOnDataActivity() - mBusMaxLock.acquire()
04-08 17:53:10.363 30627 30690 I GainCrystalsReceiver_gain_crystals_service: run, current time: 1523190190363
04-08 17:53:10.367 30627 30690 D EventBus: No subscribers registered for event class com.pockybop.sociali.services.gainCrystals.GainCrystalsCallbackEvent
04-08 17:53:10.367 30627 30690 D EventBus: No subscribers registered for event class org.greenrobot.eventbus.NoSubscriberEvent
04-08 17:53:10.369 30627 22406 I GainCrystalsTask_gain_crystals_service: next time: 1523190225363, currTime: 1523190190369
04-08 17:53:10.370 30627 22406 I GainCrystalsTask_gain_crystals_service: sleepTime: 34994
04-08 17:53:10.792  2653  2735 D SensorService: [SO] 0.265 0.652 9.651
04-08 17:53:10.847  2653  2653 D WifiTrafficPoller: notifyOnDataActivity() - mBusMaxLock.acquire()
04-08 17:53:11.146  2653  2653 D SamsungPhoneWindowManager: ACTION_BATTERY_CHANGED - Level :: 100, battStatus :: 5
04-08 17:53:11.149  2919  2919 D KeyguardUpdateMonitor: received broadcast android.intent.action.BATTERY_CHANGED, #start
04-08 17:53:11.149  2919  2919 D KeyguardUpdateMonitor: received broadcast android.intent.action.BATTERY_CHANGED, #end
04-08 17:53:11.151  2919  2919 D PowerUI : showing power sharing dialogfalse
04-08 17:53:11.151  2919  2919 D PowerUI : priorPlugType = 2 mPlugType =  2
04-08 17:53:11.156  2919  2919 D BatteryMeterDrawable: isSomethingChanged - false
04-08 17:53:11.156  2919  2919 D BatteryMeterDrawable: isSomethingChanged - false
04-08 17:53:11.158  2919  2919 D BatteryController: onReceive - ACTION_BATTERY_CHANGED : mLevel = 100
04-08 17:53:11.177 20103 22206 W unknown:ReactNative: Calling JS function after bridge has been destroyed: RCTDeviceEventEmitter.emit(["websocketFailed",{"message":null,"id":1}])
04-08 17:53:11.189  2124  2124 I display : [PrimaryDisplay] [DYNAMIC_RECOMP] first frame after HWC_2_GLES
04-08 17:53:11.190  2124  2124 I display : [PrimaryDisplay] [DYNAMIC_RECOMP] GLES_2_HWC by high FPS(5)
04-08 17:53:11.442  2124 22146 I display : [PrimaryDisplay] [DYNAMIC_RECOMP] HWC_2_GLES by low FPS(0)
04-08 17:53:11.455  2155  2699 D EnterpriseController: netId is 0
04-08 17:53:11.455  2155  2699 D DnsProxyListener: DNSDBG::dns addrinfo af 2
04-08 17:53:11.851  2653  2653 D WifiTrafficPoller: notifyOnDataActivity() - mBusMaxLock.acquire()
04-08 17:53:11.872  2124  2124 I display : [PrimaryDisplay] [DYNAMIC_RECOMP] first frame after HWC_2_GLES
04-08 17:53:11.872  2124  2124 I display : [PrimaryDisplay] [DYNAMIC_RECOMP] GLES_2_HWC by high FPS(5)
04-08 17:53:12.143  2124 22146 I display : [PrimaryDisplay] [DYNAMIC_RECOMP] HWC_2_GLES by low FPS(0)
04-08 17:53:12.278  2653  2846 D WifiWatchdogStateMachine:  [|208] []
04-08 17:53:12.499  2919  3103 D NetworkController.MobileSignalController(1/2): onSignalStrengthsChanged signalStrength=SignalStrength: 2 99 -2 -200 -2 -200 -1 2 -109 -14 -60 2 2147483647 0x2002 gsm|lte level=2
04-08 17:53:12.499  2919  3103 D NetworkController.MobileSignalController(1/2): getMobileIconGroup(): 13
04-08 17:53:12.499  3299  3437 D EPDG -- [MODEM]: message length is  9
04-08 17:53:12.499  3299  3437 D EPDG -- [MODEM]: countRead is 7 offset is 7remaining is 0
04-08 17:53:12.500  3299  3437 D EPDG -- EpdgIpcMessageFactory: ipcMainCmd: 8
04-08 17:53:12.500  3299  3437 D EPDG -- [UTILS]: isUSerBinary: true
04-08 17:53:12.500  3299  3437 D EPDG -- [RILRECEIVER]: [Rx]: Main: IPC_NET_CMD Sub: IPC_NET_REGIST
04-08 17:53:12.500  3299  3437 D EPDG -- [RILRECEIVER]: [Rx]: Param: FF 03 
04-08 17:53:12.501  3299  3437 I EPDG -- [RILRECEIVER]: RX [NET_REGIST] -- RESPONSE -- EPDG NOT AVAILABLE
04-08 17:53:12.501  3299  3437 D EPDG -- [NETIPCMESSAGE]: encodeNetRegist
04-08 17:53:12.501  3299  3437 D EPDG -- [UTILS]: isUSerBinary: true
04-08 17:53:12.503  3299  3437 D EPDG -- [IPCDISPATCHER]: [Tx]: Main: IPC_NET_CMD Sub: IPC_NET_REGIST Cmd Type: IPC_CMD_RESP
04-08 17:53:12.503  3299  3437 D EPDG -- [IPCDISPATCHER]: [Tx]: Param: 30 03 01 00 00 00 00 00 00 00 00 00 00 
04-08 17:53:12.503  3299  3437 D EPDG -- [MODEM]: EpdgModem instance already exists !
04-08 17:53:12.504  3299  3319 D EPDG -- [EPDGService]: Event received: RIL_EPDG_STATUS_QUERY
04-08 17:53:12.504  3299  3434 D EPDG -- [MODEM]: Successfully written to RIL
04-08 17:53:12.504  3299  3319 D EPDG -- [EPDGService]: handleMessage: cid - 1
04-08 17:53:12.530  2919  3103 D NetworkController.MobileSignalController(1/2): onCellLocationChanged
04-08 17:53:12.533  3205  3205 D SimManagerFactory: isDSAOIMSConfigOngoing: false
04-08 17:53:12.534  2653  3341 D SLocation: onCellLocationChanged 2 / 1
04-08 17:53:12.534  3205  3205 D PdnController: onCellLocationChanged:
04-08 17:53:12.534  3205  3205 D VolteServiceModule: onCellLocationChanged:
04-08 17:53:12.535  3205  3339 D RegiMgrBase: handleMessage: CELL_LOCATION_CHANGED
04-08 17:53:12.537  3205  3339 D PaniGenerator: generate: network=13, fallbackPlmn=405874
04-08 17:53:12.538  2653  3341 D TelephonyManager: getAllCellInfo : Caller (PID / UID / TID): 2653 / 1000 / 3341
04-08 17:53:12.541  3205  3339 D PaniGenerator: Don't use getDataPlmn if not in CS:1x and PS:LTE
04-08 17:53:12.544  3205  3339 D PaniGenerator: generate: change to NW PLMN(405854)
04-08 17:53:12.544  3205  3339 D TelephonyManager: getCellLocation : Caller (PID / UID / TID): 3205 / 1000 / 3339
04-08 17:53:12.550  3205  3339 D TelephonyManager: getCellLocation : Caller (PID / UID / TID): 3205 / 1000 / 3339
04-08 17:53:12.556  3205  3339 D RegiMgrBase: handleMessage: PLANI_IN_TIME_CHANGED
04-08 17:53:12.559  2653  3341 D SLocation: cellList : 21
04-08 17:53:12.560  3205  3476 D ImsSettingsProvider: Insert(3205, imsservice) : Uri[content://com.sec.ims.settings/debugconfig], value : real_pani=3GPP-E-UTRAN-FDD;utran-cell-id-3gpp=405854007e001cd31
04-08 17:53:12.560  3205  3476 D DebugConfigStorage: insert()
04-08 17:53:12.566  3205  3476 D ImsSettingsProvider: Query(3205, imsservice) : Uri[content://com.sec.ims.settings/debugconfig], pro : [fake_pani]
04-08 17:53:12.566  3205  3476 D DebugConfigStorage: query()
04-08 17:53:12.566  2653  3341 W SLocation: handleEvent ENTER : currentDirection 1
04-08 17:53:12.566  3205  3476 D StackIF : updatePani: 24611 pani: [3GPP-E-UTRAN-FDD;utran-cell-id-3gpp=405854007e001cd31]
04-08 17:53:12.567  3205  3478 D StackIF.Sender: handleMessage: what 1
04-08 17:53:12.567  3205  3478 D SECIMSJ : [2652]> REQUEST_UPDATE_PANI
04-08 17:53:12.568  2138  2261 E [IMS6.0]: ImsEventLoop: select (1), errno (11)
04-08 17:53:12.568  2138  2261 I [IMS6.0]: DispatchUpdatePani()
04-08 17:53:12.568  2653  3341 W SLocation: handleEvent ENTER : currentDirection 1
04-08 17:53:12.568  2138  2273 E [IMS6.0]: IMS_onResponse() Resp Id:600
04-08 17:53:12.568  2138  2273 I [IMS6.0]: ResponseGeneralResponse()
04-08 17:53:12.568  2138  2273 I [IMS6.0]: ResponseGeneralResponse() handle:6023
04-08 17:53:12.569  3205  3479 D SECIMSJ : [2652]< REQUEST_UPDATE_PANI
04-08 17:53:12.569  3205  3479 D StackIF : processResponse: reqId 95
04-08 17:53:12.569  3205  3479 D StackIF : processResponse: handle 24611 result REQUEST_SUCCESS reason REASON_NO_ERROR
04-08 17:53:12.570  2653  3341 W SLocation: handleEvent ENTER : currentDirection 1
04-08 17:53:12.572  2653  3341 W SLocation: handleEvent ENTER : currentDirection 1
04-08 17:53:12.854  2653  2653 D WifiTrafficPoller: notifyOnDataActivity() - mBusMaxLock.acquire()
04-08 17:53:13.469  2155  2699 D EnterpriseController: netId is 0
04-08 17:53:13.469  2155  2699 D DnsProxyListener: DNSDBG::dns addrinfo af 2
04-08 17:53:13.858  2653  2653 D WifiTrafficPoller: notifyOnDataActivity() - mBusMaxLock.acquire()
04-08 17:53:13.890  2124  2124 I display : [PrimaryDisplay] [DYNAMIC_RECOMP] first frame after HWC_2_GLES
04-08 17:53:13.890  2124  2124 I display : [PrimaryDisplay] [DYNAMIC_RECOMP] GLES_2_HWC by high FPS(5)
04-08 17:53:14.147  2124 22146 I display : [PrimaryDisplay] [DYNAMIC_RECOMP] HWC_2_GLES by low FPS(0)
04-08 17:53:14.862  2653  2653 D WifiTrafficPoller: notifyOnDataActivity() - mBusMaxLock.acquire()
04-08 17:53:15.484  2155  2699 D EnterpriseController: netId is 0
04-08 17:53:15.485  2155  2699 D DnsProxyListener: DNSDBG::dns addrinfo af 2
04-08 17:53:15.866  2653  2653 D WifiTrafficPoller: notifyOnDataActivity() - mBusMaxLock.acquire()
04-08 17:53:16.869  2653  2653 D WifiTrafficPoller: notifyOnDataActivity() - mBusMaxLock.acquire()
04-08 17:53:17.499  2155  2699 D EnterpriseController: netId is 0
04-08 17:53:17.500  2155  2699 D DnsProxyListener: DNSDBG::dns addrinfo af 2
04-08 17:53:17.873  2653  2653 D WifiTrafficPoller: notifyOnDataActivity() - mBusMaxLock.acquire()
04-08 17:53:18.876  2653  2653 D WifiTrafficPoller: notifyOnDataActivity() - mBusMaxLock.acquire()
04-08 17:53:18.907  2124  2124 I display : [PrimaryDisplay] [DYNAMIC_RECOMP] first frame after HWC_2_GLES
04-08 17:53:18.907  2124  2124 I display : [PrimaryDisplay] [DYNAMIC_RECOMP] GLES_2_HWC by high FPS(5)
04-08 17:53:19.257  2124 22146 I display : [PrimaryDisplay] [DYNAMIC_RECOMP] HWC_2_GLES by low FPS(0)
04-08 17:53:19.515  2155  2699 D EnterpriseController: netId is 0
04-08 17:53:19.515  2155  2699 D DnsProxyListener: DNSDBG::dns addrinfo af 2
04-08 17:53:19.880  2653  2653 D WifiTrafficPoller: notifyOnDataActivity() - mBusMaxLock.acquire()
04-08 17:53:19.917  2124  2124 I display : [PrimaryDisplay] [DYNAMIC_RECOMP] first frame after HWC_2_GLES
04-08 17:53:19.917  2124  2124 I display : [PrimaryDisplay] [DYNAMIC_RECOMP] GLES_2_HWC by high FPS(5)
04-08 17:53:20.259  2124 22146 I display : [PrimaryDisplay] [DYNAMIC_RECOMP] HWC_2_GLES by low FPS(0)
04-08 17:53:20.787  3957  3957 I Launcher: onReceive: com.samsung.action.EVERY_MINUTE_CLOCK_UPDATE
04-08 17:53:20.793  2653  2735 D SensorService: [SO] 0.262 0.649 9.644
04-08 17:53:20.795  3957  3957 I IconView: applyFromShortcutInfo - start GetLive : com.samsung.android.calendar
04-08 17:53:20.795  3957  3957 I BitmapCacheContainer: getBitmapCache: BitmapCache expired com.samsung.android.calendar/UserHandle{0}
04-08 17:53:20.797  3957  3957 E ApplicationPackageManager: checkSettingsForIconTray value : 0
04-08 17:53:20.797  3957  4401 E ApplicationPackageManager: checkSettingsForIconTray value : 0
04-08 17:53:20.802  3957  3957 D ApplicationPackageManager: we has com.samsung.android.calendar class. reuse it 
04-08 17:53:20.802  3957  4401 D ApplicationPackageManager: we has com.samsung.android.calendar class. reuse it 
04-08 17:53:20.841  3957  4401 I ApplicationPackageManager: load= live icon for com.samsung.android.calendar, from overlay = false
04-08 17:53:20.844  3957  3957 I ApplicationPackageManager: load= live icon for com.samsung.android.calendar, from overlay = false
04-08 17:53:20.845  3957  4401 I LiveIconFactory: onFutureDone: done: com.samsung.android.calendar,UserHandle{0}
04-08 17:53:20.845  3957  4401 D LiveIconManager: onResponseLiveIcon: 
04-08 17:53:20.848  3957  3957 I LiveIconManager: getLiveIcon: complete(sync_created)
04-08 17:53:20.848  3957  3957 I IconView: applyFromShortcutInfo - end GetLive : com.samsung.android.calendar
04-08 17:53:20.858  2653  4059 I SemPersonaManager: mKnoxInfo is empty
04-08 17:53:20.870  2653  2669 I SemPersonaManager: mKnoxInfo is empty
04-08 17:53:20.881  2653  2791 I SemPersonaManager: mKnoxInfo is empty
04-08 17:53:20.881  2653  2653 D WifiTrafficPoller: notifyOnDataActivity() - mBusMaxLock.acquire()
04-08 17:53:20.885  2653  3338 I SemPersonaManager: mKnoxInfo is empty
04-08 17:53:20.894  2653  4066 I SemPersonaManager: mKnoxInfo is empty
04-08 17:53:20.925  2653  3427 I SemPersonaManager: mKnoxInfo is empty
04-08 17:53:20.935  2919  3103 D NetworkController.MobileSignalController(0/1): onSignalStrengthsChanged signalStrength=SignalStrength: 13 99 -8 -200 -8 -200 -1 0 2147483647 2147483647 2147483647 2147483647 2147483647 0x3 gsm|lte level=3
04-08 17:53:20.936  2919  3103 D NetworkController.MobileSignalController(0/1): getMobileIconGroup(): 0
