04-08 17:54:30.039  2155  2699 D EnterpriseController: netId is 0
04-08 17:54:30.039  2155  2699 D DnsProxyListener: DNSDBG::dns addrinfo af 2
04-08 17:54:30.112  2653  2653 D WifiTrafficPoller: notifyOnDataActivity() - mBusMaxLock.acquire()
04-08 17:54:30.793  2653  2735 D SensorService: [SO] 0.263 0.650 9.649
04-08 17:54:31.116  2653  2653 D WifiTrafficPoller: notifyOnDataActivity() - mBusMaxLock.acquire()
04-08 17:54:32.054  2155  2699 D EnterpriseController: netId is 0
04-08 17:54:32.055  2155  2699 D DnsProxyListener: DNSDBG::dns addrinfo af 2
04-08 17:54:32.119  2653  2653 D WifiTrafficPoller: notifyOnDataActivity() - mBusMaxLock.acquire()
04-08 17:54:32.554  4043  4169 D ContactsProvider_EventLog: contents_sample_state: [ contacts(331) data(2459) accounts({org.telegram.messenger (11)=72, com.whatsapp (7)=170, vnd.sec.contact.phone (1)=2, com.google (12)=2, vnd.sec.contact.sim (3)=24, com.truecaller.account (6)=276, vnd.sec.contact.sim2 (2)=7}) accounts deleted({}) calls([logtype:100 cnt:394, logtype:300 cnt:500, logtype:1000 cnt:106]) countryIso(IN) userId(0)  ]
04-08 17:54:32.554  4043  4169 D ContactsProvider_EventLog: contents_sample_state: [ agr({[11 ,6 ,6 ,7]=3, [11]=46, [1 ,6]=1, [1]=1, [6]=82, [12 ,7]=2, [6 ,7 ,11]=1, [11 ,6 ,7]=16, [6 ,6 ,6 ,6 ,7]=1, [11 ,3]=1, [3 ,7]=5, [6 ,7]=129, [6 ,6]=2, [6 ,6 ,7]=11, [6 ,11 ,7]=1, [3 ,6]=5, [3]=12, [11 ,6]=4, [2]=7, [3 ,6 ,7]=1})  ]
04-08 17:54:32.554  4043  4169 D ContactsProvider_EventLog: contents_sample_state: [ actCnt({android.process.acore=1})  ]
04-08 17:54:32.557  4043  4169 E ContactsProvider_EventLog: Flush buffer to file cnt : 1 size : 1Kb duration : 2ms lastUpdatedAfter : 60124 ms mFlush_time_threasold : 2000 mCurrentSize : 740
04-08 17:54:33.123  2653  2653 D WifiTrafficPoller: notifyOnDataActivity() - mBusMaxLock.acquire()
04-08 17:54:34.071  2155  2699 D EnterpriseController: netId is 0
04-08 17:54:34.071  2155  2699 D DnsProxyListener: DNSDBG::dns addrinfo af 2
04-08 17:54:34.127  2653  2653 D WifiTrafficPoller: notifyOnDataActivity() - mBusMaxLock.acquire()
04-08 17:54:35.129  2653  2653 D WifiTrafficPoller: notifyOnDataActivity() - mBusMaxLock.acquire()
04-08 17:54:36.086  2155  2699 D EnterpriseController: netId is 0
04-08 17:54:36.086  2155  2699 D DnsProxyListener: DNSDBG::dns addrinfo af 2
04-08 17:54:36.088  2653  2669 D DnsEventListenerService: Logging 100 results for netId 534
04-08 17:54:36.133  2653  2653 D WifiTrafficPoller: notifyOnDataActivity() - mBusMaxLock.acquire()
04-08 17:54:36.157  2124  2124 I display : [PrimaryDisplay] [DYNAMIC_RECOMP] first frame after HWC_2_GLES
04-08 17:54:36.157  2124  2124 I display : [PrimaryDisplay] [DYNAMIC_RECOMP] GLES_2_HWC by high FPS(5)
04-08 17:54:36.506  2124 22146 I display : [PrimaryDisplay] [DYNAMIC_RECOMP] HWC_2_GLES by low FPS(0)
04-08 17:54:37.137  2653  2653 D WifiTrafficPoller: notifyOnDataActivity() - mBusMaxLock.acquire()
04-08 17:54:37.179  2124  2124 I display : [PrimaryDisplay] [DYNAMIC_RECOMP] first frame after HWC_2_GLES
04-08 17:54:37.180  2124  2124 I display : [PrimaryDisplay] [DYNAMIC_RECOMP] GLES_2_HWC by high FPS(5)
04-08 17:54:37.508  2124 22146 I display : [PrimaryDisplay] [DYNAMIC_RECOMP] HWC_2_GLES by low FPS(0)
04-08 17:54:37.746  2919  3103 D NetworkController.MobileSignalController(0/1): onSignalStrengthsChanged signalStrength=SignalStrength: 10 99 -10 -200 -10 -200 -1 99 2147483647 2147483647 2147483647 2147483647 2147483647 0x3 gsm|lte level=3
04-08 17:54:37.746  2919  3103 D NetworkController.MobileSignalController(0/1): getMobileIconGroup(): 0
04-08 17:54:38.100  2155  2699 D EnterpriseController: netId is 0
04-08 17:54:38.100  2155  2699 D DnsProxyListener: DNSDBG::dns addrinfo af 2
04-08 17:54:38.140  2653  2653 D WifiTrafficPoller: notifyOnDataActivity() - mBusMaxLock.acquire()
04-08 17:54:39.143  2653  2653 D WifiTrafficPoller: notifyOnDataActivity() - mBusMaxLock.acquire()
04-08 17:54:39.170  2124  2124 I display : [PrimaryDisplay] [DYNAMIC_RECOMP] first frame after HWC_2_GLES
04-08 17:54:39.170  2124  2124 I display : [PrimaryDisplay] [DYNAMIC_RECOMP] GLES_2_HWC by high FPS(5)
04-08 17:54:39.512  2124 22146 I display : [PrimaryDisplay] [DYNAMIC_RECOMP] HWC_2_GLES by low FPS(0)
04-08 17:54:39.741  2653  2757 D InputReader: Input event(1): value=1 when=227494510105000
04-08 17:54:39.742  2653  2757 D InputReader: Input event(1): value=1 when=227494510105000
04-08 17:54:39.742  2653  2757 I InputReader: Touch event's action is 0x0 (deviceType=0) [pCnt=1, s=0.2301 ] when=227494510105000
04-08 17:54:39.742  2653  2756 I InputDispatcher: Delivering touch to (2919): action: 0x4, toolType: 1
04-08 17:54:39.742  2653  2756 I InputDispatcher: Delivering touch to (20103): action: 0x0, toolType: 1
04-08 17:54:39.743 20103 20103 D ViewRootImpl@c782998[MainActivity]: ViewPostImeInputStage processPointer 0
04-08 17:54:39.804  2124  2124 I display : [PrimaryDisplay] [DYNAMIC_RECOMP] first frame after HWC_2_GLES
04-08 17:54:39.804  2124  2124 I display : [PrimaryDisplay] [DYNAMIC_RECOMP] GLES_2_HWC by high FPS(5)
04-08 17:54:39.844  2653  2757 D InputReader: Input event(1): value=0 when=227494613294000
04-08 17:54:39.845  2653  2757 D InputReader: Input event(1): value=0 when=227494613294000
04-08 17:54:39.845  2653  2757 I InputReader: Touch event's action is 0x1 (deviceType=0) [pCnt=1, s=] when=227494613294000
04-08 17:54:39.845  2653  2756 I InputDispatcher: Delivering touch to (20103): action: 0x1, toolType: 1
04-08 17:54:39.850 20103 20103 D ViewRootImpl@c782998[MainActivity]: ViewPostImeInputStage processPointer 1
04-08 17:54:40.130  2155  2699 D EnterpriseController: netId is 0
04-08 17:54:40.130  2155  2699 D DnsProxyListener: DNSDBG::dns addrinfo af 2
04-08 17:54:40.145  2653  2653 D WifiTrafficPoller: notifyOnDataActivity() - mBusMaxLock.acquire()
04-08 17:54:40.459  2653  2757 D InputReader: Input event(1): value=1 when=227495227739000
04-08 17:54:40.459  2653  2757 D InputReader: Input event(1): value=1 when=227495227739000
04-08 17:54:40.459  2653  2757 I InputReader: Touch event's action is 0x0 (deviceType=0) [pCnt=1, s=0.2302 ] when=227495227739000
04-08 17:54:40.460  2653  2756 I InputDispatcher: Delivering touch to (2919): action: 0x4, toolType: 1
04-08 17:54:40.460  2653  2756 I InputDispatcher: Delivering touch to (20103): action: 0x0, toolType: 1
04-08 17:54:40.461 20103 20103 D ViewRootImpl@c782998[MainActivity]: ViewPostImeInputStage processPointer 0
04-08 17:54:40.582  2653  2757 D InputReader: Input event(1): value=0 when=227495350466000
04-08 17:54:40.582  2653  2757 D InputReader: Input event(1): value=0 when=227495350466000
04-08 17:54:40.582  2653  2757 I InputReader: Touch event's action is 0x1 (deviceType=0) [pCnt=1, s=] when=227495350466000
04-08 17:54:40.582  2653  2756 I InputDispatcher: Delivering touch to (20103): action: 0x1, toolType: 1
04-08 17:54:40.582 20103 20103 D ViewRootImpl@c782998[MainActivity]: ViewPostImeInputStage processPointer 1
04-08 17:54:40.692  2919  3103 D NetworkController.MobileSignalController(1/2): onSignalStrengthsChanged signalStrength=SignalStrength: 2 99 -1 -200 -1 -200 -1 99 -112 -14 0 2 2147483647 0x1001 gsm|lte level=1
04-08 17:54:40.692  2919  3103 D NetworkController.MobileSignalController(1/2): getMobileIconGroup(): 13
04-08 17:54:40.699  2919  2919 E SignalClusterView: setSlotFocusVisible : subId 2
04-08 17:54:40.699  2919  2919 E SignalClusterView: setSlotFocusVisible : subId 2
04-08 17:54:40.793  2653  2735 D SensorService: [SO] 0.255 0.661 9.655
04-08 17:54:41.147  2653  2653 D WifiTrafficPoller: notifyOnDataActivity() - mBusMaxLock.acquire()
04-08 17:54:41.515  2124 22146 I display : [PrimaryDisplay] [DYNAMIC_RECOMP] HWC_2_GLES by low FPS(0)
04-08 17:54:41.973  2919  3103 D NetworkController.MobileSignalController(1/2): onSignalStrengthsChanged signalStrength=SignalStrength: 1 99 -1 -200 -1 -200 -1 1 -110 -14 0 2 2147483647 0x1001 gsm|lte level=1
04-08 17:54:41.973  2919  3103 D NetworkController.MobileSignalController(1/2): getMobileIconGroup(): 13
04-08 17:54:41.982  2919  3103 D NetworkController.MobileSignalController(1/2): onSignalStrengthsChanged signalStrength=SignalStrength: 1 99 -4 -200 -4 -200 -1 99 -110 -14 0 2 2147483647 0x2002 gsm|lte level=2
04-08 17:54:41.982  2919  3103 D NetworkController.MobileSignalController(1/2): getMobileIconGroup(): 13
04-08 17:54:41.989  2919  2919 E SignalClusterView: setSlotFocusVisible : subId 2
04-08 17:54:41.989  2919  2919 E SignalClusterView: setSlotFocusVisible : subId 2
04-08 17:54:42.012  2124  2124 I display : [PrimaryDisplay] [DYNAMIC_RECOMP] first frame after HWC_2_GLES
04-08 17:54:42.012  2124  2124 I display : [PrimaryDisplay] [DYNAMIC_RECOMP] GLES_2_HWC by high FPS(5)
04-08 17:54:42.144  2155  2699 D EnterpriseController: netId is 0
04-08 17:54:42.144  2155  2699 D DnsProxyListener: DNSDBG::dns addrinfo af 2
04-08 17:54:42.150  2653  2653 D WifiTrafficPoller: notifyOnDataActivity() - mBusMaxLock.acquire()
04-08 17:54:42.317  2124 22146 I display : [PrimaryDisplay] [DYNAMIC_RECOMP] HWC_2_GLES by low FPS(0)
04-08 17:54:43.153  2653  2653 D WifiTrafficPoller: notifyOnDataActivity() - mBusMaxLock.acquire()
04-08 17:54:44.157  2653  2653 D WifiTrafficPoller: notifyOnDataActivity() - mBusMaxLock.acquire()
04-08 17:54:44.160  2155  2699 D EnterpriseController: netId is 0
04-08 17:54:44.160  2155  2699 D DnsProxyListener: DNSDBG::dns addrinfo af 2
04-08 17:54:45.160  2653  2653 D WifiTrafficPoller: notifyOnDataActivity() - mBusMaxLock.acquire()
04-08 17:54:46.163  2653  2653 D WifiTrafficPoller: notifyOnDataActivity() - mBusMaxLock.acquire()
04-08 17:54:46.174  2155  2699 D EnterpriseController: netId is 0
04-08 17:54:46.174  2155  2699 D DnsProxyListener: DNSDBG::dns addrinfo af 2
04-08 17:54:47.167  2653  2653 D WifiTrafficPoller: notifyOnDataActivity() - mBusMaxLock.acquire()
04-08 17:54:47.956  2919  3103 D NetworkController.MobileSignalController(0/1): onCellLocationChanged
04-08 17:54:47.966  2653  3341 D SLocation: onCellLocationChanged 1 / 0
04-08 17:54:47.970  2653  3341 D TelephonyManager: getAllCellInfo : Caller (PID / UID / TID): 2653 / 1000 / 3341
04-08 17:54:47.992  2653  3341 D SLocation: cellList : 18
04-08 17:54:48.001  2653  3341 W SLocation: handleEvent ENTER : currentDirection 1
04-08 17:54:48.004  2653  3341 W SLocation: handleEvent ENTER : currentDirection 1
04-08 17:54:48.006  2653  3341 W SLocation: handleEvent ENTER : currentDirection 1
04-08 17:54:48.008  2653  3341 W SLocation: handleEvent ENTER : currentDirection 1
04-08 17:54:48.169  2653  2653 D WifiTrafficPoller: notifyOnDataActivity() - mBusMaxLock.acquire()
04-08 17:54:48.189  2155  2699 D EnterpriseController: netId is 0
04-08 17:54:48.189  2155  2699 D DnsProxyListener: DNSDBG::dns addrinfo af 2
04-08 17:54:49.173  2653  2653 D WifiTrafficPoller: notifyOnDataActivity() - mBusMaxLock.acquire()
04-08 17:54:49.606  2919  3103 D NetworkController.MobileSignalController(0/1): onSignalStrengthsChanged signalStrength=SignalStrength: 14 99 -14 -200 -14 -200 -1 99 2147483647 2147483647 2147483647 2147483647 2147483647 0x3 gsm|lte level=3
04-08 17:54:49.606  2919  3103 D NetworkController.MobileSignalController(0/1): getMobileIconGroup(): 0
04-08 17:54:50.175  2653  2653 D WifiTrafficPoller: notifyOnDataActivity() - mBusMaxLock.acquire()
04-08 17:54:50.204  2155  2699 D EnterpriseController: netId is 0
04-08 17:54:50.204  2155  2699 D DnsProxyListener: DNSDBG::dns addrinfo af 2
04-08 17:54:50.793  2653  2735 D SensorService: [SO] 0.235 0.655 9.651
04-08 17:54:51.178  2653  2653 D WifiTrafficPoller: notifyOnDataActivity() - mBusMaxLock.acquire()
04-08 17:54:52.182  2653  2653 D WifiTrafficPoller: notifyOnDataActivity() - mBusMaxLock.acquire()
04-08 17:54:52.219  2155  2699 D EnterpriseController: netId is 0
04-08 17:54:52.219  2155  2699 D DnsProxyListener: DNSDBG::dns addrinfo af 2
04-08 17:54:52.316  3299  3310 D EPDG -- [NETMGMT]: Interface Data activity changed : label: 1 : active: false
04-08 17:54:52.521  3299  5970 D EPDG -- [NETMGMT]: Interface Data activity changed : label: 1 : active: true
04-08 17:54:53.185  2653  2653 D WifiTrafficPoller: notifyOnDataActivity() - mBusMaxLock.acquire()
04-08 17:54:53.218  2124  2124 I display : [PrimaryDisplay] [DYNAMIC_RECOMP] first frame after HWC_2_GLES
04-08 17:54:53.218  2124  2124 I display : [PrimaryDisplay] [DYNAMIC_RECOMP] GLES_2_HWC by high FPS(5)
04-08 17:54:53.538  2124 22146 I display : [PrimaryDisplay] [DYNAMIC_RECOMP] HWC_2_GLES by low FPS(0)
04-08 17:54:54.189  2653  2653 D WifiTrafficPoller: notifyOnDataActivity() - mBusMaxLock.acquire()
04-08 17:54:54.221  2124  2124 I display : [PrimaryDisplay] [DYNAMIC_RECOMP] first frame after HWC_2_GLES
04-08 17:54:54.221  2124  2124 I display : [PrimaryDisplay] [DYNAMIC_RECOMP] GLES_2_HWC by high FPS(5)
04-08 17:54:54.233  2155  2699 D EnterpriseController: netId is 0
04-08 17:54:54.233  2155  2699 D DnsProxyListener: DNSDBG::dns addrinfo af 2
04-08 17:54:54.539  2124 22146 I display : [PrimaryDisplay] [DYNAMIC_RECOMP] HWC_2_GLES by low FPS(0)
04-08 17:54:55.193  2653  2653 D WifiTrafficPoller: notifyOnDataActivity() - mBusMaxLock.acquire()
04-08 17:54:55.559  2919  3103 D NetworkController.MobileSignalController(0/1): onSignalStrengthsChanged signalStrength=SignalStrength: 14 99 -16 -200 -16 -200 -1 0 2147483647 2147483647 2147483647 2147483647 2147483647 0x4 gsm|lte level=4
04-08 17:54:55.559  2919  3103 D NetworkController.MobileSignalController(0/1): getMobileIconGroup(): 0
04-08 17:54:55.566  2919  2919 E SignalClusterView: setSlotFocusVisible : subId 1
04-08 17:54:55.567  2919  2919 E SignalClusterView: setSlotFocusVisible : subId 1
04-08 17:54:55.590  2124  2124 I display : [PrimaryDisplay] [DYNAMIC_RECOMP] first frame after HWC_2_GLES
04-08 17:54:55.590  2124  2124 I display : [PrimaryDisplay] [DYNAMIC_RECOMP] GLES_2_HWC by high FPS(5)
04-08 17:54:55.842  2124 22146 I display : [PrimaryDisplay] [DYNAMIC_RECOMP] HWC_2_GLES by low FPS(0)
04-08 17:54:56.196  2653  2653 D WifiTrafficPoller: notifyOnDataActivity() - mBusMaxLock.acquire()
04-08 17:54:56.246  2155  2699 D EnterpriseController: netId is 0
04-08 17:54:56.246  2155  2699 D DnsProxyListener: DNSDBG::dns addrinfo af 2
04-08 17:54:57.200  2653  2653 D WifiTrafficPoller: notifyOnDataActivity() - mBusMaxLock.acquire()
04-08 17:54:57.974 30627 22525 I GainCrystalsReceiver_gain_crystals_service: retry iteration 0
04-08 17:54:57.978 30627 22525 I System.out: (HTTPLog)-Static: isSBSettingEnabled false
04-08 17:54:57.978 30627 22525 I System.out: (HTTPLog)-Static: isSBSettingEnabled false
04-08 17:54:57.983  2155  2699 D EnterpriseController: netId is 0
04-08 17:54:57.983  2155  2699 D DnsProxyListener: DNSDBG::dns addrinfo af 2
04-08 17:54:58.099  2653  4066 D SecContentProvider: query(), uri = 17 selection = isSettingsChangesAllowed
04-08 17:54:58.151  2124  2124 I display : [PrimaryDisplay] [DYNAMIC_RECOMP] first frame after HWC_2_GLES
04-08 17:54:58.151  2124  2124 I display : [PrimaryDisplay] [DYNAMIC_RECOMP] GLES_2_HWC by high FPS(5)
04-08 17:54:58.203  2653  2653 D WifiTrafficPoller: notifyOnDataActivity() - mBusMaxLock.acquire()
04-08 17:54:58.260  2155  2699 D EnterpriseController: netId is 0
04-08 17:54:58.261  2155  2699 D DnsProxyListener: DNSDBG::dns addrinfo af 2
04-08 17:54:58.287 30627 22525 D WebkitCookieManagerProxy2: set url: http://neutrino-app.com/v7//earnings/likes/auto/task/take
04-08 17:54:58.287 30627 22525 D WebkitCookieManagerProxy2: set cookie: backendSessionId=cjFYOEszV01kb2V4WVlGMjNXelBvcXd5eFBkL1FUK2VKZ3Zla3l1NGxOd1lnamFrQTducjJlU3VsVFFPOTVITVBUNGYwY1JPWEFvL1pOUVFmY2FxUkRlSEYwK00ybkk1bjFnMWRkOG9IbUZHQXpZRTFxcmo4YU4wQ0I2TzY4SnBmTHZzQk5KOGIxOVRteXRYRVA4UHVjT3BtTUdwejhtR0w2SGd0aXZGcGZGVlJ1Sk5ubVp0Q0xMNTg1QVppUm9xWXExSWxzWnh3RkFjNGNwYVJPV1orNExBNGdPUWFjdmxnZ3N2UmxtR21UbDhScVBGTXVVNzBwUmIrZlV6OEVyb1NDYmV0Z1U3SU5KMW1aSUNZdERoWlE9PQ==; Path=/
04-08 17:54:58.291 30627 22525 D dtsey   : followTask: FollowTask{userId=-1, userLink='DUMMY_USER_NAME'}
04-08 17:54:58.294 30627 22525 I System.out: (HTTPLog)-Static: isSBSettingEnabled false
04-08 17:54:58.295 30627 22525 I System.out: (HTTPLog)-Static: isSBSettingEnabled false
04-08 17:54:58.447  2124 22146 I display : [PrimaryDisplay] [DYNAMIC_RECOMP] HWC_2_GLES by low FPS(3)
04-08 17:54:58.451  2124  2124 I display : [PrimaryDisplay] [DYNAMIC_RECOMP] GLES_2_HWC by high FPS(5)
04-08 17:54:58.748  2124 22146 I display : [PrimaryDisplay] [DYNAMIC_RECOMP] HWC_2_GLES by low FPS(0)
04-08 17:54:58.797 19790 19834 I PlayCommon: [15559] com.google.android.play.b.h.e(263): Preparing logs for uploading
04-08 17:54:58.798 19790 19834 I PlayCommon: [15559] com.google.android.play.b.h.e(267): No file ready to send
04-08 17:54:59.007 30627 22525 D WebkitCookieManagerProxy2: set url: https://www.instagram.com/p/BNr1wONBO6L/?taken-by=irina.nekrasova96
04-08 17:54:59.008 30627 22525 D WebkitCookieManagerProxy2: set cookie: csrftoken=dY5u0CU9X6BFkaPOf1C4mTmfZkR26jPC; expires=Sun, 07-Apr-2019 12:24:59 GMT; Max-Age=31449600; Path=/; Secure
04-08 17:54:59.009 30627 22525 D WebkitCookieManagerProxy2: set url: https://www.instagram.com/p/BNr1wONBO6L/?taken-by=irina.nekrasova96
04-08 17:54:59.009 30627 22525 D WebkitCookieManagerProxy2: set cookie: rur=PRN; Path=/
04-08 17:54:59.010 30627 22525 D WebkitCookieManagerProxy2: set url: https://www.instagram.com/p/BNr1wONBO6L/?taken-by=irina.nekrasova96
04-08 17:54:59.010 30627 22525 D WebkitCookieManagerProxy2: set cookie: ds_user_id=382124928; expires=Sat, 07-Jul-2018 12:24:59 GMT; Max-Age=7776000; Path=/
04-08 17:54:59.011 30627 22525 D WebkitCookieManagerProxy2: set url: https://www.instagram.com/p/BNr1wONBO6L/?taken-by=irina.nekrasova96
04-08 17:54:59.011 30627 22525 D WebkitCookieManagerProxy2: set cookie: urlgen="{\"time\": 1523124306}:1f59NT:V8nSsLyPOMUQ2cuYac03cvIsTko"; Path=/
04-08 17:54:59.047 30627 22525 I System.out: (HTTPLog)-Static: isSBSettingEnabled false
04-08 17:54:59.047 30627 22525 I System.out: (HTTPLog)-Static: isSBSettingEnabled false
04-08 17:54:59.050  2155  2699 D EnterpriseController: netId is 0
04-08 17:54:59.050  2155  2699 D DnsProxyListener: DNSDBG::dns addrinfo af 2
04-08 17:54:59.207  2653  2653 D WifiTrafficPoller: notifyOnDataActivity() - mBusMaxLock.acquire()
04-08 17:55:00.007  3957  3957 I Launcher: onReceive: com.samsung.action.EVERY_MINUTE_CLOCK_UPDATE
04-08 17:55:00.009  2919  2919 D KeyguardUpdateMonitor: received broadcast android.intent.action.TIME_TICK, #start
04-08 17:55:00.009  2919  2919 D KeyguardUpdateMonitor: received broadcast android.intent.action.TIME_TICK, #end
04-08 17:55:00.010  2919  2919 D KeyguardUpdateMonitor: handleTimeUpdate#start : size=30
04-08 17:55:00.010  2919  2919 D KeyguardServiceBoxPageAdapter: mPageCacheMap.size() : 2
04-08 17:55:00.010  2919  2919 D KeyguardServiceBoxPageAdapter: viewName : servicebox_clock
04-08 17:55:00.010  2919  2919 D KeyguardServiceBoxPageAdapter: refreshViews#start
04-08 17:55:00.011  2919  2919 D KeyguardServiceBoxPageAdapter: refreshViews#end
04-08 17:55:00.011  2919  2919 D KeyguardServiceBoxPageAdapter: viewName : servicebox_music
04-08 17:55:00.011  2919  2919 D KeyguardServiceBoxPageAdapter: refreshViews#start
04-08 17:55:00.011  2919  2919 D KeyguardServiceBoxPageAdapter: refreshViews#end
04-08 17:55:00.011  2919  2919 D KeyguardUpdateMonitor: handleTimeUpdate#end
04-08 17:55:00.029  3957  3957 I IconView: applyFromShortcutInfo - start GetLive : com.samsung.android.calendar
04-08 17:55:00.030  3957  3957 I IconView: applyFromShortcutInfo - end GetLive : com.samsung.android.calendar
04-08 17:55:00.032  3957  4512 E ApplicationPackageManager: checkSettingsForIconTray value : 0
04-08 17:55:00.036  3957  4512 D ApplicationPackageManager: we has com.samsung.android.calendar class. reuse it 
04-08 17:55:00.043  2919  2919 D TextClock: TextClock received ACTION_TIME_TICK : start
04-08 17:55:00.044  2919  2919 D TextClock: TextClock received ACTION_TIME_TICK : end
04-08 17:55:00.046  2919  2919 D TextClock: TextClock received ACTION_TIME_TICK : start
04-08 17:55:00.047  2919  2919 D TextClock: TextClock received ACTION_TIME_TICK : end
04-08 17:55:00.057  2124  2124 I display : [PrimaryDisplay] [DYNAMIC_RECOMP] first frame after HWC_2_GLES
04-08 17:55:00.057  2124  2124 I display : [PrimaryDisplay] [DYNAMIC_RECOMP] GLES_2_HWC by high FPS(5)
04-08 17:55:00.059  3957  4512 I ApplicationPackageManager: load= live icon for com.samsung.android.calendar, from overlay = false
04-08 17:55:00.061  2919  2919 D TextClock: TextClock received ACTION_TIME_TICK : start
04-08 17:55:00.062  2919  2919 D TextClock: TextClock received ACTION_TIME_TICK : end
04-08 17:55:00.062  3957  4512 I LiveIconFactory: onFutureDone: done: com.samsung.android.calendar,UserHandle{0}
04-08 17:55:00.062  3957  4512 D LiveIconManager: onResponseLiveIcon: 
04-08 17:55:00.068  3957  3957 D TextClock: TextClock received ACTION_TIME_TICK : start
04-08 17:55:00.069  3957  3957 D TextClock: TextClock received ACTION_TIME_TICK : end
04-08 17:55:00.072  3957  3957 D TextClock: TextClock received ACTION_TIME_TICK : start
04-08 17:55:00.072  3957  3957 D TextClock: TextClock received ACTION_TIME_TICK : end
04-08 17:55:00.075  3957  3957 D TextClock: TextClock received ACTION_TIME_TICK : start
04-08 17:55:00.076  3957  3957 D TextClock: TextClock received ACTION_TIME_TICK : end
04-08 17:55:00.079  3957  3957 D TextClock: TextClock received ACTION_TIME_TICK : start
04-08 17:55:00.079  3957  3957 D TextClock: TextClock received ACTION_TIME_TICK : end
04-08 17:55:00.082  3957  3957 D TextClock: TextClock received ACTION_TIME_TICK : start
04-08 17:55:00.082  3957  3957 D TextClock: TextClock received ACTION_TIME_TICK : end
04-08 17:55:00.084  3957  3957 D TextClock: TextClock received ACTION_TIME_TICK : start
04-08 17:55:00.085  3957  3957 D TextClock: TextClock received ACTION_TIME_TICK : end
04-08 17:55:00.087  3957  3957 D TextClock: TextClock received ACTION_TIME_TICK : start
04-08 17:55:00.087  3957  3957 D TextClock: TextClock received ACTION_TIME_TICK : end
04-08 17:55:00.090  3957  3957 D TextClock: TextClock received ACTION_TIME_TICK : start
04-08 17:55:00.090  3957  3957 D TextClock: TextClock received ACTION_TIME_TICK : end
04-08 17:55:00.093  3957  3957 D TextClock: TextClock received ACTION_TIME_TICK : start
04-08 17:55:00.093  3957  3957 D TextClock: TextClock received ACTION_TIME_TICK : end
04-08 17:55:00.095  2919  2919 D TextClock: TextClock received ACTION_TIME_TICK : start
04-08 17:55:00.096  2919  2919 D TextClock: TextClock received ACTION_TIME_TICK : end
04-08 17:55:00.100  2919  2919 D TextClock: TextClock received ACTION_TIME_TICK : start
04-08 17:55:00.100  2919  2919 D TextClock: TextClock received ACTION_TIME_TICK : end
04-08 17:55:00.103  2919  2919 D TextClock: TextClock received ACTION_TIME_TICK : start
04-08 17:55:00.103  2919  2919 D TextClock: TextClock received ACTION_TIME_TICK : end
04-08 17:55:00.105  2919  2919 D TextClock: TextClock received ACTION_TIME_TICK : start
04-08 17:55:00.106  2919  2919 D TextClock: TextClock received ACTION_TIME_TICK : end
04-08 17:55:00.108  2919  2919 D TextClock: TextClock received ACTION_TIME_TICK : start
04-08 17:55:00.108  2919  2919 D TextClock: TextClock received ACTION_TIME_TICK : end
04-08 17:55:00.110  2919  2919 D TextClock: TextClock received ACTION_TIME_TICK : start
04-08 17:55:00.111  2919  2919 D TextClock: TextClock received ACTION_TIME_TICK : end
04-08 17:55:00.117 25230 25230 D [WeatherWidget(15311)]  WeatherService: {[B73D43639EB27FAA34EF41A6129C1FA787B8DDA06B4FC8C3DFFF289A8228DE1D07957C4CB0877FB29CB85D37C68D39BF076A5D6720D2DA7CE46EF7EA2858EC07]}
04-08 17:55:00.118 25230 25230 D [WeatherWidget(15311)]  : {[3AE6950019B083611567B0F9442DB03E36B37708FCADB7FDDBA670B1362D994454BFFFDA2568816BBDDA6DD60F644DCF]}
04-08 17:55:00.119 25230 25230 D [WeatherWidget(15311)]  DB L2: {[610591C4E30FED4A153FF198DAC84EFEE3319B0D622FD4A19809E90ED3C1398368D658B139FCCB8B9564F5B4E9CB634EE0C43970BE86C05CDB0ED151DDEA0642]}
04-08 17:55:00.120 25230 25230 D [WeatherWidget(15311)]  : {[E9BDC1AC9F9B078A92B3F309630276C89F9B6E52C087A495B97355481F2FDE5BB5CA68D930EF37FBAC9AD97DB5922F3E614D17E6B33C3EC6B4A375DD631A428A]}
04-08 17:55:00.120 25230 25230 D [WeatherWidget(15311)]  DB L2: {[610591C4E30FED4A153FF198DAC84EFE259FA03515F619060291D19B9A2E73CB46DA064369D1073FED4BA9669B425DCA01D05D8B13703FBB558D8986EA834EA0B345D80E05DB4A39FE785E920C14665F]}
04-08 17:55:00.121 25230 25230 D [WeatherWidget(15311)]  DB L2: {[610591C4E30FED4A153FF198DAC84EFE1A65FB0EE8B7C5763A9CB231BC13495C3914C78DEB3E3844BDB3328DEE027C3F126E374F0695B0BE13BD48FB2F5F0FC3]}
04-08 17:55:00.123 25230 25230 D [WeatherWidget(15311)]  : {[3AE6950019B083611567B0F9442DB03EF4A0ECA9EDEEE1C6764DEF6294C10F4F0BAD60A0CC696E8D15537EBE77D0F441F941FE30DFEB6E45A2BAA0295B86238B6B5477898ADD292C8EB7917680951853]}
04-08 17:55:00.125 25230 25230 D [WeatherWidget(15311)]  : {[A1AF0F6A1A65A89C43D705938923D0FE0259CBA56E4484DDAF167EE897E0098DE850AA1CD21F02772909809D64B9BF9AE6E5F7F21958CF0F4DB66F85A12726FEE19193887DE34CC8721448847A3C2B40C15AD105E41835A440EEDC8F3DEDAB8B98DBD732207B13CBEBB0333E934897CD]}
04-08 17:55:00.126 25230 25230 D [WeatherWidget(15311)]  : {[6002C44AFB8B8A7E8476445AF05D525CE2C157D06901632F47E42813CC40FF36]}
04-08 17:55:00.210  2653  2653 D WifiTrafficPoller: notifyOnDataActivity() - mBusMaxLock.acquire()
04-08 17:55:00.233 30627 22525 D WebkitCookieManagerProxy2: set url: https://www.instagram.com/web/likes/1399448519479455371/like/
04-08 17:55:00.233 30627 22525 D WebkitCookieManagerProxy2: set cookie: csrftoken=dY5u0CU9X6BFkaPOf1C4mTmfZkR26jPC; expires=Sun, 07-Apr-2019 12:25:00 GMT; Max-Age=31449600; Path=/; Secure
04-08 17:55:00.235 30627 22525 D WebkitCookieManagerProxy2: set url: https://www.instagram.com/web/likes/1399448519479455371/like/
04-08 17:55:00.235 30627 22525 D WebkitCookieManagerProxy2: set cookie: rur=PRN; Path=/
04-08 17:55:00.236 30627 22525 D WebkitCookieManagerProxy2: set url: https://www.instagram.com/web/likes/1399448519479455371/like/
04-08 17:55:00.236 30627 22525 D WebkitCookieManagerProxy2: set cookie: ds_user_id=382124928; expires=Sat, 07-Jul-2018 12:25:00 GMT; Max-Age=7776000; Path=/
04-08 17:55:00.237 30627 22525 D WebkitCookieManagerProxy2: set url: https://www.instagram.com/web/likes/1399448519479455371/like/
04-08 17:55:00.237 30627 22525 D WebkitCookieManagerProxy2: set cookie: urlgen="{\"time\": 1523124306}:1f59NU:-LgTO2cm4aL-94efb9BZpbL2ot0"; Path=/
04-08 17:55:00.240 30627 22525 D dtsey   : {"resultCode":0,"resultData":{"response":"HttpResponse{responseCode=200, redirectLocation='null', responseLength='16', responseText='{\"status\": \"ok\"}'}"}}
04-08 17:55:00.244 30627 22525 I System.out: (HTTPLog)-Static: isSBSettingEnabled false
04-08 17:55:00.244 30627 22525 I System.out: (HTTPLog)-Static: isSBSettingEnabled false
04-08 17:55:00.248  2155  2699 D EnterpriseController: netId is 0
04-08 17:55:00.248  2155  2699 D DnsProxyListener: DNSDBG::dns addrinfo af 2
04-08 17:55:00.273  2155  2699 D EnterpriseController: netId is 0
04-08 17:55:00.274  2155  2699 D DnsProxyListener: DNSDBG::dns addrinfo af 2
04-08 17:55:00.552  2124 22146 I display : [PrimaryDisplay] [DYNAMIC_RECOMP] HWC_2_GLES by low FPS(0)
04-08 17:55:00.572 30627 22525 D WebkitCookieManagerProxy2: set url: http://neutrino-app.com/v7//earnings/likes/auto/confirm
04-08 17:55:00.572 30627 22525 D WebkitCookieManagerProxy2: set cookie: backendSessionId=cjFYOEszV01kb2V4WVlGMjNXelBvdk9WR2Z6NmRmNjBZY2Nlb3pRbW9WODE1bWl4MlM0SnJTUHlXcUxjNHR3azlmVTlPT0JxVzlKdG5QY01VeUJKaDhCczBidzhEWmZtSkZVRm13QytqTGF1a0o2RmNERDl1cEMwNEFBQW1yYkp6VExvNGdZYnFka0JQR0pOWmpDcmd6WXRFTkZBbWhJay9sM29ua1RXcmtKU2pJSW5CUlZ4cHN1ZEVuTGdyTzRDeDZTL2lOWWFuUEhTekdFOTFwQi9hVEhDNjdKcENyOGFQYzhCMmJjMFBwME5XbG5laDVWdzZ0V05GV0lLOU92UEw1V1BlZEVDMU1KQVpDMStzb3hkOFE9PQ==; Path=/
04-08 17:55:00.577 30627 22525 I GainCrystalsTask_gain_crystals_service: earn crystals result: EarnPointResult.GOT_POINT{afterConfirmTask=AfterConfirmTask{userAccessLevelProperties=UserAccessLevelProperties{accessLevelProperties=AccessLevelProperties{accessLevel=0, earningsSpeed=EarningsSpeed{delayInSeconds=35, speedToDisplay=100%, speedCoefficient=1.0}, showAds=true, name='Default', bonusPointsAmount=30, rank=0, description={}}, accessLevelState=AccessLevelState{accessLevel=0, remainsSecondsToExpire=0, isPersistent=true}, splashState=SplashState{splashStep=15, maxSplashStep=15, delay=2, secondsToNextSplash=0, hasSplash=false}}, userPoints=UserPointsData{likePoints=5598, bonusLikePoints=720, energy=734.0}, gottenPoints=1}} 
04-08 17:55:00.580 30627 22525 I GainCrystalsReceiver_gain_crystals_service: apply AfterConfirmTask{userAccessLevelProperties=UserAccessLevelProperties{accessLevelProperties=AccessLevelProperties{accessLevel=0, earningsSpeed=EarningsSpeed{delayInSeconds=35, speedToDisplay=100%, speedCoefficient=1.0}, showAds=true, name='Default', bonusPointsAmount=30, rank=0, description={}}, accessLevelState=AccessLevelState{accessLevel=0, remainsSecondsToExpire=0, isPersistent=true}, splashState=SplashState{splashStep=15, maxSplashStep=15, delay=2, secondsToNextSplash=0, hasSplash=false}}, userPoints=UserPointsData{likePoints=5598, bonusLikePoints=720, energy=734.0}, gottenPoints=1}
04-08 17:55:00.580 30627 22525 D EventBus: No subscribers registered for event class com.pockybop.sociali.services.gainCrystals.GainedCrystalsCounter$ChangingEvent
04-08 17:55:00.580 30627 22525 D EventBus: No subscribers registered for event class org.greenrobot.eventbus.NoSubscriberEvent
04-08 17:55:00.581 30627 22525 D EventBus: No subscribers registered for event class com.pockybop.sociali.DataObserver$UserAccessLevelPropertiesChangingEvent
04-08 17:55:00.581 30627 22525 D EventBus: No subscribers registered for event class org.greenrobot.eventbus.NoSubscriberEvent
04-08 17:55:00.581 30627 22525 D EventBus: No subscribers registered for event class com.pockybop.sociali.DataObserver$UserPointsChangingEvent
04-08 17:55:00.581 30627 22525 D EventBus: No subscribers registered for event class org.greenrobot.eventbus.NoSubscriberEvent
04-08 17:55:00.582 30627 30627 I GainCrystalsReceiver_gain_crystals_service: on success ResultPack(isSuccess=true, result=EarnPointResult.GOT_POINT{afterConfirmTask=AfterConfirmTask{userAccessLevelProperties=UserAccessLevelProperties{accessLevelProperties=AccessLevelProperties{accessLevel=0, earningsSpeed=EarningsSpeed{delayInSeconds=35, speedToDisplay=100%, speedCoefficient=1.0}, showAds=true, name='Default', bonusPointsAmount=30, rank=0, description={}}, accessLevelState=AccessLevelState{accessLevel=0, remainsSecondsToExpire=0, isPersistent=true}, splashState=SplashState{splashStep=15, maxSplashStep=15, delay=2, secondsToNextSplash=0, hasSplash=false}}, userPoints=UserPointsData{likePoints=5598, bonusLikePoints=720, energy=734.0}, gottenPoints=1}} , throwable=null)
04-08 17:55:00.586 30627 30627 D EventBus: No subscribers registered for event class com.pockybop.sociali.services.gainCrystals.GainCrystalsCallbackEvent
04-08 17:55:00.587 30627 30627 D EventBus: No subscribers registered for event class org.greenrobot.eventbus.NoSubscriberEvent
04-08 17:55:00.587 30627 30627 D EventBus: No subscribers registered for event class com.pockybop.sociali.services.gainCrystals.GainCrystalsCallbackEvent
04-08 17:55:00.587 30627 30627 D EventBus: No subscribers registered for event class org.greenrobot.eventbus.NoSubscriberEvent
04-08 17:55:00.588 30627 30627 I GainCrystalsReceiver_gain_crystals_service: gaining restarted
04-08 17:55:00.588 30627 30627 D EventBus: No subscribers registered for event class com.pockybop.sociali.services.gainCrystals.GainCrystalsCallbackEvent
04-08 17:55:00.588 30627 30627 D EventBus: No subscribers registered for event class org.greenrobot.eventbus.NoSubscriberEvent
04-08 17:55:00.589 30627 22579 I System.out: (HTTPLog)-Static: isSBSettingEnabled false
04-08 17:55:00.590 30627 22579 I System.out: (HTTPLog)-Static: isSBSettingEnabled false
04-08 17:55:00.593  2653  4059 D ApplicationPolicy: isStatusBarNotificationAllowedAsUser: packageName = com.pockybop.sociali,userId = 0
04-08 17:55:00.642  2124  2124 I display : [PrimaryDisplay] [DYNAMIC_RECOMP] first frame after HWC_2_GLES
04-08 17:55:00.642  2124  2124 I display : [PrimaryDisplay] [DYNAMIC_RECOMP] GLES_2_HWC by high FPS(5)
04-08 17:55:00.793  2653  2735 D SensorService: [SO] 0.303 0.678 9.584
04-08 17:55:00.893 30627 22579 D WebkitCookieManagerProxy2: set url: http://neutrino-app.com/v7//earnings/top/report
04-08 17:55:00.893 30627 22579 D WebkitCookieManagerProxy2: set cookie: backendSessionId=cjFYOEszV01kb2V4WVlGMjNXelBvbldaTFZXZHhhWDA0VVNXcEJIbml3VGNpSVNYYXB5L2dydTd0eWtCMkZCNFFvaXZxVGVFUVVaN3JnSGJVSjJsVUw5dHB1WXJFTnJuMjNBSUxrTTE1QUJkMlFrUFpvbEJvTkpzejJXTGtTQ0NYbUVnd2Y1RXRJeTNvdEpuVUI0Vkg0RVdtblFQcDBWcDN6dWwzVW1aTE9ibjZPeFU4cW9DaHN0d1RkTDhXcFFjSWwrQ3VKd1pNTWFQVHFBdHhTL1pnVWpPeXVJUm8xZ2d0d0JqeHJZOEZueFlTOEkxTlRoMGk0L0VyQjh2R1o3SHp3QjZxaHYxanRQQ3pCbnM4V2xNNVE9PQ==; Path=/
04-08 17:55:00.898 30627 30627 D EventBus: No subscribers registered for event class com.pockybop.sociali.DataObserver$UserPointsChangingEvent
04-08 17:55:00.899 30627 30627 D EventBus: No subscribers registered for event class org.greenrobot.eventbus.NoSubscriberEvent
04-08 17:55:00.953  2124 22146 I display : [PrimaryDisplay] [DYNAMIC_RECOMP] HWC_2_GLES by low FPS(0)
04-08 17:55:01.213  2653  2653 D WifiTrafficPoller: notifyOnDataActivity() - mBusMaxLock.acquire()
04-08 17:55:01.244  2124  2124 I display : [PrimaryDisplay] [DYNAMIC_RECOMP] first frame after HWC_2_GLES
04-08 17:55:01.244  2124  2124 I display : [PrimaryDisplay] [DYNAMIC_RECOMP] GLES_2_HWC by high FPS(5)
04-08 17:55:01.554  2124 22146 I display : [PrimaryDisplay] [DYNAMIC_RECOMP] HWC_2_GLES by low FPS(0)
04-08 17:55:02.217  2653  2653 D WifiTrafficPoller: notifyOnDataActivity() - mBusMaxLock.acquire()
04-08 17:55:02.287  2155  2699 D EnterpriseController: netId is 0
04-08 17:55:02.287  2155  2699 D DnsProxyListener: DNSDBG::dns addrinfo af 2
04-08 17:55:03.220  2653  2653 D WifiTrafficPoller: notifyOnDataActivity() - mBusMaxLock.acquire()
04-08 17:55:03.252  2124  2124 I display : [PrimaryDisplay] [DYNAMIC_RECOMP] first frame after HWC_2_GLES
04-08 17:55:03.252  2124  2124 I display : [PrimaryDisplay] [DYNAMIC_RECOMP] GLES_2_HWC by high FPS(5)
04-08 17:55:03.461  2653  2776 D SecContentProvider: query(), uri = 17 selection = isSettingsChangesAllowed
04-08 17:55:03.559  2124 22146 I display : [PrimaryDisplay] [DYNAMIC_RECOMP] HWC_2_GLES by low FPS(0)
04-08 17:55:04.223  2653  2653 D WifiTrafficPoller: notifyOnDataActivity() - mBusMaxLock.acquire()
04-08 17:55:04.302  2155  2699 D EnterpriseController: netId is 0
04-08 17:55:04.302  2155  2699 D DnsProxyListener: DNSDBG::dns addrinfo af 2
04-08 17:55:05.227  2653  2653 D WifiTrafficPoller: notifyOnDataActivity() - mBusMaxLock.acquire()
04-08 17:55:06.230  2653  2653 D WifiTrafficPoller: notifyOnDataActivity() - mBusMaxLock.acquire()
04-08 17:55:06.317  2155  2699 D EnterpriseController: netId is 0
04-08 17:55:06.317  2155  2699 D DnsProxyListener: DNSDBG::dns addrinfo af 2
04-08 17:55:07.233  2653  2653 D WifiTrafficPoller: notifyOnDataActivity() - mBusMaxLock.acquire()
04-08 17:55:07.265  2124  2124 I display : [PrimaryDisplay] [DYNAMIC_RECOMP] first frame after HWC_2_GLES
04-08 17:55:07.266  2124  2124 I display : [PrimaryDisplay] [DYNAMIC_RECOMP] GLES_2_HWC by high FPS(5)
04-08 17:55:07.567  2124 22146 I display : [PrimaryDisplay] [DYNAMIC_RECOMP] HWC_2_GLES by low FPS(0)
04-08 17:55:08.237  2653  2653 D WifiTrafficPoller: notifyOnDataActivity() - mBusMaxLock.acquire()
04-08 17:55:08.269  2124  2124 I display : [PrimaryDisplay] [DYNAMIC_RECOMP] first frame after HWC_2_GLES
04-08 17:55:08.269  2124  2124 I display : [PrimaryDisplay] [DYNAMIC_RECOMP] GLES_2_HWC by high FPS(5)
04-08 17:55:08.332  2155  2699 D EnterpriseController: netId is 0
04-08 17:55:08.332  2155  2699 D DnsProxyListener: DNSDBG::dns addrinfo af 2
04-08 17:55:08.569  2124 22146 I display : [PrimaryDisplay] [DYNAMIC_RECOMP] HWC_2_GLES by low FPS(0)
04-08 17:55:09.241  2653  2653 D WifiTrafficPoller: notifyOnDataActivity() - mBusMaxLock.acquire()
04-08 17:55:10.244  2653  2653 D WifiTrafficPoller: notifyOnDataActivity() - mBusMaxLock.acquire()
04-08 17:55:10.347  2155  2699 D EnterpriseController: netId is 0
04-08 17:55:10.348  2155  2699 D DnsProxyListener: DNSDBG::dns addrinfo af 2
04-08 17:55:10.793  2653  2735 D SensorService: [SO] 0.227 0.656 9.651
04-08 17:55:11.248  2653  2653 D WifiTrafficPoller: notifyOnDataActivity() - mBusMaxLock.acquire()
04-08 17:55:12.251  2653  2653 D WifiTrafficPoller: notifyOnDataActivity() - mBusMaxLock.acquire()
04-08 17:55:12.363  2155  2699 D EnterpriseController: netId is 0
04-08 17:55:12.363  2155  2699 D DnsProxyListener: DNSDBG::dns addrinfo af 2
04-08 17:55:13.255  2653  2653 D WifiTrafficPoller: notifyOnDataActivity() - mBusMaxLock.acquire()
04-08 17:55:14.258  2653  2653 D WifiTrafficPoller: notifyOnDataActivity() - mBusMaxLock.acquire()
04-08 17:55:14.381  2155  2699 D EnterpriseController: netId is 0
04-08 17:55:14.381  2155  2699 D DnsProxyListener: DNSDBG::dns addrinfo af 2
04-08 17:55:15.262  2653  2653 D WifiTrafficPoller: notifyOnDataActivity() - mBusMaxLock.acquire()
04-08 17:55:16.265  2653  2653 D WifiTrafficPoller: notifyOnDataActivity() - mBusMaxLock.acquire()
04-08 17:55:16.398  2155  2699 D EnterpriseController: netId is 0
04-08 17:55:16.398  2155  2699 D DnsProxyListener: DNSDBG::dns addrinfo af 2
04-08 17:55:17.268  2653  2653 D WifiTrafficPoller: notifyOnDataActivity() - mBusMaxLock.acquire()
04-08 17:55:18.271  2653  2653 D WifiTrafficPoller: notifyOnDataActivity() - mBusMaxLock.acquire()
04-08 17:55:18.412  2155  2699 D EnterpriseController: netId is 0
04-08 17:55:18.412  2155  2699 D DnsProxyListener: DNSDBG::dns addrinfo af 2
04-08 17:55:18.413  2155  2699 D EnterpriseController: netId is 0
04-08 17:55:18.413  2155  2699 D DnsProxyListener: DNSDBG::dns addrinfo af 2
04-08 17:55:19.275  2653  2653 D WifiTrafficPoller: notifyOnDataActivity() - mBusMaxLock.acquire()
04-08 17:55:20.278  2653  2653 D WifiTrafficPoller: notifyOnDataActivity() - mBusMaxLock.acquire()
04-08 17:55:20.427  2155  2699 D EnterpriseController: netId is 0
04-08 17:55:20.427  2155  2699 D DnsProxyListener: DNSDBG::dns addrinfo af 2
04-08 17:55:20.793  2653  2735 D SensorService: [SO] 0.263 0.679 9.665
04-08 17:55:21.282  2653  2653 D WifiTrafficPoller: notifyOnDataActivity() - mBusMaxLock.acquire()
04-08 17:55:21.790  2653  3328 I SemPersonaManager: mKnoxInfo is empty
04-08 17:55:21.813  2653  3425 I SemPersonaManager: mKnoxInfo is empty
04-08 17:55:21.828  2653  4069 I SemPersonaManager: mKnoxInfo is empty
04-08 17:55:21.835  2653  3426 I SemPersonaManager: mKnoxInfo is empty
04-08 17:55:21.848  2653 12546 I SemPersonaManager: mKnoxInfo is empty
04-08 17:55:21.890  2653  2798 I SemPersonaManager: mKnoxInfo is empty
04-08 17:55:21.917  2653  2669 I SemPersonaManager: mKnoxInfo is empty
04-08 17:55:21.926  2653  4069 I SemPersonaManager: mKnoxInfo is empty
04-08 17:55:21.958  3299  3312 D EPDG -- [NETMGMT]: Interface Data activity changed : label: 1 : active: false
04-08 17:55:22.285  2653  2653 D WifiTrafficPoller: notifyOnDataActivity() - mBusMaxLock.acquire()
04-08 17:55:22.442  2155  2699 D EnterpriseController: netId is 0
04-08 17:55:22.442  2155  2699 D DnsProxyListener: DNSDBG::dns addrinfo af 2
04-08 17:55:23.288  2653  2653 D WifiTrafficPoller: notifyOnDataActivity() - mBusMaxLock.acquire()
04-08 17:55:24.292  2653  2653 D WifiTrafficPoller: notifyOnDataActivity() - mBusMaxLock.acquire()
04-08 17:55:24.458  2155  2699 D EnterpriseController: netId is 0
04-08 17:55:24.458  2155  2699 D DnsProxyListener: DNSDBG::dns addrinfo af 2
04-08 17:55:25.219  3299  3395 D EPDG -- [NETMGMT]: Interface Data activity changed : label: 1 : active: true
04-08 17:55:25.295  2653  2653 D WifiTrafficPoller: notifyOnDataActivity() - mBusMaxLock.acquire()
04-08 17:55:25.324  2124  2124 I display : [PrimaryDisplay] [DYNAMIC_RECOMP] first frame after HWC_2_GLES
04-08 17:55:25.324  2124  2124 I display : [PrimaryDisplay] [DYNAMIC_RECOMP] GLES_2_HWC by high FPS(5)
04-08 17:55:25.602  2124 22146 I display : [PrimaryDisplay] [DYNAMIC_RECOMP] HWC_2_GLES by low FPS(0)
04-08 17:55:25.875  2653  2846 D WifiWatchdogStateMachine:  [|207] []
04-08 17:55:26.298  2653  2653 D WifiTrafficPoller: notifyOnDataActivity() - mBusMaxLock.acquire()
04-08 17:55:26.323  2124  2124 I display : [PrimaryDisplay] [DYNAMIC_RECOMP] first frame after HWC_2_GLES
04-08 17:55:26.324  2124  2124 I display : [PrimaryDisplay] [DYNAMIC_RECOMP] GLES_2_HWC by high FPS(5)
04-08 17:55:26.473  2155  2699 D EnterpriseController: netId is 0
04-08 17:55:26.473  2155  2699 D DnsProxyListener: DNSDBG::dns addrinfo af 2
04-08 17:55:26.604  2124 22146 I display : [PrimaryDisplay] [DYNAMIC_RECOMP] HWC_2_GLES by low FPS(0)
04-08 17:55:27.302  2653  2653 D WifiTrafficPoller: notifyOnDataActivity() - mBusMaxLock.acquire()
04-08 17:55:28.305  2653  2653 D WifiTrafficPoller: notifyOnDataActivity() - mBusMaxLock.acquire()
04-08 17:55:28.337  2124  2124 I display : [PrimaryDisplay] [DYNAMIC_RECOMP] first frame after HWC_2_GLES
04-08 17:55:28.337  2124  2124 I display : [PrimaryDisplay] [DYNAMIC_RECOMP] GLES_2_HWC by high FPS(5)
04-08 17:55:28.488  2155  2699 D EnterpriseController: netId is 0
04-08 17:55:28.488  2155  2699 D DnsProxyListener: DNSDBG::dns addrinfo af 2
04-08 17:55:28.609  2124 22146 I display : [PrimaryDisplay] [DYNAMIC_RECOMP] HWC_2_GLES by low FPS(0)
04-08 17:55:29.308  2653  2653 D WifiTrafficPoller: notifyOnDataActivity() - mBusMaxLock.acquire()
04-08 17:55:30.312  2653  2653 D WifiTrafficPoller: notifyOnDataActivity() - mBusMaxLock.acquire()
04-08 17:55:30.340  2124  2124 I display : [PrimaryDisplay] [DYNAMIC_RECOMP] first frame after HWC_2_GLES
04-08 17:55:30.340  2124  2124 I display : [PrimaryDisplay] [DYNAMIC_RECOMP] GLES_2_HWC by high FPS(5)
04-08 17:55:30.504  2155  2699 D EnterpriseController: netId is 0
04-08 17:55:30.504  2155  2699 D DnsProxyListener: DNSDBG::dns addrinfo af 2
04-08 17:55:30.613  2124 22146 I display : [PrimaryDisplay] [DYNAMIC_RECOMP] HWC_2_GLES by low FPS(0)
04-08 17:55:30.793  2653  2735 D SensorService: [SO] 0.229 0.650 9.650
04-08 17:55:31.316  2653  2653 D WifiTrafficPoller: notifyOnDataActivity() - mBusMaxLock.acquire()
04-08 17:55:31.340  2124  2124 I display : [PrimaryDisplay] [DYNAMIC_RECOMP] first frame after HWC_2_GLES
04-08 17:55:31.340  2124  2124 I display : [PrimaryDisplay] [DYNAMIC_RECOMP] GLES_2_HWC by high FPS(5)
04-08 17:55:31.615  2124 22146 I display : [PrimaryDisplay] [DYNAMIC_RECOMP] HWC_2_GLES by low FPS(0)
04-08 17:55:32.319  2653  2653 D WifiTrafficPoller: notifyOnDataActivity() - mBusMaxLock.acquire()
04-08 17:55:32.351  2124  2124 I display : [PrimaryDisplay] [DYNAMIC_RECOMP] first frame after HWC_2_GLES
04-08 17:55:32.351  2124  2124 I display : [PrimaryDisplay] [DYNAMIC_RECOMP] GLES_2_HWC by high FPS(5)
04-08 17:55:32.519  2155  2699 D EnterpriseController: netId is 0
04-08 17:55:32.519  2155  2699 D DnsProxyListener: DNSDBG::dns addrinfo af 2
04-08 17:55:32.617  2124 22146 I display : [PrimaryDisplay] [DYNAMIC_RECOMP] HWC_2_GLES by low FPS(0)
04-08 17:55:32.687  4043  4169 D ContactsProvider_EventLog: contents_sample_state: [ contacts(331) data(2459) accounts({org.telegram.messenger (11)=72, com.whatsapp (7)=170, vnd.sec.contact.phone (1)=2, com.google (12)=2, vnd.sec.contact.sim (3)=24, com.truecaller.account (6)=276, vnd.sec.contact.sim2 (2)=7}) accounts deleted({}) calls([logtype:100 cnt:394, logtype:300 cnt:500, logtype:1000 cnt:106]) countryIso(IN) userId(0)  ]
04-08 17:55:32.687  4043  4169 D ContactsProvider_EventLog: contents_sample_state: [ agr({[11 ,6 ,6 ,7]=3, [11]=46, [1 ,6]=1, [1]=1, [6]=82, [12 ,7]=2, [6 ,7 ,11]=1, [11 ,6 ,7]=16, [6 ,6 ,6 ,6 ,7]=1, [11 ,3]=1, [3 ,7]=5, [6 ,7]=129, [6 ,6]=2, [6 ,6 ,7]=11, [6 ,11 ,7]=1, [3 ,6]=5, [3]=12, [11 ,6]=4, [2]=7, [3 ,6 ,7]=1})  ]
04-08 17:55:32.687  4043  4169 D ContactsProvider_EventLog: contents_sample_state: [ actCnt({android.process.acore=1})  ]
04-08 17:55:32.690  4043  4169 E ContactsProvider_EventLog: Flush buffer to file cnt : 1 size : 1Kb duration : 2ms lastUpdatedAfter : 60133 ms mFlush_time_threasold : 2000 mCurrentSize : 740
04-08 17:55:33.323  2653  2653 D WifiTrafficPoller: notifyOnDataActivity() - mBusMaxLock.acquire()
04-08 17:55:34.327  2653  2653 D WifiTrafficPoller: notifyOnDataActivity() - mBusMaxLock.acquire()
04-08 17:55:34.534  2155  2699 D EnterpriseController: netId is 0
04-08 17:55:34.535  2155  2699 D DnsProxyListener: DNSDBG::dns addrinfo af 2
04-08 17:55:35.330  2653  2653 D WifiTrafficPoller: notifyOnDataActivity() - mBusMaxLock.acquire()
04-08 17:55:35.357  2124  2124 I display : [PrimaryDisplay] [DYNAMIC_RECOMP] first frame after HWC_2_GLES
04-08 17:55:35.357  2124  2124 I display : [PrimaryDisplay] [DYNAMIC_RECOMP] GLES_2_HWC by high FPS(5)
04-08 17:55:35.588 30627  2924 I GainCrystalsReceiver_gain_crystals_service: run, current time: 1523190335588
04-08 17:55:35.592 30627  2924 D EventBus: No subscribers registered for event class com.pockybop.sociali.services.gainCrystals.GainCrystalsCallbackEvent
04-08 17:55:35.592 30627  2924 D EventBus: No subscribers registered for event class org.greenrobot.eventbus.NoSubscriberEvent
04-08 17:55:35.595 30627 22630 I GainCrystalsTask_gain_crystals_service: next time: 1523190370587, currTime: 1523190335594
04-08 17:55:35.595 30627 22630 I GainCrystalsTask_gain_crystals_service: sleepTime: 34993
04-08 17:55:35.623  2124 22146 I display : [PrimaryDisplay] [DYNAMIC_RECOMP] HWC_2_GLES by low FPS(0)
04-08 17:55:36.334  2653  2653 D WifiTrafficPoller: notifyOnDataActivity() - mBusMaxLock.acquire()
04-08 17:55:36.550  2155  2699 D EnterpriseController: netId is 0
04-08 17:55:36.550  2155  2699 D DnsProxyListener: DNSDBG::dns addrinfo af 2
04-08 17:55:37.012  2919  3103 D NetworkController.MobileSignalController(1/2): onSignalStrengthsChanged signalStrength=SignalStrength: 1 99 -1 -200 -1 -200 -1 99 -111 -14 -10 2 2147483647 0x1001 gsm|lte level=1
04-08 17:55:37.012  2919  3103 D NetworkController.MobileSignalController(1/2): getMobileIconGroup(): 13
04-08 17:55:37.022  2919  2919 E SignalClusterView: setSlotFocusVisible : subId 2
04-08 17:55:37.022  2919  2919 E SignalClusterView: setSlotFocusVisible : subId 2
04-08 17:55:37.050  2124  2124 I display : [PrimaryDisplay] [DYNAMIC_RECOMP] first frame after HWC_2_GLES
04-08 17:55:37.050  2124  2124 I display : [PrimaryDisplay] [DYNAMIC_RECOMP] GLES_2_HWC by high FPS(5)
04-08 17:55:37.327  2124 22146 I display : [PrimaryDisplay] [DYNAMIC_RECOMP] HWC_2_GLES by low FPS(0)
04-08 17:55:37.337  2653  2653 D WifiTrafficPoller: notifyOnDataActivity() - mBusMaxLock.acquire()
04-08 17:55:37.368  2124  2124 I display : [PrimaryDisplay] [DYNAMIC_RECOMP] first frame after HWC_2_GLES
04-08 17:55:37.368  2124  2124 I display : [PrimaryDisplay] [DYNAMIC_RECOMP] GLES_2_HWC by high FPS(5)
04-08 17:55:37.627  2124 22146 I display : [PrimaryDisplay] [DYNAMIC_RECOMP] HWC_2_GLES by low FPS(0)
04-08 17:55:38.341  2653  2653 D WifiTrafficPoller: notifyOnDataActivity() - mBusMaxLock.acquire()
04-08 17:55:38.372  2124  2124 I display : [PrimaryDisplay] [DYNAMIC_RECOMP] first frame after HWC_2_GLES
04-08 17:55:38.372  2124  2124 I display : [PrimaryDisplay] [DYNAMIC_RECOMP] GLES_2_HWC by high FPS(5)
04-08 17:55:38.565  2155  2699 D EnterpriseController: netId is 0
04-08 17:55:38.566  2155  2699 D DnsProxyListener: DNSDBG::dns addrinfo af 2
04-08 17:55:38.629  2124 22146 I display : [PrimaryDisplay] [DYNAMIC_RECOMP] HWC_2_GLES by low FPS(0)
04-08 17:55:39.345  2653  2653 D WifiTrafficPoller: notifyOnDataActivity() - mBusMaxLock.acquire()
04-08 17:55:39.374  2124  2124 I display : [PrimaryDisplay] [DYNAMIC_RECOMP] first frame after HWC_2_GLES
04-08 17:55:39.374  2124  2124 I display : [PrimaryDisplay] [DYNAMIC_RECOMP] GLES_2_HWC by high FPS(5)
04-08 17:55:39.631  2124 22146 I display : [PrimaryDisplay] [DYNAMIC_RECOMP] HWC_2_GLES by low FPS(0)
04-08 17:55:40.349  2653  2653 D WifiTrafficPoller: notifyOnDataActivity() - mBusMaxLock.acquire()
04-08 17:55:40.374  2124  2124 I display : [PrimaryDisplay] [DYNAMIC_RECOMP] first frame after HWC_2_GLES
04-08 17:55:40.374  2124  2124 I display : [PrimaryDisplay] [DYNAMIC_RECOMP] GLES_2_HWC by high FPS(5)
04-08 17:55:40.582  2155  2699 D EnterpriseController: netId is 0
04-08 17:55:40.582  2155  2699 D DnsProxyListener: DNSDBG::dns addrinfo af 2
04-08 17:55:40.634  2124 22146 I display : [PrimaryDisplay] [DYNAMIC_RECOMP] HWC_2_GLES by low FPS(0)
04-08 17:55:40.793  2653  2735 D SensorService: [SO] 0.239 0.652 9.653
04-08 17:55:41.353  2653  2653 D WifiTrafficPoller: notifyOnDataActivity() - mBusMaxLock.acquire()
04-08 17:55:42.356  2653  2653 D WifiTrafficPoller: notifyOnDataActivity() - mBusMaxLock.acquire()
04-08 17:55:42.596  2155  2699 D EnterpriseController: netId is 0
04-08 17:55:42.597  2155  2699 D DnsProxyListener: DNSDBG::dns addrinfo af 2
04-08 17:55:43.360  2653  2653 D WifiTrafficPoller: notifyOnDataActivity() - mBusMaxLock.acquire()
04-08 17:55:43.388  2124  2124 I display : [PrimaryDisplay] [DYNAMIC_RECOMP] first frame after HWC_2_GLES
04-08 17:55:43.389  2124  2124 I display : [PrimaryDisplay] [DYNAMIC_RECOMP] GLES_2_HWC by high FPS(5)
04-08 17:55:43.639  2124 22146 I display : [PrimaryDisplay] [DYNAMIC_RECOMP] HWC_2_GLES by low FPS(0)
04-08 17:55:44.363  2653  2653 D WifiTrafficPoller: notifyOnDataActivity() - mBusMaxLock.acquire()
04-08 17:55:44.390  2124  2124 I display : [PrimaryDisplay] [DYNAMIC_RECOMP] first frame after HWC_2_GLES
04-08 17:55:44.390  2124  2124 I display : [PrimaryDisplay] [DYNAMIC_RECOMP] GLES_2_HWC by high FPS(5)
04-08 17:55:44.612  2155  2699 D EnterpriseController: netId is 0
04-08 17:55:44.612  2155  2699 D DnsProxyListener: DNSDBG::dns addrinfo af 2
04-08 17:55:44.641  2124 22146 I display : [PrimaryDisplay] [DYNAMIC_RECOMP] HWC_2_GLES by low FPS(0)
