--------- beginning of crash
03-31 19:54:09.897 24653 24653 E AndroidRuntime: FATAL EXCEPTION: main
03-31 19:54:09.897 24653 24653 E AndroidRuntime: Process: com.mydocdbs, PID: 24653
03-31 19:54:09.897 24653 24653 E AndroidRuntime: java.lang.IndexOutOfBoundsException: index=1 count=0
03-31 19:54:09.897 24653 24653 E AndroidRuntime: 	at android.view.ViewGroup.addInArray(ViewGroup.java:4741)
03-31 19:54:09.897 24653 24653 E AndroidRuntime: 	at android.view.ViewGroup.addViewInner(ViewGroup.java:4658)
03-31 19:54:09.897 24653 24653 E AndroidRuntime: 	at android.view.ViewGroup.addView(ViewGroup.java:4477)
03-31 19:54:09.897 24653 24653 E AndroidRuntime: 	at android.view.ViewGroup.addView(ViewGroup.java:4417)
03-31 19:54:09.897 24653 24653 E AndroidRuntime: 	at com.facebook.react.uimanager.ViewGroupManager.addView(ViewGroupManager.java:47)
03-31 19:54:09.897 24653 24653 E AndroidRuntime: 	at com.facebook.react.uimanager.NativeViewHierarchyManager.manageChildren(NativeViewHierarchyManager.java:401)
03-31 19:54:09.897 24653 24653 E AndroidRuntime: 	at com.facebook.react.uimanager.UIViewOperationQueue$ManageChildrenOperation.execute(UIViewOperationQueue.java:180)
03-31 19:54:09.897 24653 24653 E AndroidRuntime: 	at com.facebook.react.uimanager.UIViewOperationQueue$1.run(UIViewOperationQueue.java:819)
03-31 19:54:09.897 24653 24653 E AndroidRuntime: 	at com.facebook.react.uimanager.UIViewOperationQueue.flushPendingBatches(UIViewOperationQueue.java:926)
03-31 19:54:09.897 24653 24653 E AndroidRuntime: 	at com.facebook.react.uimanager.UIViewOperationQueue.access$2100(UIViewOperationQueue.java:47)
03-31 19:54:09.897 24653 24653 E AndroidRuntime: 	at com.facebook.react.uimanager.UIViewOperationQueue$2.runGuarded(UIViewOperationQueue.java:884)
03-31 19:54:09.897 24653 24653 E AndroidRuntime: 	at com.facebook.react.bridge.GuardedRunnable.run(GuardedRunnable.java:21)
03-31 19:54:09.897 24653 24653 E AndroidRuntime: 	at android.os.Handler.handleCallback(Handler.java:751)
03-31 19:54:09.897 24653 24653 E AndroidRuntime: 	at android.os.Handler.dispatchMessage(Handler.java:95)
03-31 19:54:09.897 24653 24653 E AndroidRuntime: 	at android.os.Looper.loop(Looper.java:154)
03-31 19:54:09.897 24653 24653 E AndroidRuntime: 	at android.app.ActivityThread.main(ActivityThread.java:6816)
03-31 19:54:09.897 24653 24653 E AndroidRuntime: 	at java.lang.reflect.Method.invoke(Native Method)
03-31 19:54:09.897 24653 24653 E AndroidRuntime: 	at com.android.internal.os.ZygoteInit$MethodAndArgsCaller.run(ZygoteInit.java:1565)
03-31 19:54:09.897 24653 24653 E AndroidRuntime: 	at com.android.internal.os.ZygoteInit.main(ZygoteInit.java:1453)
04-01 10:59:19.701 25764 25764 E AndroidRuntime: FATAL EXCEPTION: main
04-01 10:59:19.701 25764 25764 E AndroidRuntime: Process: com.pockybop.sociali, PID: 25764
04-01 10:59:19.701 25764 25764 E AndroidRuntime: java.lang.IllegalStateException: Exception thrown on Scheduler.Worker thread. Add `onError` handling.
04-01 10:59:19.701 25764 25764 E AndroidRuntime: 	at rx.internal.schedulers.ScheduledAction.run(SourceFile:60)
04-01 10:59:19.701 25764 25764 E AndroidRuntime: 	at android.os.Handler.handleCallback(Handler.java:751)
04-01 10:59:19.701 25764 25764 E AndroidRuntime: 	at android.os.Handler.dispatchMessage(Handler.java:95)
04-01 10:59:19.701 25764 25764 E AndroidRuntime: 	at android.os.Looper.loop(Looper.java:154)
04-01 10:59:19.701 25764 25764 E AndroidRuntime: 	at android.app.ActivityThread.main(ActivityThread.java:6816)
04-01 10:59:19.701 25764 25764 E AndroidRuntime: 	at java.lang.reflect.Method.invoke(Native Method)
04-01 10:59:19.701 25764 25764 E AndroidRuntime: 	at com.android.internal.os.ZygoteInit$MethodAndArgsCaller.run(ZygoteInit.java:1565)
04-01 10:59:19.701 25764 25764 E AndroidRuntime: 	at com.android.internal.os.ZygoteInit.main(ZygoteInit.java:1453)
04-01 10:59:19.701 25764 25764 E AndroidRuntime: Caused by: rx.exceptions.OnErrorNotImplementedException
04-01 10:59:19.701 25764 25764 E AndroidRuntime: 	at rx.Observable$27.onError(SourceFile:7923)
04-01 10:59:19.701 25764 25764 E AndroidRuntime: 	at rx.observers.SafeSubscriber._onError(SourceFile:159)
04-01 10:59:19.701 25764 25764 E AndroidRuntime: 	at rx.observers.SafeSubscriber.onError(SourceFile:120)
04-01 10:59:19.701 25764 25764 E AndroidRuntime: 	at rx.observers.Subscribers$5.onError(SourceFile:225)
04-01 10:59:19.701 25764 25764 E AndroidRuntime: 	at rx.internal.operators.OperatorObserveOn$ObserveOnSubscriber.pollQueue(SourceFile:191)
04-01 10:59:19.701 25764 25764 E AndroidRuntime: 	at rx.internal.operators.OperatorObserveOn$ObserveOnSubscriber$2.call(SourceFile:162)
04-01 10:59:19.701 25764 25764 E AndroidRuntime: 	at rx.internal.schedulers.ScheduledAction.run(SourceFile:55)
04-01 10:59:19.701 25764 25764 E AndroidRuntime: 	... 7 more
04-01 10:59:19.701 25764 25764 E AndroidRuntime: Caused by: rx.exceptions.MissingBackpressureException
04-01 10:59:19.701 25764 25764 E AndroidRuntime: 	at rx.internal.operators.OperatorObserveOn$ObserveOnSubscriber.onNext(SourceFile:130)
04-01 10:59:19.701 25764 25764 E AndroidRuntime: 	at rx.internal.operators.OnSubscribeTimerPeriodically$1.call(SourceFile:52)
04-01 10:59:19.701 25764 25764 E AndroidRuntime: 	at rx.Scheduler$Worker$1.call(SourceFile:120)
04-01 10:59:19.701 25764 25764 E AndroidRuntime: 	at rx.internal.schedulers.ScheduledAction.run(SourceFile:55)
04-01 10:59:19.701 25764 25764 E AndroidRuntime: 	at java.util.concurrent.Executors$RunnableAdapter.call(Executors.java:428)
04-01 10:59:19.701 25764 25764 E AndroidRuntime: 	at java.util.concurrent.FutureTask.run(FutureTask.java:237)
04-01 10:59:19.701 25764 25764 E AndroidRuntime: 	at java.util.concurrent.ScheduledThreadPoolExecutor$ScheduledFutureTask.run(ScheduledThreadPoolExecutor.java:272)
04-01 10:59:19.701 25764 25764 E AndroidRuntime: 	at java.util.concurrent.ThreadPoolExecutor.runWorker(ThreadPoolExecutor.java:1133)
04-01 10:59:19.701 25764 25764 E AndroidRuntime: 	at java.util.concurrent.ThreadPoolExecutor$Worker.run(ThreadPoolExecutor.java:607)
04-01 10:59:19.701 25764 25764 E AndroidRuntime: 	at java.lang.Thread.run(Thread.java:762)
04-01 23:15:54.497 15639 15639 E AndroidRuntime: FATAL EXCEPTION: main
04-01 23:15:54.497 15639 15639 E AndroidRuntime: Process: com.pockybop.sociali, PID: 15639
04-01 23:15:54.497 15639 15639 E AndroidRuntime: java.lang.IllegalStateException: Exception thrown on Scheduler.Worker thread. Add `onError` handling.
04-01 23:15:54.497 15639 15639 E AndroidRuntime: 	at rx.internal.schedulers.ScheduledAction.run(SourceFile:60)
04-01 23:15:54.497 15639 15639 E AndroidRuntime: 	at android.os.Handler.handleCallback(Handler.java:751)
04-01 23:15:54.497 15639 15639 E AndroidRuntime: 	at android.os.Handler.dispatchMessage(Handler.java:95)
04-01 23:15:54.497 15639 15639 E AndroidRuntime: 	at android.os.Looper.loop(Looper.java:154)
04-01 23:15:54.497 15639 15639 E AndroidRuntime: 	at android.app.ActivityThread.main(ActivityThread.java:6816)
04-01 23:15:54.497 15639 15639 E AndroidRuntime: 	at java.lang.reflect.Method.invoke(Native Method)
04-01 23:15:54.497 15639 15639 E AndroidRuntime: 	at com.android.internal.os.ZygoteInit$MethodAndArgsCaller.run(ZygoteInit.java:1565)
04-01 23:15:54.497 15639 15639 E AndroidRuntime: 	at com.android.internal.os.ZygoteInit.main(ZygoteInit.java:1453)
04-01 23:15:54.497 15639 15639 E AndroidRuntime: Caused by: rx.exceptions.OnErrorNotImplementedException
04-01 23:15:54.497 15639 15639 E AndroidRuntime: 	at rx.Observable$27.onError(SourceFile:7923)
04-01 23:15:54.497 15639 15639 E AndroidRuntime: 	at rx.observers.SafeSubscriber._onError(SourceFile:159)
04-01 23:15:54.497 15639 15639 E AndroidRuntime: 	at rx.observers.SafeSubscriber.onError(SourceFile:120)
04-01 23:15:54.497 15639 15639 E AndroidRuntime: 	at rx.observers.Subscribers$5.onError(SourceFile:225)
04-01 23:15:54.497 15639 15639 E AndroidRuntime: 	at rx.internal.operators.OperatorObserveOn$ObserveOnSubscriber.pollQueue(SourceFile:191)
04-01 23:15:54.497 15639 15639 E AndroidRuntime: 	at rx.internal.operators.OperatorObserveOn$ObserveOnSubscriber$2.call(SourceFile:162)
04-01 23:15:54.497 15639 15639 E AndroidRuntime: 	at rx.internal.schedulers.ScheduledAction.run(SourceFile:55)
04-01 23:15:54.497 15639 15639 E AndroidRuntime: 	... 7 more
04-01 23:15:54.497 15639 15639 E AndroidRuntime: Caused by: rx.exceptions.MissingBackpressureException
04-01 23:15:54.497 15639 15639 E AndroidRuntime: 	at rx.internal.operators.OperatorObserveOn$ObserveOnSubscriber.onNext(SourceFile:130)
04-01 23:15:54.497 15639 15639 E AndroidRuntime: 	at rx.internal.operators.OnSubscribeTimerPeriodically$1.call(SourceFile:52)
04-01 23:15:54.497 15639 15639 E AndroidRuntime: 	at rx.Scheduler$Worker$1.call(SourceFile:120)
04-01 23:15:54.497 15639 15639 E AndroidRuntime: 	at rx.internal.schedulers.ScheduledAction.run(SourceFile:55)
04-01 23:15:54.497 15639 15639 E AndroidRuntime: 	at java.util.concurrent.Executors$RunnableAdapter.call(Executors.java:428)
04-01 23:15:54.497 15639 15639 E AndroidRuntime: 	at java.util.concurrent.FutureTask.run(FutureTask.java:237)
04-01 23:15:54.497 15639 15639 E AndroidRuntime: 	at java.util.concurrent.ScheduledThreadPoolExecutor$ScheduledFutureTask.run(ScheduledThreadPoolExecutor.java:272)
04-01 23:15:54.497 15639 15639 E AndroidRuntime: 	at java.util.concurrent.ThreadPoolExecutor.runWorker(ThreadPoolExecutor.java:1133)
04-01 23:15:54.497 15639 15639 E AndroidRuntime: 	at java.util.concurrent.ThreadPoolExecutor$Worker.run(ThreadPoolExecutor.java:607)
04-01 23:15:54.497 15639 15639 E AndroidRuntime: 	at java.lang.Thread.run(Thread.java:762)
04-04 23:06:01.223  1168  1168 E AndroidRuntime: FATAL EXCEPTION: main
04-04 23:06:01.223  1168  1168 E AndroidRuntime: Process: com.pockybop.sociali, PID: 1168
04-04 23:06:01.223  1168  1168 E AndroidRuntime: java.lang.IllegalStateException: Exception thrown on Scheduler.Worker thread. Add `onError` handling.
04-04 23:06:01.223  1168  1168 E AndroidRuntime: 	at rx.internal.schedulers.ScheduledAction.run(SourceFile:60)
04-04 23:06:01.223  1168  1168 E AndroidRuntime: 	at android.os.Handler.handleCallback(Handler.java:751)
04-04 23:06:01.223  1168  1168 E AndroidRuntime: 	at android.os.Handler.dispatchMessage(Handler.java:95)
04-04 23:06:01.223  1168  1168 E AndroidRuntime: 	at android.os.Looper.loop(Looper.java:154)
04-04 23:06:01.223  1168  1168 E AndroidRuntime: 	at android.app.ActivityThread.main(ActivityThread.java:6816)
04-04 23:06:01.223  1168  1168 E AndroidRuntime: 	at java.lang.reflect.Method.invoke(Native Method)
04-04 23:06:01.223  1168  1168 E AndroidRuntime: 	at com.android.internal.os.ZygoteInit$MethodAndArgsCaller.run(ZygoteInit.java:1565)
04-04 23:06:01.223  1168  1168 E AndroidRuntime: 	at com.android.internal.os.ZygoteInit.main(ZygoteInit.java:1453)
04-04 23:06:01.223  1168  1168 E AndroidRuntime: Caused by: rx.exceptions.OnErrorNotImplementedException
04-04 23:06:01.223  1168  1168 E AndroidRuntime: 	at rx.Observable$27.onError(SourceFile:7923)
04-04 23:06:01.223  1168  1168 E AndroidRuntime: 	at rx.observers.SafeSubscriber._onError(SourceFile:159)
04-04 23:06:01.223  1168  1168 E AndroidRuntime: 	at rx.observers.SafeSubscriber.onError(SourceFile:120)
04-04 23:06:01.223  1168  1168 E AndroidRuntime: 	at rx.observers.Subscribers$5.onError(SourceFile:225)
04-04 23:06:01.223  1168  1168 E AndroidRuntime: 	at rx.internal.operators.OperatorObserveOn$ObserveOnSubscriber.pollQueue(SourceFile:191)
04-04 23:06:01.223  1168  1168 E AndroidRuntime: 	at rx.internal.operators.OperatorObserveOn$ObserveOnSubscriber$2.call(SourceFile:162)
04-04 23:06:01.223  1168  1168 E AndroidRuntime: 	at rx.internal.schedulers.ScheduledAction.run(SourceFile:55)
04-04 23:06:01.223  1168  1168 E AndroidRuntime: 	... 7 more
04-04 23:06:01.223  1168  1168 E AndroidRuntime: Caused by: rx.exceptions.MissingBackpressureException
04-04 23:06:01.223  1168  1168 E AndroidRuntime: 	at rx.internal.operators.OperatorObserveOn$ObserveOnSubscriber.onNext(SourceFile:130)
04-04 23:06:01.223  1168  1168 E AndroidRuntime: 	at rx.internal.operators.OnSubscribeTimerPeriodically$1.call(SourceFile:52)
04-04 23:06:01.223  1168  1168 E AndroidRuntime: 	at rx.Scheduler$Worker$1.call(SourceFile:120)
04-04 23:06:01.223  1168  1168 E AndroidRuntime: 	at rx.internal.schedulers.ScheduledAction.run(SourceFile:55)
04-04 23:06:01.223  1168  1168 E AndroidRuntime: 	at java.util.concurrent.Executors$RunnableAdapter.call(Executors.java:428)
04-04 23:06:01.223  1168  1168 E AndroidRuntime: 	at java.util.concurrent.FutureTask.run(FutureTask.java:237)
04-04 23:06:01.223  1168  1168 E AndroidRuntime: 	at java.util.concurrent.ScheduledThreadPoolExecutor$ScheduledFutureTask.run(ScheduledThreadPoolExecutor.java:272)
04-04 23:06:01.223  1168  1168 E AndroidRuntime: 	at java.util.concurrent.ThreadPoolExecutor.runWorker(ThreadPoolExecutor.java:1133)
04-04 23:06:01.223  1168  1168 E AndroidRuntime: 	at java.util.concurrent.ThreadPoolExecutor$Worker.run(ThreadPoolExecutor.java:607)
04-04 23:06:01.223  1168  1168 E AndroidRuntime: 	at java.lang.Thread.run(Thread.java:762)
04-07 16:00:35.970  6808  6808 E AndroidRuntime: FATAL EXCEPTION: main
04-07 16:00:35.970  6808  6808 E AndroidRuntime: Process: com.pockybop.sociali, PID: 6808
04-07 16:00:35.970  6808  6808 E AndroidRuntime: java.lang.IllegalStateException: Exception thrown on Scheduler.Worker thread. Add `onError` handling.
04-07 16:00:35.970  6808  6808 E AndroidRuntime: 	at rx.internal.schedulers.ScheduledAction.run(SourceFile:60)
04-07 16:00:35.970  6808  6808 E AndroidRuntime: 	at android.os.Handler.handleCallback(Handler.java:751)
04-07 16:00:35.970  6808  6808 E AndroidRuntime: 	at android.os.Handler.dispatchMessage(Handler.java:95)
04-07 16:00:35.970  6808  6808 E AndroidRuntime: 	at android.os.Looper.loop(Looper.java:154)
04-07 16:00:35.970  6808  6808 E AndroidRuntime: 	at android.app.ActivityThread.main(ActivityThread.java:6816)
04-07 16:00:35.970  6808  6808 E AndroidRuntime: 	at java.lang.reflect.Method.invoke(Native Method)
04-07 16:00:35.970  6808  6808 E AndroidRuntime: 	at com.android.internal.os.ZygoteInit$MethodAndArgsCaller.run(ZygoteInit.java:1565)
04-07 16:00:35.970  6808  6808 E AndroidRuntime: 	at com.android.internal.os.ZygoteInit.main(ZygoteInit.java:1453)
04-07 16:00:35.970  6808  6808 E AndroidRuntime: Caused by: rx.exceptions.OnErrorNotImplementedException
04-07 16:00:35.970  6808  6808 E AndroidRuntime: 	at rx.Observable$27.onError(SourceFile:7923)
04-07 16:00:35.970  6808  6808 E AndroidRuntime: 	at rx.observers.SafeSubscriber._onError(SourceFile:159)
04-07 16:00:35.970  6808  6808 E AndroidRuntime: 	at rx.observers.SafeSubscriber.onError(SourceFile:120)
04-07 16:00:35.970  6808  6808 E AndroidRuntime: 	at rx.observers.Subscribers$5.onError(SourceFile:225)
04-07 16:00:35.970  6808  6808 E AndroidRuntime: 	at rx.internal.operators.OperatorObserveOn$ObserveOnSubscriber.pollQueue(SourceFile:191)
04-07 16:00:35.970  6808  6808 E AndroidRuntime: 	at rx.internal.operators.OperatorObserveOn$ObserveOnSubscriber$2.call(SourceFile:162)
04-07 16:00:35.970  6808  6808 E AndroidRuntime: 	at rx.internal.schedulers.ScheduledAction.run(SourceFile:55)
04-07 16:00:35.970  6808  6808 E AndroidRuntime: 	... 7 more
04-07 16:00:35.970  6808  6808 E AndroidRuntime: Caused by: rx.exceptions.MissingBackpressureException
04-07 16:00:35.970  6808  6808 E AndroidRuntime: 	at rx.internal.operators.OperatorObserveOn$ObserveOnSubscriber.onNext(SourceFile:130)
04-07 16:00:35.970  6808  6808 E AndroidRuntime: 	at rx.internal.operators.OnSubscribeTimerPeriodically$1.call(SourceFile:52)
04-07 16:00:35.970  6808  6808 E AndroidRuntime: 	at rx.Scheduler$Worker$1.call(SourceFile:120)
04-07 16:00:35.970  6808  6808 E AndroidRuntime: 	at rx.internal.schedulers.ScheduledAction.run(SourceFile:55)
04-07 16:00:35.970  6808  6808 E AndroidRuntime: 	at java.util.concurrent.Executors$RunnableAdapter.call(Executors.java:428)
04-07 16:00:35.970  6808  6808 E AndroidRuntime: 	at java.util.concurrent.FutureTask.run(FutureTask.java:237)
04-07 16:00:35.970  6808  6808 E AndroidRuntime: 	at java.util.concurrent.ScheduledThreadPoolExecutor$ScheduledFutureTask.run(ScheduledThreadPoolExecutor.java:272)
04-07 16:00:35.970  6808  6808 E AndroidRuntime: 	at java.util.concurrent.ThreadPoolExecutor.runWorker(ThreadPoolExecutor.java:1133)
04-07 16:00:35.970  6808  6808 E AndroidRuntime: 	at java.util.concurrent.ThreadPoolExecutor$Worker.run(ThreadPoolExecutor.java:607)
04-07 16:00:35.970  6808  6808 E AndroidRuntime: 	at java.lang.Thread.run(Thread.java:762)
04-08 13:05:24.620 12418 13429 E AndroidRuntime: FATAL EXCEPTION: mqt_js
04-08 13:05:24.620 12418 13429 E AndroidRuntime: Process: com.mydocdbs, PID: 12418
04-08 13:05:24.620 12418 13429 E AndroidRuntime: java.lang.RuntimeException: com.facebook.react.devsupport.JSException: Unexpected token '//console.log('Failed to print error: ',r.message),e}})}r(o[7]).checkVersions(),u('Promise',function(){return r(o[8])}),u('regeneratorRuntime',function(){return delete e.regeneratorRuntime,r(o[9]),e.regeneratorRuntime});var f=function(e){u(e,function(){return r(o[10])[e]})};f('setTimeout'),f('setInterval'),f('setImmediate'),f('clearTimeout'),f('clearInterval'),f('clearImmediate'),f('requestAnimationFrame'),f('cancelAnimationFrame'),f('requestIdleCallback'),f('cancelIdleCallback'),u('XMLHttpRequest',function(){return r(o[11])}),u('FormData',function(){return r(o[12])}),u('fetch',function(){return r(o[13]).fetch}),u('Headers',function(){return r(o[13]).Headers}),u('Request',function(){return r(o[13]).Request}),u('Response',function(){return r(o[13]).Response}),u('WebSocket',function(){return r(o[14])}),u('Blob',function(){return r(o[15])}),u('URL',function(){return r(o[16])}),e.alert||(e.alert=function(e){r(o[17]).alert('Alert',''+e)});var d=e.navigator;void 0===d&&(e.navigator=d={}),l(d,'product',function(){return'ReactNative'}),l(d,'geolocation',function(){return r(o[18])});var g=r(o[19]);g.registerLazyCallableModule('Systrace',function(){return r(o[4])}),g.registerLazyCallableModule('JSTimers',function(){return r(o[10])}),g.registerLazyCallableModule('HeapCapture',function(){return r(o[20])}),g.registerLazyCallableModule('SamplingProfiler',function(){return r(o[21])}),g.registerLazyCallableModule('RCTLog',function(){return r(o[22])}),g.registerLazyCallableModule('RCTDeviceEventEmitter',function(){return r(o[23])}),g.registerLazyCallableModule('RCTNativeAppEventEmitter',function(){return r(o[24])}),g.registerLazyCallableModule('PerformanceLogger',function(){return r(o[25])}),e.fetchSegment=function(e,t){var n=r(o[26]).SegmentFetcher;if(!n)throw new Error("SegmentFetcher is missing. Please ensure that it is included as a NativeModule.");n.fetchSegment(e,function(e){if(e){var r=new Error(e.message);r.code=e.code,t(r)}t(null)})}},45,[33,46,47,51,24,52,23,56,58,63,27,64,75,76,78,79,86,87,89,21,92,93,94,34,95,96,20]);
04-08 13:05:24.620 12418 13429 E AndroidRuntime: '. Expected expression after 'throw'. (index.android.bundle:47)
04-08 13:05:24.620 12418 13429 E AndroidRuntime: 	at com.facebook.react.bridge.DefaultNativeModuleCallExceptionHandler.handleException(DefaultNativeModuleCallExceptionHandler.java:24)
04-08 13:05:24.620 12418 13429 E AndroidRuntime: 	at com.facebook.react.devsupport.DevSupportManagerImpl.handleException(DevSupportManagerImpl.java:274)
04-08 13:05:24.620 12418 13429 E AndroidRuntime: 	at com.facebook.react.bridge.CatalystInstanceImpl.onNativeException(CatalystInstanceImpl.java:501)
04-08 13:05:24.620 12418 13429 E AndroidRuntime: 	at com.facebook.react.bridge.CatalystInstanceImpl.access$900(CatalystInstanceImpl.java:40)
04-08 13:05:24.620 12418 13429 E AndroidRuntime: 	at com.facebook.react.bridge.CatalystInstanceImpl$NativeExceptionHandler.handleException(CatalystInstanceImpl.java:517)
04-08 13:05:24.620 12418 13429 E AndroidRuntime: 	at com.facebook.react.bridge.queue.MessageQueueThreadHandler.dispatchMessage(MessageQueueThreadHandler.java:33)
04-08 13:05:24.620 12418 13429 E AndroidRuntime: 	at android.os.Looper.loop(Looper.java:154)
04-08 13:05:24.620 12418 13429 E AndroidRuntime: 	at com.facebook.react.bridge.queue.MessageQueueThreadImpl$3.run(MessageQueueThreadImpl.java:194)
04-08 13:05:24.620 12418 13429 E AndroidRuntime: 	at java.lang.Thread.run(Thread.java:762)
04-08 13:05:24.621 12418 13429 E AndroidRuntime: Caused by: com.facebook.react.devsupport.JSException: Unexpected token '//console.log('Failed to print error: ',r.message),e}})}r(o[7]).checkVersions(),u('Promise',function(){return r(o[8])}),u('regeneratorRuntime',function(){return delete e.regeneratorRuntime,r(o[9]),e.regeneratorRuntime});var f=function(e){u(e,function(){return r(o[10])[e]})};f('setTimeout'),f('setInterval'),f('setImmediate'),f('clearTimeout'),f('clearInterval'),f('clearImmediate'),f('requestAnimationFrame'),f('cancelAnimationFrame'),f('requestIdleCallback'),f('cancelIdleCallback'),u('XMLHttpRequest',function(){return r(o[11])}),u('FormData',function(){return r(o[12])}),u('fetch',function(){return r(o[13]).fetch}),u('Headers',function(){return r(o[13]).Headers}),u('Request',function(){return r(o[13]).Request}),u('Response',function(){return r(o[13]).Response}),u('WebSocket',function(){return r(o[14])}),u('Blob',function(){return r(o[15])}),u('URL',function(){return r(o[16])}),e.alert||(e.alert=function(e){r(o[17]).alert('Alert',''+e)});var d=e.navigator;void 0===d&&(e.navigator=d={}),l(d,'product',function(){return'ReactNative'}),l(d,'geolocation',function(){return r(o[18])});var g=r(o[19]);g.registerLazyCallableModule('Systrace',function(){return r(o[4])}),g.registerLazyCallableModule('JSTimers',function(){return r(o[10])}),g.registerLazyCallableModule('HeapCapture',function(){return r(o[20])}),g.registerLazyCallableModule('SamplingProfiler',function(){return r(o[21])}),g.registerLazyCallableModule('RCTLog',function(){return r(o[22])}),g.registerLazyCallableModule('RCTDeviceEventEmitter',function(){return r(o[23])}),g.registerLazyCallableModule('RCTNativeAppEventEmitter',function(){return r(o[24])}),g.registerLazyCallableModule('PerformanceLogger',function(){return r(o[25])}),e.fetchSegment=function(e,t){var n=r(o[26]).SegmentFetcher;if(!n)throw new Error("SegmentFetcher is missing. Please ensure that it is included as a NativeModule.");n.fetchSegment(e,function(e){if(e){var r=new Error(e.message);r.code=e.code,t(r)}t(null)})}},45,[33,46,47,51,24,52,23,56,58,63,27,64,75,76,78,79,86,87,89,21,92,93,94,34,95,96,20]);
04-08 13:05:24.621 12418 13429 E AndroidRuntime: '. Expected expression after 'throw'. (index.android.bundle:47)
04-08 13:05:24.621 12418 13429 E AndroidRuntime: 	at com.facebook.react.bridge.queue.NativeRunnable.run(Native Method)
04-08 13:05:24.621 12418 13429 E AndroidRuntime: 	at android.os.Handler.handleCallback(Handler.java:751)
04-08 13:05:24.621 12418 13429 E AndroidRuntime: 	at android.os.Handler.dispatchMessage(Handler.java:95)
04-08 13:05:24.621 12418 13429 E AndroidRuntime: 	at com.facebook.react.bridge.queue.MessageQueueThreadHandler.dispatchMessage(MessageQueueThreadHandler.java:31)
04-08 13:05:24.621 12418 13429 E AndroidRuntime: 	... 3 more
04-08 13:05:24.621 12418 13429 E AndroidRuntime: Caused by: com.facebook.jni.CppException: Unexpected token '//console.log('Failed to print error: ',r.message),e}})}r(o[7]).checkVersions(),u('Promise',function(){return r(o[8])}),u('regeneratorRuntime',function(){return delete e.regeneratorRuntime,r(o[9]),e.regeneratorRuntime});var f=function(e){u(e,function(){return r(o[10])[e]})};f('setTimeout'),f('setInterval'),f('setImmediate'),f('clearTimeout'),f('clearInterval'),f('clearImmediate'),f('requestAnimationFrame'),f('cancelAnimationFrame'),f('requestIdleCallback'),f('cancelIdleCallback'),u('XMLHttpRequest',function(){return r(o[11])}),u('FormData',function(){return r(o[12])}),u('fetch',function(){return r(o[13]).fetch}),u('Headers',function(){return r(o[13]).Headers}),u('Request',function(){return r(o[13]).Request}),u('Response',function(){return r(o[13]).Response}),u('WebSocket',function(){return r(o[14])}),u('Blob',function(){return r(o[15])}),u('URL',function(){return r(o[16])}),e.alert||(e.alert=function(e){r(o[17]).alert('Alert',''+e)});var d=e.navigator;void 0===d&&(e.navigator=d={}),l(d,'product',function(){return'ReactNative'}),l(d,'geolocation',function(){return r(o[18])});var g=r(o[19]);g.registerLazyCallableModule('Systrace',function(){return r(o[4])}),g.registerLazyCallableModule('JSTimers',function(){return r(o[10])}),g.registerLazyCallableModule('HeapCapture',function(){return r(o[20])}),g.registerLazyCallableModule('SamplingProfiler',function(){return r(o[21])}),g.registerLazyCallableModule('RCTLog',function(){return r(o[22])}),g.registerLazyCallableModule('RCTDeviceEventEmitter',function(){return r(o[23])}),g.registerLazyCallableModule('RCTNativeAppEventEmitter',function(){return r(o[24])}),g.registerLazyCallableModule('PerformanceLogger',function(){return r(o[25])}),e.fetchSegment=function(e,t){var n=r(o[26]).SegmentFetcher;if(!n)throw new Error("SegmentFetcher is missing. Please ensure that it is included as a NativeModule.");n.fetchSegment(e,function(e){if(e){var r=new Error(e.message);r.code=e.code,t(r)}t(null)})}},45,[33,46,47,51,24,52,23,56,58,63,27,64,75,76,78,79,86,87,89,21,92,93,94,34,95,96,20]);
04-08 13:05:24.621 12418 13429 E AndroidRuntime: '. Expected expression after 'throw'. (index.android.bundle:47)
04-08 13:05:24.621 12418 13429 E AndroidRuntime: 	... 7 more
04-08 13:13:25.615 16469 16738 E AndroidRuntime: FATAL EXCEPTION: Camera SurfaceTextureHelper
04-08 13:13:25.615 16469 16738 E AndroidRuntime: Process: com.mydocdbs, PID: 16469
04-08 13:13:25.615 16469 16738 E AndroidRuntime: java.lang.RuntimeException: getParameters failed (empty parameters)
04-08 13:13:25.615 16469 16738 E AndroidRuntime: 	at android.hardware.Camera.native_getParameters(Native Method)
04-08 13:13:25.615 16469 16738 E AndroidRuntime: 	at android.hardware.Camera.getParameters(Camera.java:1952)
04-08 13:13:25.615 16469 16738 E AndroidRuntime: 	at org.webrtc.Camera1Session.create(Camera1Session.java:80)
04-08 13:13:25.615 16469 16738 E AndroidRuntime: 	at org.webrtc.Camera1Capturer.createCameraSession(Camera1Capturer.java:34)
04-08 13:13:25.615 16469 16738 E AndroidRuntime: 	at org.webrtc.CameraCapturer$5.run(CameraCapturer.java:289)
04-08 13:13:25.615 16469 16738 E AndroidRuntime: 	at android.os.Handler.handleCallback(Handler.java:751)
04-08 13:13:25.615 16469 16738 E AndroidRuntime: 	at android.os.Handler.dispatchMessage(Handler.java:95)
04-08 13:13:25.615 16469 16738 E AndroidRuntime: 	at android.os.Looper.loop(Looper.java:154)
04-08 13:13:25.615 16469 16738 E AndroidRuntime: 	at android.os.HandlerThread.run(HandlerThread.java:61)
04-08 16:06:12.195 30829 30829 E AndroidRuntime: FATAL EXCEPTION: main
04-08 16:06:12.195 30829 30829 E AndroidRuntime: Process: com.mydocdbs, PID: 30829
04-08 16:06:12.195 30829 30829 E AndroidRuntime: com.facebook.react.uimanager.IllegalViewOperationException: Trying to add unknown view tag: 2
04-08 16:06:12.195 30829 30829 E AndroidRuntime:  detail: View tag:8
04-08 16:06:12.195 30829 30829 E AndroidRuntime:   children(0): [
04-08 16:06:12.195 30829 30829 E AndroidRuntime:  ],
04-08 16:06:12.195 30829 30829 E AndroidRuntime:   viewsToAdd(1): [
04-08 16:06:12.195 30829 30829 E AndroidRuntime: [0,2],
04-08 16:06:12.195 30829 30829 E AndroidRuntime:  ],
04-08 16:06:12.195 30829 30829 E AndroidRuntime: 
04-08 16:06:12.195 30829 30829 E AndroidRuntime: 	at com.facebook.react.uimanager.NativeViewHierarchyManager.manageChildren(NativeViewHierarchyManager.java:394)
04-08 16:06:12.195 30829 30829 E AndroidRuntime: 	at com.facebook.react.uimanager.UIViewOperationQueue$ManageChildrenOperation.execute(UIViewOperationQueue.java:180)
04-08 16:06:12.195 30829 30829 E AndroidRuntime: 	at com.facebook.react.uimanager.UIViewOperationQueue$1.run(UIViewOperationQueue.java:819)
04-08 16:06:12.195 30829 30829 E AndroidRuntime: 	at com.facebook.react.uimanager.UIViewOperationQueue.flushPendingBatches(UIViewOperationQueue.java:926)
04-08 16:06:12.195 30829 30829 E AndroidRuntime: 	at com.facebook.react.uimanager.UIViewOperationQueue.access$2100(UIViewOperationQueue.java:47)
04-08 16:06:12.195 30829 30829 E AndroidRuntime: 	at com.facebook.react.uimanager.UIViewOperationQueue$DispatchUIFrameCallback.doFrameGuarded(UIViewOperationQueue.java:986)
04-08 16:06:12.195 30829 30829 E AndroidRuntime: 	at com.facebook.react.uimanager.GuardedFrameCallback.doFrame(GuardedFrameCallback.java:31)
04-08 16:06:12.195 30829 30829 E AndroidRuntime: 	at com.facebook.react.modules.core.ReactChoreographer$ReactChoreographerDispatcher.doFrame(ReactChoreographer.java:136)
04-08 16:06:12.195 30829 30829 E AndroidRuntime: 	at com.facebook.react.modules.core.ChoreographerCompat$FrameCallback$1.doFrame(ChoreographerCompat.java:107)
04-08 16:06:12.195 30829 30829 E AndroidRuntime: 	at android.view.Choreographer$CallbackRecord.run(Choreographer.java:928)
04-08 16:06:12.195 30829 30829 E AndroidRuntime: 	at android.view.Choreographer.doCallbacks(Choreographer.java:705)
04-08 16:06:12.195 30829 30829 E AndroidRuntime: 	at android.view.Choreographer.doFrame(Choreographer.java:637)
04-08 16:06:12.195 30829 30829 E AndroidRuntime: 	at android.view.Choreographer$FrameDisplayEventReceiver.run(Choreographer.java:916)
04-08 16:06:12.195 30829 30829 E AndroidRuntime: 	at android.os.Handler.handleCallback(Handler.java:751)
04-08 16:06:12.195 30829 30829 E AndroidRuntime: 	at android.os.Handler.dispatchMessage(Handler.java:95)
04-08 16:06:12.195 30829 30829 E AndroidRuntime: 	at android.os.Looper.loop(Looper.java:154)
04-08 16:06:12.195 30829 30829 E AndroidRuntime: 	at android.app.ActivityThread.main(ActivityThread.java:6816)
04-08 16:06:12.195 30829 30829 E AndroidRuntime: 	at java.lang.reflect.Method.invoke(Native Method)
04-08 16:06:12.195 30829 30829 E AndroidRuntime: 	at com.android.internal.os.ZygoteInit$MethodAndArgsCaller.run(ZygoteInit.java:1565)
04-08 16:06:12.195 30829 30829 E AndroidRuntime: 	at com.android.internal.os.ZygoteInit.main(ZygoteInit.java:1453)
04-08 16:06:41.795  4003  4003 E AndroidRuntime: FATAL EXCEPTION: main
04-08 16:06:41.795  4003  4003 E AndroidRuntime: Process: com.mydocdbs, PID: 4003
04-08 16:06:41.795  4003  4003 E AndroidRuntime: com.facebook.react.uimanager.IllegalViewOperationException: Trying to add unknown view tag: 2
04-08 16:06:41.795  4003  4003 E AndroidRuntime:  detail: View tag:8
04-08 16:06:41.795  4003  4003 E AndroidRuntime:   children(0): [
04-08 16:06:41.795  4003  4003 E AndroidRuntime:  ],
04-08 16:06:41.795  4003  4003 E AndroidRuntime:   viewsToAdd(1): [
04-08 16:06:41.795  4003  4003 E AndroidRuntime: [0,2],
04-08 16:06:41.795  4003  4003 E AndroidRuntime:  ],
04-08 16:06:41.795  4003  4003 E AndroidRuntime: 
04-08 16:06:41.795  4003  4003 E AndroidRuntime: 	at com.facebook.react.uimanager.NativeViewHierarchyManager.manageChildren(NativeViewHierarchyManager.java:394)
04-08 16:06:41.795  4003  4003 E AndroidRuntime: 	at com.facebook.react.uimanager.UIViewOperationQueue$ManageChildrenOperation.execute(UIViewOperationQueue.java:180)
04-08 16:06:41.795  4003  4003 E AndroidRuntime: 	at com.facebook.react.uimanager.UIViewOperationQueue$1.run(UIViewOperationQueue.java:819)
04-08 16:06:41.795  4003  4003 E AndroidRuntime: 	at com.facebook.react.uimanager.UIViewOperationQueue.flushPendingBatches(UIViewOperationQueue.java:926)
04-08 16:06:41.795  4003  4003 E AndroidRuntime: 	at com.facebook.react.uimanager.UIViewOperationQueue.access$2100(UIViewOperationQueue.java:47)
04-08 16:06:41.795  4003  4003 E AndroidRuntime: 	at com.facebook.react.uimanager.UIViewOperationQueue$DispatchUIFrameCallback.doFrameGuarded(UIViewOperationQueue.java:986)
04-08 16:06:41.795  4003  4003 E AndroidRuntime: 	at com.facebook.react.uimanager.GuardedFrameCallback.doFrame(GuardedFrameCallback.java:31)
04-08 16:06:41.795  4003  4003 E AndroidRuntime: 	at com.facebook.react.modules.core.ReactChoreographer$ReactChoreographerDispatcher.doFrame(ReactChoreographer.java:136)
04-08 16:06:41.795  4003  4003 E AndroidRuntime: 	at com.facebook.react.modules.core.ChoreographerCompat$FrameCallback$1.doFrame(ChoreographerCompat.java:107)
04-08 16:06:41.795  4003  4003 E AndroidRuntime: 	at android.view.Choreographer$CallbackRecord.run(Choreographer.java:928)
04-08 16:06:41.795  4003  4003 E AndroidRuntime: 	at android.view.Choreographer.doCallbacks(Choreographer.java:705)
04-08 16:06:41.795  4003  4003 E AndroidRuntime: 	at android.view.Choreographer.doFrame(Choreographer.java:637)
04-08 16:06:41.795  4003  4003 E AndroidRuntime: 	at android.view.Choreographer$FrameDisplayEventReceiver.run(Choreographer.java:916)
04-08 16:06:41.795  4003  4003 E AndroidRuntime: 	at android.os.Handler.handleCallback(Handler.java:751)
04-08 16:06:41.795  4003  4003 E AndroidRuntime: 	at android.os.Handler.dispatchMessage(Handler.java:95)
04-08 16:06:41.795  4003  4003 E AndroidRuntime: 	at android.os.Looper.loop(Looper.java:154)
04-08 16:06:41.795  4003  4003 E AndroidRuntime: 	at android.app.ActivityThread.main(ActivityThread.java:6816)
04-08 16:06:41.795  4003  4003 E AndroidRuntime: 	at java.lang.reflect.Method.invoke(Native Method)
04-08 16:06:41.795  4003  4003 E AndroidRuntime: 	at com.android.internal.os.ZygoteInit$MethodAndArgsCaller.run(ZygoteInit.java:1565)
04-08 16:06:41.795  4003  4003 E AndroidRuntime: 	at com.android.internal.os.ZygoteInit.main(ZygoteInit.java:1453)
04-08 17:36:24.921  9809 20077 E AndroidRuntime: FATAL EXCEPTION: Thread-191
04-08 17:36:24.921  9809 20077 E AndroidRuntime: Process: com.mydocdbs, PID: 9809
04-08 17:36:24.921  9809 20077 E AndroidRuntime: java.lang.OutOfMemoryError: Could not allocate JNI Env
04-08 17:36:24.921  9809 20077 E AndroidRuntime: 	at java.lang.Thread.nativeCreate(Native Method)
04-08 17:36:24.921  9809 20077 E AndroidRuntime: 	at java.lang.Thread.start(Thread.java:731)
04-08 17:36:24.921  9809 20077 E AndroidRuntime: 	at com.facebook.react.bridge.queue.MessageQueueThreadImpl.startNewBackgroundThread(MessageQueueThreadImpl.java:197)
04-08 17:36:24.921  9809 20077 E AndroidRuntime: 	at com.facebook.react.bridge.queue.MessageQueueThreadImpl.create(MessageQueueThreadImpl.java:146)
04-08 17:36:24.921  9809 20077 E AndroidRuntime: 	at com.facebook.react.bridge.queue.ReactQueueConfigurationImpl.create(ReactQueueConfigurationImpl.java:80)
04-08 17:36:24.921  9809 20077 E AndroidRuntime: 	at com.facebook.react.bridge.CatalystInstanceImpl.<init>(CatalystInstanceImpl.java:107)
04-08 17:36:24.921  9809 20077 E AndroidRuntime: 	at com.facebook.react.bridge.CatalystInstanceImpl.<init>(CatalystInstanceImpl.java:40)
04-08 17:36:24.921  9809 20077 E AndroidRuntime: 	at com.facebook.react.bridge.CatalystInstanceImpl$Builder.build(CatalystInstanceImpl.java:590)
04-08 17:36:24.921  9809 20077 E AndroidRuntime: 	at com.facebook.react.ReactInstanceManager.createReactContext(ReactInstanceManager.java:1124)
04-08 17:36:24.921  9809 20077 E AndroidRuntime: 	at com.facebook.react.ReactInstanceManager.access$900(ReactInstanceManager.java:113)
04-08 17:36:24.921  9809 20077 E AndroidRuntime: 	at com.facebook.react.ReactInstanceManager$5.run(ReactInstanceManager.java:944)
04-08 17:36:24.921  9809 20077 E AndroidRuntime: 	at java.lang.Thread.run(Thread.java:762)
--------- beginning of main
04-08 17:51:20.487 25230 25230 D [WeatherWidget(15311)]  : {[A1AF0F6A1A65A89C43D705938923D0FE0259CBA56E4484DDAF167EE897E0098DE850AA1CD21F02772909809D64B9BF9AE6E5F7F21958CF0F4DB66F85A12726FEE19193887DE34CC8721448847A3C2B4068CB863C2DDFF9DD5A7D60E34A41E326E846CDDBB00B577D4E64395F6A69AB20]}
04-08 17:51:20.493  2653  4064 I Sensors : ProximitySensor:setDelay: handle 3, delay 20000000 ns
04-08 17:51:20.494  2653  4064 E Sensors : ProximitySensor:setDelay: open failed -2(No such file or directory)
04-08 17:51:20.494  2653  4064 I Sensors : ProximitySensor:enable: handle 3, en 1, old_en 0
04-08 17:51:20.500 25230 25230 D [WeatherWidget(15311)]  WeatherService: {[44BE909F148A112BE24DB9207B7094FC3FC96DDEE23640287DA5ACAB1D582780247AD6051A6DEB776FBEE4CC777897AD]}
04-08 17:51:20.511  2653  2735 I Sensors : ProximitySensor:readEvents: value 8(cm)
04-08 17:51:20.511  2919  2919 D SensorManager: registerListener :: 3, 20000, 0,  
04-08 17:51:20.511  2919  2919 D SensorManager: Proximity, val = 8.0  [far]
04-08 17:51:20.512 25230 25230 W Settings: Setting data_roaming has moved from android.provider.Settings.Secure to android.provider.Settings.Global.
04-08 17:51:20.514  2919  2919 D KeyguardUpdateMonitor: received broadcast android.intent.action.BATTERY_CHANGED, #start
04-08 17:51:20.514 25230 25230 D [WeatherWidget(15311)]  RoamingUtil: {[D5984B6ED8EBD0D73FB67FEB395BAAC73F219977E266B99BFD20FE5B7E3463847E3B63D34100EA2FDE5D491F7660E834A2A9AD218147FD115946E436C65F289F]}
04-08 17:51:20.514  2919  2919 D KeyguardUpdateMonitor: received broadcast android.intent.action.BATTERY_CHANGED, #end
04-08 17:51:20.515  2919  2919 D PowerUI : showing power sharing dialogfalse
04-08 17:51:20.515  2919  2919 D PowerUI : priorPlugType = 2 mPlugType =  2
04-08 17:51:20.516  2919  2919 D BatteryMeterDrawable: isSomethingChanged - false
04-08 17:51:20.517 25230 25230 D [WeatherWidget(15311)]  DB L2: {[610591C4E30FED4A153FF198DAC84EFEE3319B0D622FD4A19809E90ED3C1398368D658B139FCCB8B9564F5B4E9CB634E7B115DF2321AC53F1DC88A2A5F398568]}
04-08 17:51:20.517  2919  2919 D BatteryMeterDrawable: isSomethingChanged - false
04-08 17:51:20.518 25230 25230 D [WeatherWidget(15311)]  : {[E9BDC1AC9F9B078A92B3F309630276C89F9B6E52C087A495B97355481F2FDE5BB5CA68D930EF37FBAC9AD97DB5922F3E614D17E6B33C3EC6B4A375DD631A428A]}
04-08 17:51:20.518  2919  2919 D BatteryController: onReceive - ACTION_BATTERY_CHANGED : mLevel = 100
04-08 17:51:20.519 25230 25230 D [WeatherWidget(15311)]  DB L2: {[610591C4E30FED4A153FF198DAC84EFE1A65FB0EE8B7C5763A9CB231BC13495C3914C78DEB3E3844BDB3328DEE027C3F7279A0217246C3FBCF930F83832B49BC]}
04-08 17:51:20.523 25230 25230 D [WeatherWidget(15311)]  DB L2: {[610591C4E30FED4A153FF198DAC84EFEE3319B0D622FD4A19809E90ED3C1398368D658B139FCCB8B9564F5B4E9CB634EA1D1C943B18A36527B1F6EB4E5E7BAD5]}
04-08 17:51:20.524 25230 25230 D [WeatherWidget(15311)]  : {[E9BDC1AC9F9B078A92B3F309630276C89F9B6E52C087A495B97355481F2FDE5BB5CA68D930EF37FBAC9AD97DB5922F3E614D17E6B33C3EC6B4A375DD631A428A]}
04-08 17:51:20.525  2653  2735 D SensorService: [SO] currT = 761667260367694, prevT = 761647978429847, diff = 19281937847, [0.292 0.620 9.655]
04-08 17:51:20.536  2653  2653 D SamsungPhoneWindowManager: ACTION_BATTERY_CHANGED - Level :: 100, battStatus :: 5
04-08 17:51:20.537 25230 25230 D [WeatherWidget(15311)]  WeatherService: {[F5837F4AEE74F4A0BE2DA219DB849335AC844132A27F7E9558B895993478445D824C44593A3BF3C3C1CAD6DADF4C6AE155B65779873DB0491297849FAA8FDFAD]}
04-08 17:51:20.543  2919  3103 D NetworkController.MobileSignalController(0/1): onDataActivity: direction=0
04-08 17:51:20.544 25230 25230 D [WeatherWidget(15311)]  WeatherService: {[EC3334F14841398C8B464A72D0E61AB7C19CA34DF69EC42A7BD50FF01EB06E70CB5057E333274446F281A2D0E6349EA2]}
04-08 17:51:20.547 25230 25230 D [WeatherWidget(15311)]  WeatherAppWidget: {[9C41A2EAFAAB2EF4F8363256C22FE8ADE74F100B9CC487BE27E8F8A137E768022F3D75E4272B69C004B1ABF10C0F2210143AA65B58B0C7B8B0AA82129EA61300ACE1FEEB8AE1B3C007EB73257700FEB4C83357904C34359E6B7F99DFAFFAE5B5ED5A5635FC04D229F5EEB63A6D89559EBE95942ABBCB979FCA0BD97B1C2A838A]}
04-08 17:51:20.547  2653  2833 W System.err: java.io.FileNotFoundException: /sys/class/mdnie/mdnie/scenario (No such file or directory)
04-08 17:51:20.547  2653  2833 W System.err: 	at java.io.FileInputStream.open(Native Method)
04-08 17:51:20.547  2653  2833 W System.err: 	at java.io.FileInputStream.<init>(FileInputStream.java:146)
04-08 17:51:20.547  2653  2833 W System.err: 	at com.samsung.android.displaysolution.MdnieScenarioControlService.getStringFromFile(MdnieScenarioControlService.java:1671)
04-08 17:51:20.547  2653  2833 W System.err: 	at com.samsung.android.displaysolution.MdnieScenarioControlService.setUIMode(MdnieScenarioControlService.java:1059)
04-08 17:51:20.547  2653  2833 W System.err: 	at com.samsung.android.displaysolution.MdnieScenarioControlService.-wrap14(MdnieScenarioControlService.java)
04-08 17:51:20.547  2653  2833 W System.err: 	at com.samsung.android.displaysolution.MdnieScenarioControlService$MSCSControlHandler.handleMessage(MdnieScenarioControlService.java:1036)
04-08 17:51:20.548  2653  2833 W System.err: 	at android.os.Handler.dispatchMessage(Handler.java:102)
04-08 17:51:20.548  2653  2833 W System.err: 	at android.os.Looper.loop(Looper.java:154)
04-08 17:51:20.548  2653  2833 W System.err: 	at android.os.HandlerThread.run(HandlerThread.java:61)
04-08 17:51:20.550  2919  3103 D NetworkController.MobileSignalController(0/1): onDataActivity: direction=0
04-08 17:51:20.550 25230 25230 D [WeatherWidget(15311)]  : {[6002C44AFB8B8A7E8476445AF05D525CE2C157D06901632F47E42813CC40FF36]}
04-08 17:51:20.552 25230 25230 D [WeatherWidget(15311)]  : {[7A86C4DBC69A38062FE6912BBB44ECD7BCAED79802B300B26399B5A01D2D5D6D7F9DC2BEA7027404EBC517C6F6A754389C109D3353A7AC05D2862F33154276A7C7418D51A9F3E6565E1A59246F0637318531E5C28320597402E3439A6159343CEB9D1BA6437F24E34E8C7E5B149B9C28]}
04-08 17:51:20.553 25230 25230 D [WeatherWidget(15311)]  ConnectivityReceiver: {[8E9CEEBB4FA5730BE17E1F2CB9E366CF50EC62EA054297E5426D68FE61E03F7CB63D06B4FC0A78A26416AA7E048F840EFBC21D921AABB61599A4C4654ABE1206043CF566A086A1148D0FC76C5AA3DFC0]}
04-08 17:51:20.554 25230 25230 D [WeatherWidget(15311)]  ConnectivityReceiver: {[8E9CEEBB4FA5730BE17E1F2CB9E366CF006507037EF1FC27CFA959C112FA7F2D1F670CE973374D2DC76D44F7D5EE5AC4ACC17241AE6937FB763E957545037025]}
04-08 17:51:20.556  2653  3338 I SemPersonaManager: mKnoxInfo is empty
04-08 17:51:20.558  3299  3319 D EPDG -- [EPDGService]: onDataActivity: direction=4
04-08 17:51:20.558  2919  3103 D NetworkController.MobileSignalController(1/2): onDataActivity: direction=4
04-08 17:51:20.565 25230 25230 D [WeatherWidget(15311)]  WeatherAppWidget2x1: {[9C41A2EAFAAB2EF4F8363256C22FE8AD24D3616384EBEB10D68DCF98DD19E13C8DAEC659FCF79C4F6DA3AFAC23ED58EA3D4378042F5849EE7FB8C870D83CEAC0FF8D7CB56B4EBFCE49B698FEAD4F8865221971923C18F12719644D45976617AED33BB6A15515C3F60A8531A75A13C2AF7D95698B2F985693F00ECCAE55872FE3]}
04-08 17:51:20.567  3299  3319 D EPDG -- [EPDGService]: onDataActivity: direction=4
04-08 17:51:20.567  2919  3103 D NetworkController.MobileSignalController(1/2): onDataActivity: direction=4
04-08 17:51:20.568  2653  4069 I SemPersonaManager: mKnoxInfo is empty
04-08 17:51:20.570 25230 25230 D [WeatherWidget(15311)]  : {[E0434CD2D2EB0C48D1C36618EC9170E4E4727972BBA1004D693B30DB551974EC1295C623243126BD5D1AE762F806F9CA5CF72395B866132E0D57A58C75248FFE]}
04-08 17:51:20.571 25230 25230 D [WeatherWidget(15311)]  WeatherAppWidget2x1: {[9C41A2EAFAAB2EF4F8363256C22FE8AD176C2E70281622FE10C55CE4F020D91847EBF4B34973709DA9F468F8024D59099B1123845E09A0FAC59473FA9ED60953]}
04-08 17:51:20.592  2893  2893 D PhoneApp: PhoneAppBroadcastReceiver onReceive android.intent.action.ANY_DATA_STATE
04-08 17:51:20.594  2893  2893 D NetworkUIGlobals: PhoneAppBroadcastReceiver onReceive android.intent.action.ANY_DATA_STATE
04-08 17:51:20.596  2893  2893 D ReflectUtil: getPhoneId is called
04-08 17:51:20.596  2893  2893 D NetworkUIGlobals: mReceiver: ACTION_ANY_DATA_CONNECTION_STATE_CHANGED
04-08 17:51:20.596  2893  2893 D NetworkUIGlobals: - state: CONNECTED apnType= ims
04-08 17:51:20.596  2893  2893 D NetworkUIGlobals: - reason: SCREEN_ON
04-08 17:51:20.597  2893  2893 D NetworkUIGlobals: - subId: 2
04-08 17:51:20.597  2893  2893 D NetworkUIGlobals: - phoneId: 1
04-08 17:51:20.597  2893  2893 I NetworkProxy: getPhoneCount : 2
04-08 17:51:20.597  2893  2893 I NetworkProxy: isValidPhoneId : true
04-08 17:51:20.597  2893  2893 D NetworkUIGlobals: ACTION_ANY_DATA_CONNECTION_STATE_CHANGED : not default APN
04-08 17:51:20.604 10329 10329 D MemorySaver:  Received DataChangedReceiver:-> android.intent.action.ANY_DATA_STATE
04-08 17:51:20.608 10329 10329 D MemorySaver:  Received isNetworkConnected:-> true
04-08 17:51:20.634  2653  2687 D GnssLocationProvider: receive broadcast intent, action: android.intent.action.SCREEN_ON
04-08 17:51:20.639  3299  3319 D EPDG -- [EPDGService]: SCREEN ON intent received
04-08 17:51:20.639  3299  3319 D EPDG -- [EPDGService]: getIsSimCardRemoved: returning: false
04-08 17:51:20.639  3299  3319 D EPDG -- [EPDGService]: Event received: SCREEN_ON
04-08 17:51:20.640  3299  3319 D EPDG -- [EPDGService]: handleMessage: cid - 0
04-08 17:51:20.640  3299  3319 D EPDG -- [EPDGService]: SCREEN_ON event received
04-08 17:51:20.643  3205  3485 D VolteServiceModule: onSreenOnOffChanged: on =1
04-08 17:51:20.644  3205  3485 D StackIF : updateScreenOnOff: on 1
04-08 17:51:20.647  3205  3478 D StackIF.Sender: handleMessage: what 1
04-08 17:51:20.647  3205  3478 D SECIMSJ : [2651]> REQUEST_UPDATE_COMMON_CONFIG
04-08 17:51:20.648  2138  2261 E [IMS6.0]: ImsEventLoop: select (1), errno (11)
04-08 17:51:20.648  2138  2261 I [IMS6.0]: DispatchUpdateCommonConfig()
04-08 17:51:20.648  2138  2273 E [IMS6.0]: IMS_onResponse() Resp Id:101
04-08 17:51:20.648  2138  2273 I [IMS6.0]: ResponseGeneralResponse()
04-08 17:51:20.648  2138  2273 I [IMS6.0]: ResponseGeneralResponse() handle:0
04-08 17:51:20.649  3205  3479 D SECIMSJ : [2651]< REQUEST_UPDATE_COMMON_CONFIG
04-08 17:51:20.649  3205  3479 D StackIF : processResponse: reqId 2
04-08 17:51:20.649  3205  3479 D StackIF : processResponse: handle 0 result REQUEST_SUCCESS reason REASON_NO_ERROR
04-08 17:51:20.658  2155  2699 D EnterpriseController: netId is 0
04-08 17:51:20.659  2155  2699 D DnsProxyListener: DNSDBG::dns addrinfo af 2
04-08 17:51:20.691  5856  5856 I SKBD    : wz SKBD mScreenUnlockReceiver - start
04-08 17:51:20.691  5856  5856 I SKBD    : wz SKBD mScreenUnlockReceiver - end
04-08 17:51:20.694  2653  4060 D SecContentProvider: query(), uri = 16 selection = isLockScreenEnabled
04-08 17:51:20.705  6777  6777 V BeaconManager[7.1.20.0]: BleScanHelper.startBleScan - startBleScan
04-08 17:51:20.707  6777  6777 D BluetoothAdapter: STATE_BLE_ON
04-08 17:51:20.707  6777  6794 D BeaconManager[7.1.20.0]: BleScanHelper.MSG_CALL_START_LESCAN - isFilterScanFailed/discovering:false/false
04-08 17:51:20.708  6777  6794 D BluetoothAdapter: STATE_BLE_ON
04-08 17:51:20.709  6777  6777 I BeaconManager[7.1.20.0]: BeaconManager.onReceive - receive Action : android.intent.action.SCREEN_ON
04-08 17:51:20.709  6777  6794 D BluetoothAdapter: STATE_BLE_ON
04-08 17:51:20.709  6777  6792 I BeaconManager[7.1.20.0]: BeaconManager.BeaconManagerWorkHandler - android.intent.action.SCREEN_ON
04-08 17:51:20.709  6777  6792 D BeaconManager[7.1.20.0]: BeaconManager.BeaconManagerWorkHandler - mScreenObserver action:android.intent.action.SCREEN_ON
04-08 17:51:20.709  6777  6792 D BeaconManager[7.1.20.0]: AppControlManager.screenOnIntentReceived - start
04-08 17:51:20.709  6777  6792 D BeaconManager[7.1.20.0]: AppControlManager.screenOnIntentReceived - end
04-08 17:51:20.709  6777  6792 D BeaconManager[7.1.20.0]: EasySetupManager.screenOnIntentReceived - start
04-08 17:51:20.709  6777  6792 D BeaconManager[7.1.20.0]: EasySetupManager.screenOnIntentReceived - end
04-08 17:51:20.709  6777  6792 I BeaconManager[7.1.20.0]: BeaconManager.BeaconManagerWorkHandler - BroadcastReceiver onReceive end
04-08 17:51:20.711  6777  6794 D BluetoothAdapter: appoCount is = 0
04-08 17:51:20.711  6777  6794 I BeaconManager[7.1.20.0]: BleScanHelper.MSG_CALL_START_LESCAN - all scan:false
04-08 17:51:20.712  6777  6794 I BeaconManager[7.1.20.0]: BleScanHelper.directStopLeScan - call BleScanner.stopScan()
04-08 17:51:20.712  6777  6794 D BluetoothAdapter: STATE_BLE_ON
04-08 17:51:20.713  6777  6794 D BluetoothAdapter: appoCount is = 0
04-08 17:51:20.716  6897  6897 D BtGatt.GattService: LCD turned on
04-08 17:51:20.717  6777  6794 D BluetoothAdapter: STATE_BLE_ON
04-08 17:51:20.717  6777  6794 D BluetoothLeScanner: could not find callback wrapper
04-08 17:51:20.717  6777  6794 I BeaconManager[7.1.20.0]: BleScanHelper.startBleScan - Start full Scan(SCREEN_ON)
04-08 17:51:20.717  6777  6794 D BeaconManager[7.1.20.0]: BleScanHelper.getMyScanPreferences - interval:3120, window:160
04-08 17:51:20.718  6777  6794 D BluetoothLeScanner: Start Scan
04-08 17:51:20.719  6777  6794 D BluetoothAdapter: STATE_BLE_ON
04-08 17:51:20.719  6777  6794 D BluetoothAdapter: appoCount is = 0
04-08 17:51:20.720  6777  6794 D BluetoothAdapter: STATE_BLE_ON
04-08 17:51:20.721  2653  4067 I SemPersonaManager: mKnoxInfo is empty
04-08 17:51:20.722  6777  6794 D BluetoothAdapter: STATE_BLE_ON
04-08 17:51:20.723  6777  6794 D BluetoothAdapter: STATE_BLE_ON
04-08 17:51:20.724  6777  6794 D BluetoothAdapter: appoCount is = 0
04-08 17:51:20.727  6897  6910 D BtGatt.GattService: registerClient() - UUID=ae7024ad-1e86-4afa-9200-db8b1e89b54b
04-08 17:51:20.763  2653  2789 E wifi    : wifi_get_supported_feature_set returned error = 0xffffffa1
04-08 17:51:20.791  2653  2735 D SensorService: [SO] 0.302 0.656 9.656
04-08 17:51:20.829  6897  6961 D BtGatt.GattService: onClientRegistered() - UUID=ae7024ad-1e86-4afa-9200-db8b1e89b54b, clientIf=4, status=0
04-08 17:51:20.830  6777  6788 D BluetoothLeScanner: onClientRegistered() - status=0 clientIf=4 mClientIf=0
04-08 17:51:20.832  6897  6909 D BluetoothAdapter: STATE_BLE_ON
04-08 17:51:20.833  6897  6909 D BluetoothAdapter: appoCount is = 0
04-08 17:51:20.834  6897  6909 D BluetoothAdapter: STATE_BLE_ON
04-08 17:51:20.835  6897  6909 D BtGatt.GattService: getScanSettings() Packgage: com.samsung.android.beaconmanager, isForeground: false, scanMode: 100
04-08 17:51:20.837  6897  6991 E BtGatt.GattService: [GSIM LOG]: gsimLogHandler: android.uid.bcmgr, msg: MESSAGE_START_SCAN
04-08 17:51:20.839  6897  6990 D BtGatt.ScanManager: handling starting scan
04-08 17:51:20.840  6897  6990 D BluetoothAdapter: STATE_BLE_ON
04-08 17:51:20.840  6897  6990 D BluetoothAdapter: STATE_BLE_ON
